Archive member included to satisfy reference by file (symbol)

D:/SEGGER/SEGGER Embedded Studio for ARM 4.30/lib/libc_v7em_fpv4_sp_d16_hard_t_le_eabi.a(libc_asm.o)
                              Output/status_pca10040 Debug/Obj/bsp.o (__aeabi_uldivmod)
D:/SEGGER/SEGGER Embedded Studio for ARM 4.30/lib/libc_v7em_fpv4_sp_d16_hard_t_le_eabi.a(libc2.o)
                              Output/status_pca10040 Debug/Obj/nrf_log_str_formatter.o (isprint)
D:/SEGGER/SEGGER Embedded Studio for ARM 4.30/lib/libc_v7em_fpv4_sp_d16_hard_t_le_eabi.a(libc2_asm.o)
                              Output/status_pca10040 Debug/Obj/nrf_log_frontend.o (memcpy)
D:/SEGGER/SEGGER Embedded Studio for ARM 4.30/lib/libc_v7em_fpv4_sp_d16_hard_t_le_eabi.a(libc.o)
                              D:/SEGGER/SEGGER Embedded Studio for ARM 4.30/lib/libc_v7em_fpv4_sp_d16_hard_t_le_eabi.a(libc2.o) (__heap_lock)
D:/SEGGER/SEGGER Embedded Studio for ARM 4.30/lib/libdebugio_v7em_fpv4_sp_d16_hard_t_le_eabi.a(libdebugio.o)
                              Output/status_pca10040 Debug/Obj/thumb_crt0.o (debug_fopen)
D:/SEGGER/SEGGER Embedded Studio for ARM 4.30/lib/libdebugio_mempoll_v7em_fpv4_sp_d16_hard_t_le_eabi.a(mempoll_debug_operations.o)
                              D:/SEGGER/SEGGER Embedded Studio for ARM 4.30/lib/libdebugio_v7em_fpv4_sp_d16_hard_t_le_eabi.a(libdebugio.o) (__do_debug_operation)
D:/SEGGER/SEGGER Embedded Studio for ARM 4.30/lib/libdebugio_mempoll_v7em_fpv4_sp_d16_hard_t_le_eabi.a(do_nv_debug_operation.o)
                              D:/SEGGER/SEGGER Embedded Studio for ARM 4.30/lib/libdebugio_v7em_fpv4_sp_d16_hard_t_le_eabi.a(libdebugio.o) (__do_nvdebug_operation)
D:/SEGGER/SEGGER Embedded Studio for ARM 4.30/lib/libm_v7em_fpv4_sp_d16_hard_t_le_eabi.a(libm_asm.o)
                              D:/SEGGER/SEGGER Embedded Studio for ARM 4.30/lib/libc_v7em_fpv4_sp_d16_hard_t_le_eabi.a(libc2.o) (__aeabi_dadd)
D:/SEGGER/SEGGER Embedded Studio for ARM 4.30/lib/libm_v7em_fpv4_sp_d16_hard_t_le_eabi.a(libm2.o)
                              D:/SEGGER/SEGGER Embedded Studio for ARM 4.30/lib/libvfprintf_v7em_fpv4_sp_d16_hard_t_le_eabi.o (frexp)

Discarded input sections

 .text          0x0000000000000000        0x0 Output/status_pca10040 Debug/Obj/thumb_crt0.o
 .data          0x0000000000000000        0x0 Output/status_pca10040 Debug/Obj/thumb_crt0.o
 .bss           0x0000000000000000        0x0 Output/status_pca10040 Debug/Obj/thumb_crt0.o
 .text.__aeabi_read_tp
                0x0000000000000000        0x8 Output/status_pca10040 Debug/Obj/thumb_crt0.o
 .text.abort    0x0000000000000000        0x2 Output/status_pca10040 Debug/Obj/thumb_crt0.o
 .text.__assert
                0x0000000000000000        0x2 Output/status_pca10040 Debug/Obj/thumb_crt0.o
 .text.__aeabi_assert
                0x0000000000000000        0x2 Output/status_pca10040 Debug/Obj/thumb_crt0.o
 .text.__sync_synchronize
                0x0000000000000000        0x2 Output/status_pca10040 Debug/Obj/thumb_crt0.o
 .text.__getchar
                0x0000000000000000        0x4 Output/status_pca10040 Debug/Obj/thumb_crt0.o
 .text.__putchar
                0x0000000000000000        0x4 Output/status_pca10040 Debug/Obj/thumb_crt0.o
 .text.__open   0x0000000000000000        0x4 Output/status_pca10040 Debug/Obj/thumb_crt0.o
 .text.__close  0x0000000000000000        0x4 Output/status_pca10040 Debug/Obj/thumb_crt0.o
 .text.__write  0x0000000000000000        0xa Output/status_pca10040 Debug/Obj/thumb_crt0.o
 .text.__read   0x0000000000000000        0xa Output/status_pca10040 Debug/Obj/thumb_crt0.o
 .text.__seek   0x0000000000000000       0x1a Output/status_pca10040 Debug/Obj/thumb_crt0.o
 .bss.__user_locale_name_buffer
                0x0000000000000000        0x4 Output/status_pca10040 Debug/Obj/thumb_crt0.o
 .stack         0x0000000000000000        0x0 Output/status_pca10040 Debug/Obj/thumb_crt0.o
 .stack_process
                0x0000000000000000        0x0 Output/status_pca10040 Debug/Obj/thumb_crt0.o
 .heap          0x0000000000000000        0x0 Output/status_pca10040 Debug/Obj/thumb_crt0.o
 .group         0x0000000000000000        0xc Output/status_pca10040 Debug/Obj/nrf_log_backend_rtt.o
 .group         0x0000000000000000        0xc Output/status_pca10040 Debug/Obj/nrf_log_backend_rtt.o
 .group         0x0000000000000000        0xc Output/status_pca10040 Debug/Obj/nrf_log_backend_rtt.o
 .group         0x0000000000000000        0xc Output/status_pca10040 Debug/Obj/nrf_log_backend_rtt.o
 .group         0x0000000000000000        0xc Output/status_pca10040 Debug/Obj/nrf_log_backend_rtt.o
 .group         0x0000000000000000        0xc Output/status_pca10040 Debug/Obj/nrf_log_backend_rtt.o
 .group         0x0000000000000000        0xc Output/status_pca10040 Debug/Obj/nrf_log_backend_rtt.o
 .group         0x0000000000000000        0xc Output/status_pca10040 Debug/Obj/nrf_log_backend_rtt.o
 .group         0x0000000000000000        0xc Output/status_pca10040 Debug/Obj/nrf_log_backend_rtt.o
[...]
Memory Configuration

Name             Origin             Length             Attributes
UNPLACED_SECTIONS 0x0000000100000000 0x0000000000000000 xw
RAM              0x0000000020000000 0x0000000000010000 xw
FLASH            0x0000000000000000 0x0000000000080000 xw
*default*        0x0000000000000000 0xffffffffffffffff

Linker script and memory map

                0x0000000000000000                __vfprintf = __vfprintf_long
                0x0000000000000000                __vfscanf = __vfscanf_long
                0x0000000020000000                __RAM_segment_start__ = 0x20000000
                0x0000000020010000                __RAM_segment_end__ = 0x20010000
                0x0000000000010000                __RAM_segment_size__ = 0x10000
                0x0000000000000000                __FLASH_segment_start__ = 0x0
                0x0000000000080000                __FLASH_segment_end__ = 0x80000
                0x0000000000080000                __FLASH_segment_size__ = 0x80000
                0x0000000000002000                __HEAPSIZE__ = 0x2000
                0x0000000000000000                __STACKSIZE_PROCESS__ = 0x0
                0x0000000000002000                __STACKSIZE__ = 0x2000
                0x0000000020000000                __vectors_ram_load_start__ = 0x20000000

.vectors_ram    0x0000000020000000        0x0
                0x0000000020000000                __vectors_ram_start__ = .
                0x0000000020000000                __app_ram_start__ = __vectors_ram_start__
 *(.vectors_ram .vectors_ram.*)
                0x0000000020000000                __vectors_ram_end__ = (__vectors_ram_start__ + SIZEOF (.vectors_ram))
                0x0000000000000000                __vectors_ram_size__ = SIZEOF (.vectors_ram)
                0x0000000020000000                __vectors_ram_load_end__ = __vectors_ram_end__
                0x0000000000000001                . = ASSERT (((__vectors_ram_start__ == __vectors_ram_end__) || ((__vectors_ram_end__ - __RAM_segment_start__) <= __RAM_segment_size__)), error: .vectors_ram is too large to fit in RAM memory segment)
                0x0000000020000000                __nrf_sections_run_load_start__ = ALIGN (__vectors_ram_end__, 0x4)

.nrf_sections_run
                0x0000000020000000        0x0
                0x0000000020000000                __nrf_sections_run_start__ = .
                0x0000000020000000                __start_nrf_sections_run = __nrf_sections_run_start__
 *(.nrf_sections_run .nrf_sections_run.*)
                0x0000000020000000                __nrf_sections_run_end__ = (__nrf_sections_run_start__ + SIZEOF (.nrf_sections_run))
                0x0000000000000000                __nrf_sections_run_size__ = SIZEOF (.nrf_sections_run)
                0x0000000020000000                __nrf_sections_run_load_end__ = __nrf_sections_run_end__
                0x0000000000000001                . = ASSERT (((__nrf_sections_run_start__ == __nrf_sections_run_end__) || ((__nrf_sections_run_end__ - __RAM_segment_start__) <= __RAM_segment_size__)), error: .nrf_sections_run is too large to fit in RAM memory segment)
                0x0000000000000000                __vectors_load_start__ = 0x0

.vectors        0x0000000000000000      0x200
                0x0000000000000000                __vectors_start__ = .
 *(.vectors .vectors.*)
 .vectors       0x0000000000000000      0x200 Output/status_pca10040 Debug/Obj/ses_startup_nrf52.o
                0x0000000000000000                _vectors
                0x0000000000000200                __vectors_end__ = (__vectors_start__ + SIZEOF (.vectors))
                0x0000000000000200                __vectors_size__ = SIZEOF (.vectors)
                0x0000000000000200                __vectors_load_end__ = __vectors_end__
                0x0000000000000001                . = ASSERT (((__vectors_start__ == __vectors_end__) || ((__vectors_end__ - __FLASH_segment_start__) <= __FLASH_segment_size__)), error: .vectors is too large to fit in FLASH memory segment)
                0x0000000000000200                __init_load_start__ = ALIGN (__vectors_end__, 0x4)

.init           0x0000000000000200      0x1d0
                0x0000000000000200                __init_start__ = .
 *(.init .init.*)
 .init          0x0000000000000200      0x15c Output/status_pca10040 Debug/Obj/thumb_crt0.o
                0x0000000000000200                _start
                0x00000000000002b4                exit
 .init          0x000000000000035c       0x18 Output/status_pca10040 Debug/Obj/ses_startup_nrf52.o
                0x000000000000035c                NMI_Handler
                0x000000000000035e                HardFault_Handler
                0x0000000000000360                MemoryManagement_Handler
                0x0000000000000362                BusFault_Handler
                0x0000000000000364                UsageFault_Handler
                0x0000000000000366                SVC_Handler
                0x0000000000000368                DebugMon_Handler
                0x000000000000036a                PendSV_Handler
                0x000000000000036c                SysTick_Handler
                0x000000000000036e                PWM1_IRQHandler
                0x000000000000036e                SWI0_EGU0_IRQHandler
                0x000000000000036e                POWER_CLOCK_IRQHandler
                0x000000000000036e                PDM_IRQHandler
                0x000000000000036e                TEMP_IRQHandler
                0x000000000000036e                QDEC_IRQHandler
                0x000000000000036e                TIMER3_IRQHandler
                0x000000000000036e                RTC0_IRQHandler
                0x000000000000036e                SPIM0_SPIS0_TWIM0_TWIS0_SPI0_TWI0_IRQHandler
                0x000000000000036e                SWI2_EGU2_IRQHandler
                0x000000000000036e                TIMER4_IRQHandler
                0x000000000000036e                I2S_IRQHandler
                0x000000000000036e                SWI4_EGU4_IRQHandler
                0x000000000000036e                TIMER0_IRQHandler
                0x000000000000036e                Dummy_Handler
                0x000000000000036e                TIMER1_IRQHandler
                0x000000000000036e                PWM2_IRQHandler
                0x000000000000036e                ECB_IRQHandler
                0x000000000000036e                SPIM1_SPIS1_TWIM1_TWIS1_SPI1_TWI1_IRQHandler
                0x000000000000036e                SAADC_IRQHandler
                0x000000000000036e                CCM_AAR_IRQHandler
                0x000000000000036e                WDT_IRQHandler
                0x000000000000036e                FPU_IRQHandler
                0x000000000000036e                SWI5_EGU5_IRQHandler
                0x000000000000036e                RNG_IRQHandler
                0x000000000000036e                RTC2_IRQHandler
                0x000000000000036e                PWM0_IRQHandler
                0x000000000000036e                SWI1_EGU1_IRQHandler
                0x000000000000036e                SPIM2_SPIS2_SPI2_IRQHandler
                0x000000000000036e                NFCT_IRQHandler
                0x000000000000036e                TIMER2_IRQHandler
                0x000000000000036e                MWU_IRQHandler
                0x000000000000036e                COMP_LPCOMP_IRQHandler
                0x0000000000000370                nRFInitialize
 .init          0x0000000000000374       0x5c Output/status_pca10040 Debug/Obj/ses_startup_nrf_common.o
                0x0000000000000374                Reset_Handler
                0x0000000000000378                afterInitialize
                0x000000000000039c                InitializeUserMemorySections
                0x00000000000003d0                __init_end__ = (__init_start__ + SIZEOF (.init))
                0x00000000000001d0                __init_size__ = SIZEOF (.init)
                0x00000000000003d0                __init_load_end__ = __init_end__
                0x0000000000000001                . = ASSERT (((__init_start__ == __init_end__) || ((__init_end__ - __FLASH_segment_start__) <= __FLASH_segment_size__)), error: .init is too large to fit in FLASH memory segment)
                0x00000000000003d0                __init_rodata_load_start__ = ALIGN (__init_end__, 0x4)

.init_rodata    0x00000000000003d0        0x0
                0x00000000000003d0                __init_rodata_start__ = .
 *(.init_rodata .init_rodata.*)
                0x00000000000003d0                __init_rodata_end__ = (__init_rodata_start__ + SIZEOF (.init_rodata))
                0x0000000000000000                __init_rodata_size__ = SIZEOF (.init_rodata)
                0x00000000000003d0                __init_rodata_load_end__ = __init_rodata_end__
                0x0000000000000001                . = ASSERT (((__init_rodata_start__ == __init_rodata_end__) || ((__init_rodata_end__ - __FLASH_segment_start__) <= __FLASH_segment_size__)), error: .init_rodata is too large to fit in FLASH memory segment)
                0x00000000000003d0                __text_load_start__ = ALIGN (__init_rodata_end__, 0x4)

.text           0x00000000000003d0     0x6e4a
                0x00000000000003d0                __text_start__ = .
 *(.text .text.* .glue_7t .glue_7 .gnu.linkonce.t.* .gcc_except_table .ARM.extab* .gnu.linkonce.armextab.*)
 .glue_7        0x00000000000003d0        0x0 linker stubs
 .glue_7t       0x00000000000003d0        0x0 linker stubs
 .text.nrfx_coredep_delay_us
                0x00000000000003d0       0x30 Output/status_pca10040 Debug/Obj/nrf_log_backend_rtt.o
 .text.nrf_delay_ms
                0x0000000000000400       0x2a Output/status_pca10040 Debug/Obj/nrf_log_backend_rtt.o
 .text.nrf_log_backend_rtt_init
                0x000000000000042a        0xa Output/status_pca10040 Debug/Obj/nrf_log_backend_rtt.o
                0x000000000000042a                nrf_log_backend_rtt_init
 .text.serial_tx
                0x0000000000000434       0x84 Output/status_pca10040 Debug/Obj/nrf_log_backend_rtt.o
 .text.nrf_log_backend_rtt_put
                0x00000000000004b8       0x28 Output/status_pca10040 Debug/Obj/nrf_log_backend_rtt.o
 .text.nrf_log_backend_rtt_flush
                0x00000000000004e0        0xa Output/status_pca10040 Debug/Obj/nrf_log_backend_rtt.o
 .text.nrf_log_backend_rtt_panic_set
                0x00000000000004ea        0xa Output/status_pca10040 Debug/Obj/nrf_log_backend_rtt.o
 .text.nrf_log_backend_serial_put
                0x00000000000004f4      0x124 Output/status_pca10040 Debug/Obj/nrf_log_backend_serial.o
                0x00000000000004f4                nrf_log_backend_serial_put
 .text.nrf_log_backend_enable
                0x0000000000000618       0x12 Output/status_pca10040 Debug/Obj/nrf_log_default_backends.o
 *fill*         0x000000000000062a        0x2 
 .text.nrf_log_default_backends_init
                0x000000000000062c       0x3c Output/status_pca10040 Debug/Obj/nrf_log_default_backends.o
                0x000000000000062c                nrf_log_default_backends_init
 .text.nrf_log_backend_put
                0x0000000000000668       0x1c Output/status_pca10040 Debug/Obj/nrf_log_frontend.o
 .text.nrf_log_backend_panic_set
                0x0000000000000684       0x18 Output/status_pca10040 Debug/Obj/nrf_log_frontend.o
 .text.nrf_log_backend_flush
                0x000000000000069c       0x18 Output/status_pca10040 Debug/Obj/nrf_log_frontend.o
 .text.nrf_log_backend_id_set
                0x00000000000006b4       0x1a Output/status_pca10040 Debug/Obj/nrf_log_frontend.o
 .text.nrf_log_backend_id_get
                0x00000000000006ce       0x10 Output/status_pca10040 Debug/Obj/nrf_log_frontend.o
 .text.nrf_log_backend_enable
                0x00000000000006de       0x12 Output/status_pca10040 Debug/Obj/nrf_log_frontend.o
 .text.nrf_log_backend_is_enabled
                0x00000000000006f0       0x10 Output/status_pca10040 Debug/Obj/nrf_log_frontend.o
 .text.nrf_log_init
                0x0000000000000700       0x74 Output/status_pca10040 Debug/Obj/nrf_log_frontend.o
                0x0000000000000700                nrf_log_init
 .text.nrf_log_module_cnt_get
                0x0000000000000774       0x14 Output/status_pca10040 Debug/Obj/nrf_log_frontend.o
                0x0000000000000774                nrf_log_module_cnt_get
 .text.module_idx_get
                0x0000000000000788       0x64 Output/status_pca10040 Debug/Obj/nrf_log_frontend.o
 .text.nrf_log_module_name_get
                0x00000000000007ec       0x40 Output/status_pca10040 Debug/Obj/nrf_log_frontend.o
                0x00000000000007ec                nrf_log_module_name_get
 .text.nrf_log_color_id_get
                0x000000000000082c       0x70 Output/status_pca10040 Debug/Obj/nrf_log_frontend.o
                0x000000000000082c                nrf_log_color_id_get
 .text.invalid_packets_omit
                0x000000000000089c       0x6e Output/status_pca10040 Debug/Obj/nrf_log_frontend.o
 *fill*         0x000000000000090a        0x2 
 .text.log_skip
                0x000000000000090c      0x114 Output/status_pca10040 Debug/Obj/nrf_log_frontend.o
 .text.dropped_sat16_get
                0x0000000000000a20       0x28 Output/status_pca10040 Debug/Obj/nrf_log_frontend.o
 .text.std_header_set
                0x0000000000000a48       0xb4 Output/status_pca10040 Debug/Obj/nrf_log_frontend.o
 .text.buf_prealloc
                0x0000000000000afc      0x124 Output/status_pca10040 Debug/Obj/nrf_log_frontend.o
 .text.std_n    0x0000000000000c20       0x90 Output/status_pca10040 Debug/Obj/nrf_log_frontend.o
 .text.nrf_log_frontend_std_0
                0x0000000000000cb0       0x1c Output/status_pca10040 Debug/Obj/nrf_log_frontend.o
                0x0000000000000cb0                nrf_log_frontend_std_0
 .text.nrf_log_frontend_std_1
                0x0000000000000ccc       0x22 Output/status_pca10040 Debug/Obj/nrf_log_frontend.o
                0x0000000000000ccc                nrf_log_frontend_std_1
 .text.nrf_log_frontend_std_2
                0x0000000000000cee       0x28 Output/status_pca10040 Debug/Obj/nrf_log_frontend.o
                0x0000000000000cee                nrf_log_frontend_std_2
 .text.nrf_log_frontend_std_3
                0x0000000000000d16       0x2c Output/status_pca10040 Debug/Obj/nrf_log_frontend.o
                0x0000000000000d16                nrf_log_frontend_std_3
 .text.nrf_log_frontend_std_5
                0x0000000000000d42       0x34 Output/status_pca10040 Debug/Obj/nrf_log_frontend.o
                0x0000000000000d42                nrf_log_frontend_std_5
 *fill*         0x0000000000000d76        0x2 
 .text.buffer_is_empty
                0x0000000000000d78       0x1c Output/status_pca10040 Debug/Obj/nrf_log_frontend.o
                0x0000000000000d78                buffer_is_empty
 .text.nrf_log_frontend_dequeue
                0x0000000000000d94      0x398 Output/status_pca10040 Debug/Obj/nrf_log_frontend.o
                0x0000000000000d94                nrf_log_frontend_dequeue
 .text.backend_id_assign
                0x000000000000112c       0x68 Output/status_pca10040 Debug/Obj/nrf_log_frontend.o
 .text.nrf_log_backend_add
                0x0000000000001194       0x70 Output/status_pca10040 Debug/Obj/nrf_log_frontend.o
                0x0000000000001194                nrf_log_backend_add
 .text.nrf_log_panic
                0x0000000000001204       0x3c Output/status_pca10040 Debug/Obj/nrf_log_frontend.o
                0x0000000000001204                nrf_log_panic
 .text.timestamp_print
                0x0000000000001240        0xc Output/status_pca10040 Debug/Obj/nrf_log_str_formatter.o
 .text.prefix_process
                0x000000000000124c       0xb0 Output/status_pca10040 Debug/Obj/nrf_log_str_formatter.o
 .text.postfix_process
                0x00000000000012fc       0x60 Output/status_pca10040 Debug/Obj/nrf_log_str_formatter.o
 .text.nrf_log_std_entry_process
                0x000000000000135c      0x144 Output/status_pca10040 Debug/Obj/nrf_log_str_formatter.o
                0x000000000000135c                nrf_log_std_entry_process
 .text.nrf_log_hexdump_entry_process
                0x00000000000014a0       0xf0 Output/status_pca10040 Debug/Obj/nrf_log_str_formatter.o
                0x00000000000014a0                nrf_log_hexdump_entry_process
 .text.nrf_gpio_pin_port_decode
                0x0000000000001590       0x28 Output/status_pca10040 Debug/Obj/boards.o
 .text.nrf_gpio_cfg
                0x00000000000015b8       0x62 Output/status_pca10040 Debug/Obj/boards.o
 .text.nrf_gpio_cfg_output
                0x000000000000161a       0x22 Output/status_pca10040 Debug/Obj/boards.o
 .text.nrf_gpio_cfg_input
                0x000000000000163c       0x2c Output/status_pca10040 Debug/Obj/boards.o
 .text.nrf_gpio_pin_set
                0x0000000000001668       0x28 Output/status_pca10040 Debug/Obj/boards.o
 .text.nrf_gpio_pin_clear
                0x0000000000001690       0x28 Output/status_pca10040 Debug/Obj/boards.o
 .text.nrf_gpio_pin_toggle
                0x00000000000016b8       0x44 Output/status_pca10040 Debug/Obj/boards.o
 .text.nrf_gpio_pin_write
                0x00000000000016fc       0x24 Output/status_pca10040 Debug/Obj/boards.o
 .text.nrf_gpio_pin_out_read
                0x0000000000001720       0x2a Output/status_pca10040 Debug/Obj/boards.o
 .text.nrf_gpio_port_out_read
                0x000000000000174a       0x10 Output/status_pca10040 Debug/Obj/boards.o
 .text.nrf_gpio_port_out_set
                0x000000000000175a       0x14 Output/status_pca10040 Debug/Obj/boards.o
 .text.nrf_gpio_port_out_clear
                0x000000000000176e       0x14 Output/status_pca10040 Debug/Obj/boards.o
 *fill*         0x0000000000001782        0x2 
 .text.bsp_board_led_state_get
                0x0000000000001784       0x5c Output/status_pca10040 Debug/Obj/boards.o
                0x0000000000001784                bsp_board_led_state_get
 .text.bsp_board_led_on
                0x00000000000017e0       0x34 Output/status_pca10040 Debug/Obj/boards.o
                0x00000000000017e0                bsp_board_led_on
 .text.bsp_board_led_off
                0x0000000000001814       0x34 Output/status_pca10040 Debug/Obj/boards.o
                0x0000000000001814                bsp_board_led_off
 .text.bsp_board_leds_off
                0x0000000000001848       0x24 Output/status_pca10040 Debug/Obj/boards.o
                0x0000000000001848                bsp_board_leds_off
 .text.bsp_board_leds_on
                0x000000000000186c       0x24 Output/status_pca10040 Debug/Obj/boards.o
                0x000000000000186c                bsp_board_leds_on
 .text.bsp_board_led_invert
                0x0000000000001890       0x34 Output/status_pca10040 Debug/Obj/boards.o
                0x0000000000001890                bsp_board_led_invert
 .text.bsp_board_leds_init
                0x00000000000018c4       0x34 Output/status_pca10040 Debug/Obj/boards.o
 .text.bsp_board_buttons_init
                0x00000000000018f8       0x34 Output/status_pca10040 Debug/Obj/boards.o
 .text.bsp_board_pin_to_button_idx
                0x000000000000192c       0x40 Output/status_pca10040 Debug/Obj/boards.o
                0x000000000000192c                bsp_board_pin_to_button_idx
 .text.bsp_board_init
                0x000000000000196c       0x2a Output/status_pca10040 Debug/Obj/boards.o
                0x000000000000196c                bsp_board_init
 *fill*         0x0000000000001996        0x2 
 .text.state_get
                0x0000000000001998       0x4c Output/status_pca10040 Debug/Obj/app_button.o
 .text.state_set
                0x00000000000019e4       0x98 Output/status_pca10040 Debug/Obj/app_button.o
 .text.button_get
                0x0000000000001a7c       0x5c Output/status_pca10040 Debug/Obj/app_button.o
 .text.usr_event
                0x0000000000001ad8       0x44 Output/status_pca10040 Debug/Obj/app_button.o
 .text.evt_handle
                0x0000000000001b1c      0x19c Output/status_pca10040 Debug/Obj/app_button.o
                0x0000000000001b1c                evt_handle
 .text.timer_start
                0x0000000000001cb8       0x28 Output/status_pca10040 Debug/Obj/app_button.o
 .text.detection_delay_timeout_handler
                0x0000000000001ce0       0x8c Output/status_pca10040 Debug/Obj/app_button.o
 .text.gpiote_event_handler
                0x0000000000001d6c       0x68 Output/status_pca10040 Debug/Obj/app_button.o
 .text.app_button_init
                0x0000000000001dd4      0x110 Output/status_pca10040 Debug/Obj/app_button.o
                0x0000000000001dd4                app_button_init
 .text.app_button_enable
                0x0000000000001ee4       0x58 Output/status_pca10040 Debug/Obj/app_button.o
                0x0000000000001ee4                app_button_enable
 .text.app_error_save_and_stop
                0x0000000000001f3c       0x98 Output/status_pca10040 Debug/Obj/app_error.o
                0x0000000000001f3c                app_error_save_and_stop
 .text.app_error_handler
                0x0000000000001fd4       0x1c Output/status_pca10040 Debug/Obj/app_error_handler_gcc.o
                0x0000000000001fd4                app_error_handler
 .text.app_error_fault_handler
                0x0000000000001ff0      0x104 Output/status_pca10040 Debug/Obj/app_error_weak.o
                0x0000000000001ff0                app_error_fault_handler
 .text.get_now  0x00000000000020f4       0x60 Output/status_pca10040 Debug/Obj/app_timer2.o
 .text.compare_func
                0x0000000000002154       0x44 Output/status_pca10040 Debug/Obj/app_timer2.o
 .text.timer_expire
                0x0000000000002198       0xc8 Output/status_pca10040 Debug/Obj/app_timer2.o
 .text.rtc_schedule
                0x0000000000002260       0xa8 Output/status_pca10040 Debug/Obj/app_timer2.o
 .text.sortlist_pop
                0x0000000000002308       0x1c Output/status_pca10040 Debug/Obj/app_timer2.o
 .text.sortlist_peek
                0x0000000000002324       0x1c Output/status_pca10040 Debug/Obj/app_timer2.o
 .text.sorted_list_stop_all
                0x0000000000002340       0x24 Output/status_pca10040 Debug/Obj/app_timer2.o
 .text.on_overflow_evt
                0x0000000000002364       0x24 Output/status_pca10040 Debug/Obj/app_timer2.o
 .text.on_compare_evt
                0x0000000000002388       0x5c Output/status_pca10040 Debug/Obj/app_timer2.o
 .text.on_compare1_evt
                0x00000000000023e4       0x20 Output/status_pca10040 Debug/Obj/app_timer2.o
 .text.rtc_update
                0x0000000000002404       0xd0 Output/status_pca10040 Debug/Obj/app_timer2.o
 .text.timer_req_process
                0x00000000000024d4       0xc0 Output/status_pca10040 Debug/Obj/app_timer2.o
 .text.rtc_irq  0x0000000000002594       0x52 Output/status_pca10040 Debug/Obj/app_timer2.o
 *fill*         0x00000000000025e6        0x2 
 .text.timer_request_proc_trigger
                0x00000000000025e8       0x10 Output/status_pca10040 Debug/Obj/app_timer2.o
 .text.timer_req_schedule
                0x00000000000025f8       0x58 Output/status_pca10040 Debug/Obj/app_timer2.o
 .text.app_timer_init
                0x0000000000002650       0x7c Output/status_pca10040 Debug/Obj/app_timer2.o
                0x0000000000002650                app_timer_init
 .text.app_timer_create
                0x00000000000026cc       0x68 Output/status_pca10040 Debug/Obj/app_timer2.o
                0x00000000000026cc                app_timer_create
 .text.app_timer_start
                0x0000000000002734       0x70 Output/status_pca10040 Debug/Obj/app_timer2.o
                0x0000000000002734                app_timer_start
 .text.app_timer_stop
                0x00000000000027a4       0x38 Output/status_pca10040 Debug/Obj/app_timer2.o
                0x00000000000027a4                app_timer_stop
 .text.app_timer_cnt_diff_compute
                0x00000000000027dc       0x16 Output/status_pca10040 Debug/Obj/app_timer2.o
                0x00000000000027dc                app_timer_cnt_diff_compute
 *fill*         0x00000000000027f2        0x2 
 .text.app_timer_cnt_get
                0x00000000000027f4       0x14 Output/status_pca10040 Debug/Obj/app_timer2.o
                0x00000000000027f4                app_timer_cnt_get
 .text.app_util_disable_irq
                0x0000000000002808       0x14 Output/status_pca10040 Debug/Obj/app_util_platform.o
                0x0000000000002808                app_util_disable_irq
 .text.app_util_enable_irq
                0x000000000000281c       0x1c Output/status_pca10040 Debug/Obj/app_util_platform.o
                0x000000000000281c                app_util_enable_irq
 .text.app_util_critical_region_enter
                0x0000000000002838       0x28 Output/status_pca10040 Debug/Obj/app_util_platform.o
                0x0000000000002838                app_util_critical_region_enter
 .text.app_util_critical_region_exit
                0x0000000000002860       0x2c Output/status_pca10040 Debug/Obj/app_util_platform.o
                0x0000000000002860                app_util_critical_region_exit
 .text.privilege_level_get
                0x000000000000288c       0x3a Output/status_pca10040 Debug/Obj/app_util_platform.o
                0x000000000000288c                privilege_level_get
 *fill*         0x00000000000028c6        0x2 
 .text.NVIC_EnableIRQ
                0x00000000000028c8       0x2c Output/status_pca10040 Debug/Obj/drv_rtc.o
 .text.NVIC_SetPendingIRQ
                0x00000000000028f4       0x30 Output/status_pca10040 Debug/Obj/drv_rtc.o
 .text.NVIC_SetPriority
                0x0000000000002924       0x50 Output/status_pca10040 Debug/Obj/drv_rtc.o
 .text._NRFX_IRQ_PRIORITY_SET
                0x0000000000002974       0x40 Output/status_pca10040 Debug/Obj/drv_rtc.o
 .text._NRFX_IRQ_ENABLE
                0x00000000000029b4       0x1c Output/status_pca10040 Debug/Obj/drv_rtc.o
 .text.nrfx_coredep_delay_us
                0x00000000000029d0       0x30 Output/status_pca10040 Debug/Obj/drv_rtc.o
 .text.nrf_rtc_cc_set
                0x0000000000002a00       0x1c Output/status_pca10040 Debug/Obj/drv_rtc.o
 .text.nrf_rtc_cc_get
                0x0000000000002a1c       0x18 Output/status_pca10040 Debug/Obj/drv_rtc.o
 .text.nrf_rtc_int_enable
                0x0000000000002a34       0x14 Output/status_pca10040 Debug/Obj/drv_rtc.o
 .text.nrf_rtc_int_disable
                0x0000000000002a48       0x14 Output/status_pca10040 Debug/Obj/drv_rtc.o
 .text.nrf_rtc_event_pending
                0x0000000000002a5c       0x1a Output/status_pca10040 Debug/Obj/drv_rtc.o
 .text.nrf_rtc_event_clear
                0x0000000000002a76       0x2a Output/status_pca10040 Debug/Obj/drv_rtc.o
 .text.nrf_rtc_counter_get
                0x0000000000002aa0       0x10 Output/status_pca10040 Debug/Obj/drv_rtc.o
 .text.nrf_rtc_prescaler_set
                0x0000000000002ab0       0x30 Output/status_pca10040 Debug/Obj/drv_rtc.o
 .text.nrf_rtc_task_trigger
                0x0000000000002ae0       0x1e Output/status_pca10040 Debug/Obj/drv_rtc.o
 .text.nrf_rtc_event_enable
                0x0000000000002afe       0x14 Output/status_pca10040 Debug/Obj/drv_rtc.o
 .text.nrf_rtc_event_disable
                0x0000000000002b12       0x14 Output/status_pca10040 Debug/Obj/drv_rtc.o
 *fill*         0x0000000000002b26        0x2 
 .text.drv_rtc_init
                0x0000000000002b28       0xfc Output/status_pca10040 Debug/Obj/drv_rtc.o
                0x0000000000002b28                drv_rtc_init
 .text.drv_rtc_start
                0x0000000000002c24       0x2c Output/status_pca10040 Debug/Obj/drv_rtc.o
                0x0000000000002c24                drv_rtc_start
 .text.drv_rtc_stop
                0x0000000000002c50       0x2c Output/status_pca10040 Debug/Obj/drv_rtc.o
                0x0000000000002c50                drv_rtc_stop
 .text.drv_rtc_compare_set
                0x0000000000002c7c       0xa0 Output/status_pca10040 Debug/Obj/drv_rtc.o
                0x0000000000002c7c                drv_rtc_compare_set
 .text.evt_enable
                0x0000000000002d1c       0x48 Output/status_pca10040 Debug/Obj/drv_rtc.o
 .text.evt_disable
                0x0000000000002d64       0x3c Output/status_pca10040 Debug/Obj/drv_rtc.o
 .text.evt_pending
                0x0000000000002da0       0x54 Output/status_pca10040 Debug/Obj/drv_rtc.o
 .text.ticks_sub
                0x0000000000002df4       0x16 Output/status_pca10040 Debug/Obj/drv_rtc.o
 *fill*         0x0000000000002e0a        0x2 
 .text.drv_rtc_windowed_compare_set
                0x0000000000002e0c      0x174 Output/status_pca10040 Debug/Obj/drv_rtc.o
                0x0000000000002e0c                drv_rtc_windowed_compare_set
 .text.drv_rtc_overflow_enable
                0x0000000000002f80       0x22 Output/status_pca10040 Debug/Obj/drv_rtc.o
                0x0000000000002f80                drv_rtc_overflow_enable
 .text.drv_rtc_overflow_pending
                0x0000000000002fa2       0x1a Output/status_pca10040 Debug/Obj/drv_rtc.o
                0x0000000000002fa2                drv_rtc_overflow_pending
 .text.drv_rtc_compare_disable
                0x0000000000002fbc       0x22 Output/status_pca10040 Debug/Obj/drv_rtc.o
                0x0000000000002fbc                drv_rtc_compare_disable
 .text.drv_rtc_compare_pending
                0x0000000000002fde       0x2a Output/status_pca10040 Debug/Obj/drv_rtc.o
                0x0000000000002fde                drv_rtc_compare_pending
 .text.drv_rtc_counter_get
                0x0000000000003008       0x1a Output/status_pca10040 Debug/Obj/drv_rtc.o
                0x0000000000003008                drv_rtc_counter_get
 .text.drv_rtc_irq_trigger
                0x0000000000003022       0x1a Output/status_pca10040 Debug/Obj/drv_rtc.o
                0x0000000000003022                drv_rtc_irq_trigger
 .text.RTC1_IRQHandler
                0x000000000000303c       0x1c Output/status_pca10040 Debug/Obj/drv_rtc.o
                0x000000000000303c                RTC1_IRQHandler
 .text.assert_nrf_callback
                0x0000000000003058       0x2e Output/status_pca10040 Debug/Obj/nrf_assert.o
                0x0000000000003058                assert_nrf_callback
 .text.nrf_atfifo_wspace_req
                0x0000000000003086       0x54 Output/status_pca10040 Debug/Obj/nrf_atfifo.o
 .text.nrf_atfifo_wspace_close
                0x00000000000030da       0x20 Output/status_pca10040 Debug/Obj/nrf_atfifo.o
 .text.nrf_atfifo_rspace_req
                0x00000000000030fa       0x56 Output/status_pca10040 Debug/Obj/nrf_atfifo.o
 .text.nrf_atfifo_rspace_close
                0x0000000000003150       0x20 Output/status_pca10040 Debug/Obj/nrf_atfifo.o
 .text.nrf_atfifo_init
                0x0000000000003170       0x66 Output/status_pca10040 Debug/Obj/nrf_atfifo.o
                0x0000000000003170                nrf_atfifo_init
 .text.nrf_atfifo_item_alloc
                0x00000000000031d6       0x32 Output/status_pca10040 Debug/Obj/nrf_atfifo.o
                0x00000000000031d6                nrf_atfifo_item_alloc
 .text.nrf_atfifo_item_put
                0x0000000000003208       0x28 Output/status_pca10040 Debug/Obj/nrf_atfifo.o
                0x0000000000003208                nrf_atfifo_item_put
 .text.nrf_atfifo_item_get
                0x0000000000003230       0x32 Output/status_pca10040 Debug/Obj/nrf_atfifo.o
                0x0000000000003230                nrf_atfifo_item_get
 .text.nrf_atfifo_item_free
                0x0000000000003262       0x28 Output/status_pca10040 Debug/Obj/nrf_atfifo.o
                0x0000000000003262                nrf_atfifo_item_free
 .text.nrf_atomic_u32_fetch_store
                0x000000000000328a       0x2e Output/status_pca10040 Debug/Obj/nrf_atomic.o
                0x000000000000328a                nrf_atomic_u32_fetch_store
 .text.nrf_atomic_u32_or
                0x00000000000032b8       0x30 Output/status_pca10040 Debug/Obj/nrf_atomic.o
                0x00000000000032b8                nrf_atomic_u32_or
 .text.nrf_atomic_u32_fetch_and
                0x00000000000032e8       0x30 Output/status_pca10040 Debug/Obj/nrf_atomic.o
                0x00000000000032e8                nrf_atomic_u32_fetch_and
 .text.nrf_atomic_u32_add
                0x0000000000003318       0x30 Output/status_pca10040 Debug/Obj/nrf_atomic.o
                0x0000000000003318                nrf_atomic_u32_add
 .text.nrf_atomic_u32_sub
                0x0000000000003348       0x30 Output/status_pca10040 Debug/Obj/nrf_atomic.o
                0x0000000000003348                nrf_atomic_u32_sub
 .text.nrf_atomic_flag_set
                0x0000000000003378       0x18 Output/status_pca10040 Debug/Obj/nrf_atomic.o
                0x0000000000003378                nrf_atomic_flag_set
 .text.nrf_atomic_flag_clear_fetch
                0x0000000000003390       0x18 Output/status_pca10040 Debug/Obj/nrf_atomic.o
                0x0000000000003390                nrf_atomic_flag_clear_fetch
 .text.nrf_balloc_idx2block
                0x00000000000033a8       0x38 Output/status_pca10040 Debug/Obj/nrf_balloc.o
 .text.nrf_balloc_block2idx
                0x00000000000033e0       0x34 Output/status_pca10040 Debug/Obj/nrf_balloc.o
 .text.nrf_balloc_init
                0x0000000000003414       0xb8 Output/status_pca10040 Debug/Obj/nrf_balloc.o
                0x0000000000003414                nrf_balloc_init
 .text.nrf_balloc_alloc
                0x00000000000034cc       0x84 Output/status_pca10040 Debug/Obj/nrf_balloc.o
                0x00000000000034cc                nrf_balloc_alloc
 .text.nrf_balloc_free
                0x0000000000003550       0x58 Output/status_pca10040 Debug/Obj/nrf_balloc.o
                0x0000000000003550                nrf_balloc_free
 .text.nrf_fprintf_buffer_flush
                0x00000000000035a8       0x44 Output/status_pca10040 Debug/Obj/nrf_fprintf.o
                0x00000000000035a8                nrf_fprintf_buffer_flush
 .text.nrf_fprintf
                0x00000000000035ec       0x74 Output/status_pca10040 Debug/Obj/nrf_fprintf.o
                0x00000000000035ec                nrf_fprintf
 .text.buffer_add
                0x0000000000003660       0x4c Output/status_pca10040 Debug/Obj/nrf_fprintf_format.o
 .text.string_print
                0x00000000000036ac       0xc2 Output/status_pca10040 Debug/Obj/nrf_fprintf_format.o
 *fill*         0x000000000000376e        0x2 
 .text.unsigned_print
                0x0000000000003770      0x130 Output/status_pca10040 Debug/Obj/nrf_fprintf_format.o
 .text.int_print
                0x00000000000038a0      0x11c Output/status_pca10040 Debug/Obj/nrf_fprintf_format.o
 .text.nrf_fprintf_fmt
                0x00000000000039bc      0x43c Output/status_pca10040 Debug/Obj/nrf_fprintf_format.o
                0x00000000000039bc                nrf_fprintf_fmt
 .text.nrf_memobj_pool_init
                0x0000000000003df8       0x16 Output/status_pca10040 Debug/Obj/nrf_memobj.o
                0x0000000000003df8                nrf_memobj_pool_init
 .text.nrf_memobj_alloc
                0x0000000000003e0e       0xae Output/status_pca10040 Debug/Obj/nrf_memobj.o
                0x0000000000003e0e                nrf_memobj_alloc
 .text.nrf_memobj_free
                0x0000000000003ebc       0x72 Output/status_pca10040 Debug/Obj/nrf_memobj.o
                0x0000000000003ebc                nrf_memobj_free
 .text.nrf_memobj_get
                0x0000000000003f2e       0x1e Output/status_pca10040 Debug/Obj/nrf_memobj.o
                0x0000000000003f2e                nrf_memobj_get
 .text.nrf_memobj_put
                0x0000000000003f4c       0x34 Output/status_pca10040 Debug/Obj/nrf_memobj.o
                0x0000000000003f4c                nrf_memobj_put
 .text.memobj_op
                0x0000000000003f80      0x124 Output/status_pca10040 Debug/Obj/nrf_memobj.o
 .text.nrf_memobj_write
                0x00000000000040a4       0x3c Output/status_pca10040 Debug/Obj/nrf_memobj.o
                0x00000000000040a4                nrf_memobj_write
 .text.nrf_memobj_read
                0x00000000000040e0       0x40 Output/status_pca10040 Debug/Obj/nrf_memobj.o
                0x00000000000040e0                nrf_memobj_read
 .text.nrf_ringbuf_init
                0x0000000000004120       0x3a Output/status_pca10040 Debug/Obj/nrf_ringbuf.o
                0x0000000000004120                nrf_ringbuf_init
 *fill*         0x000000000000415a        0x2 
 .text.nrf_sortlist_add
                0x000000000000415c       0x74 Output/status_pca10040 Debug/Obj/nrf_sortlist.o
                0x000000000000415c                nrf_sortlist_add
 .text.nrf_sortlist_pop
                0x00000000000041d0       0x44 Output/status_pca10040 Debug/Obj/nrf_sortlist.o
                0x00000000000041d0                nrf_sortlist_pop
 .text.nrf_sortlist_peek
                0x0000000000004214       0x28 Output/status_pca10040 Debug/Obj/nrf_sortlist.o
                0x0000000000004214                nrf_sortlist_peek
 .text.nrf_sortlist_remove
                0x000000000000423c       0x6c Output/status_pca10040 Debug/Obj/nrf_sortlist.o
                0x000000000000423c                nrf_sortlist_remove
 .text.nrf_strerror_get
                0x00000000000042a8       0x28 Output/status_pca10040 Debug/Obj/nrf_strerror.o
                0x00000000000042a8                nrf_strerror_get
 .text.nrf_strerror_find
                0x00000000000042d0       0x68 Output/status_pca10040 Debug/Obj/nrf_strerror.o
                0x00000000000042d0                nrf_strerror_find
 .text.NVIC_EnableIRQ
                0x0000000000004338       0x2c Output/status_pca10040 Debug/Obj/nrfx_gpiote.o
 .text.NVIC_SetPriority
                0x0000000000004364       0x50 Output/status_pca10040 Debug/Obj/nrfx_gpiote.o
 .text._NRFX_IRQ_PRIORITY_SET
                0x00000000000043b4       0x40 Output/status_pca10040 Debug/Obj/nrfx_gpiote.o
 .text._NRFX_IRQ_ENABLE
                0x00000000000043f4       0x1c Output/status_pca10040 Debug/Obj/nrfx_gpiote.o
 .text.nrf_gpiote_event_is_set
                0x0000000000004410       0x2a Output/status_pca10040 Debug/Obj/nrfx_gpiote.o
 .text.nrf_gpiote_event_clear
                0x000000000000443a       0x36 Output/status_pca10040 Debug/Obj/nrfx_gpiote.o
 .text.nrf_gpiote_event_addr_get
                0x0000000000004470       0x1a Output/status_pca10040 Debug/Obj/nrfx_gpiote.o
 *fill*         0x000000000000448a        0x2 
 .text.nrf_gpiote_int_enable
                0x000000000000448c       0x18 Output/status_pca10040 Debug/Obj/nrfx_gpiote.o
 .text.nrf_gpiote_int_is_enabled
                0x00000000000044a4       0x18 Output/status_pca10040 Debug/Obj/nrfx_gpiote.o
 .text.nrf_gpiote_event_enable
                0x00000000000044bc       0x2c Output/status_pca10040 Debug/Obj/nrfx_gpiote.o
 .text.nrf_gpiote_event_configure
                0x00000000000044e8       0x64 Output/status_pca10040 Debug/Obj/nrfx_gpiote.o
 .text.nrf_gpiote_event_pin_get
                0x000000000000454c       0x20 Output/status_pca10040 Debug/Obj/nrfx_gpiote.o
 .text.nrf_gpiote_event_polarity_get
                0x000000000000456c       0x24 Output/status_pca10040 Debug/Obj/nrfx_gpiote.o
 .text.nrf_gpio_pin_port_decode
                0x0000000000004590       0x28 Output/status_pca10040 Debug/Obj/nrfx_gpiote.o
 .text.nrf_gpio_cfg
                0x00000000000045b8       0x62 Output/status_pca10040 Debug/Obj/nrfx_gpiote.o
 .text.nrf_gpio_cfg_input
                0x000000000000461a       0x2c Output/status_pca10040 Debug/Obj/nrfx_gpiote.o
 .text.nrf_gpio_cfg_watcher
                0x0000000000004646       0x38 Output/status_pca10040 Debug/Obj/nrfx_gpiote.o
 .text.nrf_gpio_cfg_sense_set
                0x000000000000467e       0x5c Output/status_pca10040 Debug/Obj/nrfx_gpiote.o
 .text.nrf_gpio_pin_read
                0x00000000000046da       0x2a Output/status_pca10040 Debug/Obj/nrfx_gpiote.o
 .text.nrf_gpio_pin_sense_get
                0x0000000000004704       0x2c Output/status_pca10040 Debug/Obj/nrfx_gpiote.o
 .text.nrf_gpio_port_in_read
                0x0000000000004730       0x10 Output/status_pca10040 Debug/Obj/nrfx_gpiote.o
 .text.nrf_gpio_ports_read
                0x0000000000004740       0x68 Output/status_pca10040 Debug/Obj/nrfx_gpiote.o
 .text.nrf_bitmask_bit_is_set
                0x00000000000047a8       0x30 Output/status_pca10040 Debug/Obj/nrfx_gpiote.o
 .text.nrf_bitmask_bit_set
                0x00000000000047d8       0x40 Output/status_pca10040 Debug/Obj/nrfx_gpiote.o
 .text.pin_in_use_by_te
                0x0000000000004818       0x3c Output/status_pca10040 Debug/Obj/nrfx_gpiote.o
 .text.pin_in_use_by_port
                0x0000000000004854       0x24 Output/status_pca10040 Debug/Obj/nrfx_gpiote.o
 .text.pin_in_use_by_gpiote
                0x0000000000004878       0x24 Output/status_pca10040 Debug/Obj/nrfx_gpiote.o
 .text.pin_in_use_by_te_set
                0x000000000000489c       0x50 Output/status_pca10040 Debug/Obj/nrfx_gpiote.o
 .text.pin_in_use_clear
                0x00000000000048ec       0x1c Output/status_pca10040 Debug/Obj/nrfx_gpiote.o
 .text.pin_configured_set
                0x0000000000004908       0x1c Output/status_pca10040 Debug/Obj/nrfx_gpiote.o
 .text.channel_port_get
                0x0000000000004924       0x1c Output/status_pca10040 Debug/Obj/nrfx_gpiote.o
 .text.channel_handler_get
                0x0000000000004940       0x18 Output/status_pca10040 Debug/Obj/nrfx_gpiote.o
 .text.channel_port_alloc
                0x0000000000004958       0x7c Output/status_pca10040 Debug/Obj/nrfx_gpiote.o
 .text.channel_free
                0x00000000000049d4       0x38 Output/status_pca10040 Debug/Obj/nrfx_gpiote.o
 .text.nrfx_gpiote_init
                0x0000000000004a0c       0xa4 Output/status_pca10040 Debug/Obj/nrfx_gpiote.o
                0x0000000000004a0c                nrfx_gpiote_init
 .text.nrfx_gpiote_is_init
                0x0000000000004ab0       0x18 Output/status_pca10040 Debug/Obj/nrfx_gpiote.o
                0x0000000000004ab0                nrfx_gpiote_is_init
 .text.nrfx_gpiote_in_init
                0x0000000000004ac8       0xf4 Output/status_pca10040 Debug/Obj/nrfx_gpiote.o
                0x0000000000004ac8                nrfx_gpiote_in_init
 .text.nrfx_gpiote_in_event_enable
                0x0000000000004bbc      0x110 Output/status_pca10040 Debug/Obj/nrfx_gpiote.o
                0x0000000000004bbc                nrfx_gpiote_in_event_enable
 .text.nrfx_gpiote_in_is_set
                0x0000000000004ccc       0x34 Output/status_pca10040 Debug/Obj/nrfx_gpiote.o
                0x0000000000004ccc                nrfx_gpiote_in_is_set
 .text.GPIOTE_IRQHandler
                0x0000000000004d00      0x2e0 Output/status_pca10040 Debug/Obj/nrfx_gpiote.o
                0x0000000000004d00                GPIOTE_IRQHandler
 .text.UARTE0_UART0_IRQHandler
                0x0000000000004fe0       0x24 Output/status_pca10040 Debug/Obj/nrfx_prs.o
                0x0000000000004fe0                UARTE0_UART0_IRQHandler
 .text.bsp_button_event_handler
                0x0000000000005004      0x130 Output/status_pca10040 Debug/Obj/bsp.o
 .text.button_timer_handler
                0x0000000000005134       0x1a Output/status_pca10040 Debug/Obj/bsp.o
 *fill*         0x000000000000514e        0x2 
 .text.leds_off
                0x0000000000005150       0x3c Output/status_pca10040 Debug/Obj/bsp.o
 .text.bsp_led_indication
                0x000000000000518c      0x49c Output/status_pca10040 Debug/Obj/bsp.o
 .text.leds_timer_handler
                0x0000000000005628       0x2c Output/status_pca10040 Debug/Obj/bsp.o
 .text.alert_timer_handler
                0x0000000000005654       0x14 Output/status_pca10040 Debug/Obj/bsp.o
 .text.bsp_init
                0x0000000000005668       0xdc Output/status_pca10040 Debug/Obj/bsp.o
                0x0000000000005668                bsp_init
 .text.bsp_event_to_button_action_assign
                0x0000000000005744       0xa4 Output/status_pca10040 Debug/Obj/bsp.o
                0x0000000000005744                bsp_event_to_button_action_assign
 .text.nrf_gpiote_task_addr_get
                0x00000000000057e8       0x1a Output/status_pca10040 Debug/Obj/main.o
 *fill*         0x0000000000005802        0x2 
 .text.nrf_gpiote_task_enable
                0x0000000000005804       0x30 Output/status_pca10040 Debug/Obj/main.o
 .text.nrf_gpiote_task_configure
                0x0000000000005834       0x7c Output/status_pca10040 Debug/Obj/main.o
 .text.nrf_ppi_channel_enable
                0x00000000000058b0       0x24 Output/status_pca10040 Debug/Obj/main.o
 .text.nrf_ppi_channel_endpoint_setup
                0x00000000000058d4       0x34 Output/status_pca10040 Debug/Obj/main.o
 .text.nrf_timer_event_address_get
                0x0000000000005908       0x18 Output/status_pca10040 Debug/Obj/main.o
 .text.bsp_evt_handler
                0x0000000000005920       0x70 Output/status_pca10040 Debug/Obj/main.o
                0x0000000000005920                bsp_evt_handler
 .text.clock_initialization
                0x0000000000005990       0x4e Output/status_pca10040 Debug/Obj/main.o
                0x0000000000005990                clock_initialization
 *fill*         0x00000000000059de        0x2 
 .text.sync_timer_init
                0x00000000000059e0      0x180 Output/status_pca10040 Debug/Obj/main.o
 .text.main     0x0000000000005b60       0xe4 Output/status_pca10040 Debug/Obj/main.o
                0x0000000000005b60                main
 .text.NVIC_EnableIRQ
                0x0000000000005c44       0x2c Output/status_pca10040 Debug/Obj/time_sync - frame.o
 .text.NVIC_ClearPendingIRQ
                0x0000000000005c70       0x30 Output/status_pca10040 Debug/Obj/time_sync - frame.o
 .text.NVIC_SetPriority
                0x0000000000005ca0       0x50 Output/status_pca10040 Debug/Obj/time_sync - frame.o
 .text.RADIO_IRQHandler
                0x0000000000005cf0       0xec Output/status_pca10040 Debug/Obj/time_sync - frame.o
                0x0000000000005cf0                RADIO_IRQHandler
 .text.radio_parameter_init
                0x0000000000005ddc      0x108 Output/status_pca10040 Debug/Obj/time_sync - frame.o
                0x0000000000005ddc                radio_parameter_init
 .text.timeslot_end_handler
                0x0000000000005ee4       0x88 Output/status_pca10040 Debug/Obj/time_sync - frame.o
 .text.change_to_RX_state
                0x0000000000005f6c       0x70 Output/status_pca10040 Debug/Obj/time_sync - frame.o
                0x0000000000005f6c                change_to_RX_state
 .text.timeslot_begin_handler
                0x0000000000005fdc      0x1d0 Output/status_pca10040 Debug/Obj/time_sync - frame.o
 .text.timestamp_counter_start
                0x00000000000061ac       0x64 Output/status_pca10040 Debug/Obj/time_sync - frame.o
 .text.sync_timer_start
                0x0000000000006210       0xd8 Output/status_pca10040 Debug/Obj/time_sync - frame.o
 .text.SWI3_EGU3_IRQHandler
                0x00000000000062e8       0x60 Output/status_pca10040 Debug/Obj/time_sync - frame.o
                0x00000000000062e8                SWI3_EGU3_IRQHandler
 .text.sync_timer_record
                0x0000000000006348       0xac Output/status_pca10040 Debug/Obj/time_sync - frame.o
 .text.ppi_radio_rx_configure
                0x00000000000063f4       0x5c Output/status_pca10040 Debug/Obj/time_sync - frame.o
 .text.ppi_radio_tx_configure
                0x0000000000006450       0x5c Output/status_pca10040 Debug/Obj/time_sync - frame.o
 .text.ppi_timeslot_begin_configure
                0x00000000000064ac       0x5c Output/status_pca10040 Debug/Obj/time_sync - frame.o
 .text.ppi_timeslot_end_configure
                0x0000000000006508       0x58 Output/status_pca10040 Debug/Obj/time_sync - frame.o
 .text.ts_init  0x0000000000006560       0x70 Output/status_pca10040 Debug/Obj/time_sync - frame.o
                0x0000000000006560                ts_init
 .text.ts_enable
                0x00000000000065d0       0x9c Output/status_pca10040 Debug/Obj/time_sync - frame.o
                0x00000000000065d0                ts_enable
 .text.ts_tx_start
                0x000000000000666c       0x18 Output/status_pca10040 Debug/Obj/time_sync - frame.o
                0x000000000000666c                ts_tx_start
 .text._DoInit  0x0000000000006684       0x9c Output/status_pca10040 Debug/Obj/SEGGER_RTT.o
 .text._WriteBlocking
                0x0000000000006720       0xb2 Output/status_pca10040 Debug/Obj/SEGGER_RTT.o
 .text._WriteNoCheck
                0x00000000000067d2       0x7e Output/status_pca10040 Debug/Obj/SEGGER_RTT.o
 .text._GetAvailWriteSpace
                0x0000000000006850       0x3c Output/status_pca10040 Debug/Obj/SEGGER_RTT.o
 .text.SEGGER_RTT_WriteNoLock
                0x000000000000688c       0x9c Output/status_pca10040 Debug/Obj/SEGGER_RTT.o
                0x000000000000688c                SEGGER_RTT_WriteNoLock
 .text.SEGGER_RTT_Init
                0x0000000000006928        0xa Output/status_pca10040 Debug/Obj/SEGGER_RTT.o
                0x0000000000006928                SEGGER_RTT_Init
 *fill*         0x0000000000006932        0x2 
 .text.NVIC_SystemReset
                0x0000000000006934       0x24 Output/status_pca10040 Debug/Obj/system_nrf52.o
 .text.SystemCoreClockUpdate
                0x0000000000006958       0x14 Output/status_pca10040 Debug/Obj/system_nrf52.o
                0x0000000000006958                SystemCoreClockUpdate
 .text.SystemInit
                0x000000000000696c      0x2d4 Output/status_pca10040 Debug/Obj/system_nrf52.o
                0x000000000000696c                SystemInit
 .text.errata_12
                0x0000000000006c40       0x58 Output/status_pca10040 Debug/Obj/system_nrf52.o
 .text.errata_16
                0x0000000000006c98       0x38 Output/status_pca10040 Debug/Obj/system_nrf52.o
 .text.errata_31
                0x0000000000006cd0       0x58 Output/status_pca10040 Debug/Obj/system_nrf52.o
 .text.errata_32
                0x0000000000006d28       0x38 Output/status_pca10040 Debug/Obj/system_nrf52.o
 .text.errata_36
                0x0000000000006d60       0x58 Output/status_pca10040 Debug/Obj/system_nrf52.o
 .text.errata_37
                0x0000000000006db8       0x38 Output/status_pca10040 Debug/Obj/system_nrf52.o
 .text.errata_57
                0x0000000000006df0       0x38 Output/status_pca10040 Debug/Obj/system_nrf52.o
 .text.errata_66
                0x0000000000006e28       0x38 Output/status_pca10040 Debug/Obj/system_nrf52.o
 .text.errata_108
                0x0000000000006e60       0x58 Output/status_pca10040 Debug/Obj/system_nrf52.o
 .text.errata_136
                0x0000000000006eb8       0x58 Output/status_pca10040 Debug/Obj/system_nrf52.o
 .text.errata_182
                0x0000000000006f10       0x24 Output/status_pca10040 Debug/Obj/system_nrf52.o
 .text.libc.__int64_udivmod
                0x0000000000006f34       0xce D:/SEGGER/SEGGER Embedded Studio for ARM 4.30/lib/libc_v7em_fpv4_sp_d16_hard_t_le_eabi.a(libc_asm.o)
                0x0000000000006f34                __aeabi_uldivmod
                0x0000000000006f34                __int64_udiv
                0x0000000000006f34                __udivdi3
                0x0000000000006f34                __int64_udivmod
 *fill*         0x0000000000007002        0x2 
 .text.libc.__RAL_ascii_isctype
                0x0000000000007004       0x1c D:/SEGGER/SEGGER Embedded Studio for ARM 4.30/lib/libc_v7em_fpv4_sp_d16_hard_t_le_eabi.a(libc2.o)
 .text.libc.__RAL_ascii_toupper
                0x0000000000007020        0xc D:/SEGGER/SEGGER Embedded Studio for ARM 4.30/lib/libc_v7em_fpv4_sp_d16_hard_t_le_eabi.a(libc2.o)
 .text.libc.__RAL_ascii_tolower
                0x000000000000702c        0xc D:/SEGGER/SEGGER Embedded Studio for ARM 4.30/lib/libc_v7em_fpv4_sp_d16_hard_t_le_eabi.a(libc2.o)
 .text.libc.__RAL_ascii_iswctype
                0x0000000000007038       0x1c D:/SEGGER/SEGGER Embedded Studio for ARM 4.30/lib/libc_v7em_fpv4_sp_d16_hard_t_le_eabi.a(libc2.o)
 .text.libc.__RAL_ascii_towupper
                0x0000000000007054        0xc D:/SEGGER/SEGGER Embedded Studio for ARM 4.30/lib/libc_v7em_fpv4_sp_d16_hard_t_le_eabi.a(libc2.o)
 .text.libc.__RAL_ascii_towlower
                0x0000000000007060        0xc D:/SEGGER/SEGGER Embedded Studio for ARM 4.30/lib/libc_v7em_fpv4_sp_d16_hard_t_le_eabi.a(libc2.o)
 .text.libc.__RAL_ascii_wctomb
                0x000000000000706c        0xe D:/SEGGER/SEGGER Embedded Studio for ARM 4.30/lib/libc_v7em_fpv4_sp_d16_hard_t_le_eabi.a(libc2.o)
                0x000000000000706c                __RAL_ascii_wctomb
 .text.libc.__RAL_ascii_mbtowc
                0x000000000000707a       0x24 D:/SEGGER/SEGGER Embedded Studio for ARM 4.30/lib/libc_v7em_fpv4_sp_d16_hard_t_le_eabi.a(libc2.o)
                0x000000000000707a                __RAL_ascii_mbtowc
 *fill*         0x000000000000709e        0x2 
 .text.libc.__RAL_isctype
                0x00000000000070a0       0x14 D:/SEGGER/SEGGER Embedded Studio for ARM 4.30/lib/libc_v7em_fpv4_sp_d16_hard_t_le_eabi.a(libc2.o)
                0x00000000000070a0                __RAL_isctype
 .text.libc.isprint
                0x00000000000070b4        0xa D:/SEGGER/SEGGER Embedded Studio for ARM 4.30/lib/libc_v7em_fpv4_sp_d16_hard_t_le_eabi.a(libc2.o)
                0x00000000000070b4                isprint
 .text.libc.memcpy
                0x00000000000070be       0x52 D:/SEGGER/SEGGER Embedded Studio for ARM 4.30/lib/libc_v7em_fpv4_sp_d16_hard_t_le_eabi.a(libc2_asm.o)
                0x00000000000070be                __aeabi_memcpy
                0x00000000000070be                memcpy
                0x00000000000070ca                __aeabi_memcpy8
                0x00000000000070ca                __aeabi_memcpy4
 .text.libc.memset
                0x0000000000007110       0x66 D:/SEGGER/SEGGER Embedded Studio for ARM 4.30/lib/libc_v7em_fpv4_sp_d16_hard_t_le_eabi.a(libc2_asm.o)
                0x0000000000007110                memset
 .text.libc.strcpy
                0x0000000000007176       0x44 D:/SEGGER/SEGGER Embedded Studio for ARM 4.30/lib/libc_v7em_fpv4_sp_d16_hard_t_le_eabi.a(libc2_asm.o)
                0x0000000000007176                strcpy
 .text.libc.strlen
                0x00000000000071ba       0x60 D:/SEGGER/SEGGER Embedded Studio for ARM 4.30/lib/libc_v7em_fpv4_sp_d16_hard_t_le_eabi.a(libc2_asm.o)
                0x00000000000071ba                strlen
                0x000000000000721a                __text_end__ = (__text_start__ + SIZEOF (.text))
                0x0000000000006e4a                __text_size__ = SIZEOF (.text)
                0x000000000000721a                __text_load_end__ = __text_end__

.vfp11_veneer   0x0000000100000000        0x0
 .vfp11_veneer  0x0000000100000000        0x0 linker stubs

.v4_bx          0x0000000100000000        0x0
 .v4_bx         0x0000000100000000        0x0 linker stubs

.iplt           0x0000000100000000        0x0
 .iplt          0x0000000100000000        0x0 Output/status_pca10040 Debug/Obj/thumb_crt0.o
                0x0000000000000001                . = ASSERT (((__text_start__ == __text_end__) || ((__text_end__ - __FLASH_segment_start__) <= __FLASH_segment_size__)), error: .text is too large to fit in FLASH memory segment)
                0x000000000000721c                __log_const_data_load_start__ = ALIGN (__text_end__, 0x4)

.log_const_data
                0x000000000000721c       0x48
                0x000000000000721c                __log_const_data_start__ = .
                0x000000000000721c                __start_log_const_data = __log_const_data_start__
 *(SORT_BY_NAME(.log_const_data*))
 .log_const_data_GPIOTE
                0x000000000000721c        0x8 Output/status_pca10040 Debug/Obj/nrfx_gpiote.o
                0x000000000000721c                m_nrf_log_GPIOTE_logs_data_const
 .log_const_data_PRS
                0x0000000000007224        0x8 Output/status_pca10040 Debug/Obj/nrfx_prs.o
                0x0000000000007224                m_nrf_log_PRS_logs_data_const
 .log_const_data_UART
                0x000000000000722c        0x8 Output/status_pca10040 Debug/Obj/nrfx_uart.o
                0x000000000000722c                m_nrf_log_UART_logs_data_const
 .log_const_data_UARTE
                0x0000000000007234        0x8 Output/status_pca10040 Debug/Obj/nrfx_uarte.o
                0x0000000000007234                m_nrf_log_UARTE_logs_data_const
 .log_const_data_app
                0x000000000000723c        0x8 Output/status_pca10040 Debug/Obj/nrf_log_frontend.o
                0x000000000000723c                m_nrf_log_app_logs_data_const
 .log_const_data_app_button
                0x0000000000007244        0x8 Output/status_pca10040 Debug/Obj/app_button.o
                0x0000000000007244                m_nrf_log_app_button_logs_data_const
 .log_const_data_app_timer
                0x000000000000724c        0x8 Output/status_pca10040 Debug/Obj/app_timer2.o
                0x000000000000724c                m_nrf_log_app_timer_logs_data_const
 .log_const_data_sortlist
                0x0000000000007254        0x8 Output/status_pca10040 Debug/Obj/nrf_sortlist.o
                0x0000000000007254                m_nrf_log_sortlist_logs_data_const
 .log_const_data_time_sync
                0x000000000000725c        0x8 Output/status_pca10040 Debug/Obj/time_sync - frame.o
                0x000000000000725c                m_nrf_log_time_sync_logs_data_const
                0x0000000000007264                __log_const_data_end__ = (__log_const_data_start__ + SIZEOF (.log_const_data))
                0x0000000000000048                __log_const_data_size__ = SIZEOF (.log_const_data)
                0x0000000000007264                __stop_log_const_data = __log_const_data_end__
                0x0000000000007264                __log_const_data_load_end__ = __log_const_data_end__
                0x0000000000000001                . = ASSERT (((__log_const_data_start__ == __log_const_data_end__) || ((__log_const_data_end__ - __FLASH_segment_start__) <= __FLASH_segment_size__)), error: .log_const_data is too large to fit in FLASH memory segment)
                0x0000000000007264                __log_backends_load_start__ = ALIGN (__log_const_data_end__, 0x4)

.log_backends   0x0000000000007264       0x10
                0x0000000000007264                __log_backends_start__ = .
                0x0000000000007264                __start_log_backends = __log_backends_start__
 *(SORT_BY_NAME(.log_backends*))
 .log_backends  0x0000000000007264       0x10 Output/status_pca10040 Debug/Obj/nrf_log_default_backends.o
                0x0000000000007274                __log_backends_end__ = (__log_backends_start__ + SIZEOF (.log_backends))
                0x0000000000000010                __log_backends_size__ = SIZEOF (.log_backends)
                0x0000000000007274                __stop_log_backends = __log_backends_end__
                0x0000000000007274                __log_backends_load_end__ = __log_backends_end__
                0x0000000000000001                . = ASSERT (((__log_backends_start__ == __log_backends_end__) || ((__log_backends_end__ - __FLASH_segment_start__) <= __FLASH_segment_size__)), error: .log_backends is too large to fit in FLASH memory segment)
                0x0000000000007274                __nrf_balloc_load_start__ = ALIGN (__log_backends_end__, 0x4)

.nrf_balloc     0x0000000000007274       0x28
                0x0000000000007274                __nrf_balloc_start__ = .
                0x0000000000007274                __start_nrf_balloc = __nrf_balloc_start__
 *(.nrf_balloc*)
 .nrf_balloc    0x0000000000007274       0x14 Output/status_pca10040 Debug/Obj/nrf_log_frontend.o
                0x0000000000007274                log_mempool
 .nrf_balloc    0x0000000000007288       0x14 Output/status_pca10040 Debug/Obj/time_sync - frame.o
                0x0000000000007288                m_sync_pkt_pool
                0x000000000000729c                __nrf_balloc_end__ = (__nrf_balloc_start__ + SIZEOF (.nrf_balloc))
                0x0000000000000028                __nrf_balloc_size__ = SIZEOF (.nrf_balloc)
                0x000000000000729c                __stop_nrf_balloc = __nrf_balloc_end__
                0x000000000000729c                __nrf_balloc_load_end__ = __nrf_balloc_end__
                0x0000000000000001                . = ASSERT (((__nrf_balloc_start__ == __nrf_balloc_end__) || ((__nrf_balloc_end__ - __FLASH_segment_start__) <= __FLASH_segment_size__)), error: .nrf_balloc is too large to fit in FLASH memory segment)
                0x000000000000729c                __nrf_sections_load_start__ = ALIGN (__nrf_balloc_end__, 0x4)

.nrf_sections   0x000000000000729c        0x0
                0x000000000000729c                __nrf_sections_start__ = .
                0x000000000000729c                __start_nrf_sections = __nrf_sections_start__
 *(.nrf_sections .nrf_sections.*)
                0x000000000000729c                __nrf_sections_end__ = (__nrf_sections_start__ + SIZEOF (.nrf_sections))
                0x0000000000000000                __nrf_sections_size__ = SIZEOF (.nrf_sections)
                0x000000000000729c                __nrf_sections_load_end__ = __nrf_sections_end__
                0x0000000000000001                . = ASSERT (((__nrf_sections_start__ == __nrf_sections_end__) || ((__nrf_sections_end__ - __FLASH_segment_start__) <= __FLASH_segment_size__)), error: .nrf_sections is too large to fit in FLASH memory segment)
                0x000000000000729c                __log_dynamic_data_load_start__ = ALIGN (__nrf_sections_end__, 0x4)

.log_dynamic_data
                0x0000000020000000        0x0 load address 0x000000000000729c
                0x0000000020000000                __log_dynamic_data_start__ = .
 *(SORT_BY_NAME(.log_dynamic_data*))
                0x0000000020000000                __log_dynamic_data_end__ = (__log_dynamic_data_start__ + SIZEOF (.log_dynamic_data))
                0x0000000000000000                __log_dynamic_data_size__ = SIZEOF (.log_dynamic_data)
                0x000000000000729c                __log_dynamic_data_load_end__ = (__log_dynamic_data_load_start__ + SIZEOF (.log_dynamic_data))
                0x0000000000000001                . = ASSERT (((__log_dynamic_data_load_start__ == __log_dynamic_data_load_end__) || ((__log_dynamic_data_load_end__ - __FLASH_segment_start__) <= __FLASH_segment_size__)), error: .log_dynamic_data is too large to fit in FLASH memory segment)

.log_dynamic_data_run
                0x0000000020000000        0x0
                0x0000000020000000                __log_dynamic_data_run_start__ = .
                0x0000000020000000                __start_log_dynamic_data = __log_dynamic_data_run_start__
                0x0000000020000000                . = MAX ((__log_dynamic_data_run_start__ + SIZEOF (.log_dynamic_data)), .)
                0x0000000020000000                __log_dynamic_data_run_end__ = (__log_dynamic_data_run_start__ + SIZEOF (.log_dynamic_data_run))
                0x0000000000000000                __log_dynamic_data_run_size__ = SIZEOF (.log_dynamic_data_run)
                0x0000000020000000                __stop_log_dynamic_data = __log_dynamic_data_run_end__
                0x0000000020000000                __log_dynamic_data_run_load_end__ = __log_dynamic_data_run_end__
                0x0000000000000001                . = ASSERT (((__log_dynamic_data_run_start__ == __log_dynamic_data_run_end__) || ((__log_dynamic_data_run_end__ - __RAM_segment_start__) <= __RAM_segment_size__)), error: .log_dynamic_data_run is too large to fit in RAM memory segment)
                0x000000000000729c                __log_filter_data_load_start__ = ALIGN ((__log_dynamic_data_load_start__ + SIZEOF (.log_dynamic_data)), 0x4)

.log_filter_data
                0x0000000020000000        0x0 load address 0x000000000000729c
                0x0000000020000000                __log_filter_data_start__ = .
 *(SORT_BY_NAME(.log_filter_data*))
                0x0000000020000000                __log_filter_data_end__ = (__log_filter_data_start__ + SIZEOF (.log_filter_data))
                0x0000000000000000                __log_filter_data_size__ = SIZEOF (.log_filter_data)
                0x000000000000729c                __log_filter_data_load_end__ = (__log_filter_data_load_start__ + SIZEOF (.log_filter_data))
                0x0000000000000001                . = ASSERT (((__log_filter_data_load_start__ == __log_filter_data_load_end__) || ((__log_filter_data_load_end__ - __FLASH_segment_start__) <= __FLASH_segment_size__)), error: .log_filter_data is too large to fit in FLASH memory segment)

.log_filter_data_run
                0x0000000020000000        0x0
                0x0000000020000000                __log_filter_data_run_start__ = .
                0x0000000020000000                __start_log_filter_data = __log_filter_data_run_start__
                0x0000000020000000                . = MAX ((__log_filter_data_run_start__ + SIZEOF (.log_filter_data)), .)
                0x0000000020000000                __log_filter_data_run_end__ = (__log_filter_data_run_start__ + SIZEOF (.log_filter_data_run))
                0x0000000000000000                __log_filter_data_run_size__ = SIZEOF (.log_filter_data_run)
                0x0000000020000000                __stop_log_filter_data = __log_filter_data_run_end__
                0x0000000020000000                __log_filter_data_run_load_end__ = __log_filter_data_run_end__
                0x0000000000000001                . = ASSERT (((__log_filter_data_run_start__ == __log_filter_data_run_end__) || ((__log_filter_data_run_end__ - __RAM_segment_start__) <= __RAM_segment_size__)), error: .log_filter_data_run is too large to fit in RAM memory segment)
                0x0000000020000000                __nrf_sections_run_end_load_start__ = ALIGN (__log_filter_data_run_end__, 0x4)

.nrf_sections_run_end
                0x0000000020000000        0x0
                0x0000000020000000                __nrf_sections_run_end_start__ = .
                0x0000000020000000                __end_nrf_sections_run = __nrf_sections_run_end_start__
 *(.nrf_sections_run_end .nrf_sections_run_end.*)
                0x0000000020000000                __nrf_sections_run_end_end__ = (__nrf_sections_run_end_start__ + SIZEOF (.nrf_sections_run_end))
                0x0000000000000000                __nrf_sections_run_end_size__ = SIZEOF (.nrf_sections_run_end)
                0x0000000020000000                __nrf_sections_run_end_load_end__ = __nrf_sections_run_end_end__
                0x0000000000000001                . = ASSERT (((__nrf_sections_run_end_start__ == __nrf_sections_run_end_end__) || ((__nrf_sections_run_end_end__ - __RAM_segment_start__) <= __RAM_segment_size__)), error: .nrf_sections_run_end is too large to fit in RAM memory segment)
                0x000000000000729c                __dtors_load_start__ = ALIGN ((__log_filter_data_load_start__ + SIZEOF (.log_filter_data)), 0x4)

.dtors          0x000000000000729c        0x0
                0x000000000000729c                __dtors_start__ = .
 *(SORT_BY_NAME(.dtors.*))
 *(.dtors)
 *(.fini_array)
 *(SORT_BY_NAME(.fini_array.*))
                0x000000000000729c                __dtors_end__ = (__dtors_start__ + SIZEOF (.dtors))
                0x0000000000000000                __dtors_size__ = SIZEOF (.dtors)
                0x000000000000729c                __dtors_load_end__ = __dtors_end__
                0x0000000000000001                . = ASSERT (((__dtors_start__ == __dtors_end__) || ((__dtors_end__ - __FLASH_segment_start__) <= __FLASH_segment_size__)), error: .dtors is too large to fit in FLASH memory segment)
                0x000000000000729c                __ctors_load_start__ = ALIGN (__dtors_end__, 0x4)

.ctors          0x000000000000729c        0x0
                0x000000000000729c                __ctors_start__ = .
 *(SORT_BY_NAME(.ctors.*))
 *(.ctors)
 *(.init_array)
 *(SORT_BY_NAME(.init_array.*))
                0x000000000000729c                __ctors_end__ = (__ctors_start__ + SIZEOF (.ctors))
                0x0000000000000000                __ctors_size__ = SIZEOF (.ctors)
                0x000000000000729c                __ctors_load_end__ = __ctors_end__
                0x0000000000000001                . = ASSERT (((__ctors_start__ == __ctors_end__) || ((__ctors_end__ - __FLASH_segment_start__) <= __FLASH_segment_size__)), error: .ctors is too large to fit in FLASH memory segment)
                0x000000000000729c                __rodata_load_start__ = ALIGN (__ctors_end__, 0x4)

.rodata         0x000000000000729c     0x118c
                0x000000000000729c                __rodata_start__ = .
 *(.rodata .rodata.* .gnu.linkonce.r.*)
 .rodata.nrf_log_backend_rtt_api
                0x000000000000729c        0xc Output/status_pca10040 Debug/Obj/nrf_log_backend_rtt.o
                0x000000000000729c                nrf_log_backend_rtt_api
 *fill*         0x00000000000072a8        0x8 
 .rodata.delay_machine_code.8181
                0x00000000000072b0        0x6 Output/status_pca10040 Debug/Obj/nrf_log_backend_rtt.o
 *fill*         0x00000000000072b6        0x2 
 .rodata        0x00000000000072b8       0x65 Output/status_pca10040 Debug/Obj/nrf_log_default_backends.o
 *fill*         0x000000000000731d        0x3 
 .rodata.m_log_push_ringbuf
                0x0000000000007320        0xc Output/status_pca10040 Debug/Obj/nrf_log_frontend.o
 .rodata        0x000000000000732c       0x65 Output/status_pca10040 Debug/Obj/nrf_log_frontend.o
 *fill*         0x0000000000007391        0x3 
 .rodata        0x0000000000007394       0xaa Output/status_pca10040 Debug/Obj/nrf_log_str_formatter.o
 *fill*         0x000000000000743e        0x2 
 .rodata        0x0000000000007440       0x6c Output/status_pca10040 Debug/Obj/boards.o
 .rodata.m_board_led_list
                0x00000000000074ac        0x4 Output/status_pca10040 Debug/Obj/boards.o
 .rodata.m_board_btn_list
                0x00000000000074b0        0x4 Output/status_pca10040 Debug/Obj/boards.o
 .rodata        0x00000000000074b4       0x52 Output/status_pca10040 Debug/Obj/app_button.o
 *fill*         0x0000000000007506        0x2 
 .rodata.m_detection_delay_timer_id
                0x0000000000007508        0x4 Output/status_pca10040 Debug/Obj/app_button.o
 .rodata        0x000000000000750c       0x70 Output/status_pca10040 Debug/Obj/app_error_weak.o
 .rodata        0x000000000000757c       0x58 Output/status_pca10040 Debug/Obj/app_timer2.o
 .rodata.m_app_timer_sortlist
                0x00000000000075d4        0xc Output/status_pca10040 Debug/Obj/app_timer2.o
 .rodata        0x00000000000075e0       0x4b Output/status_pca10040 Debug/Obj/app_util_platform.o
 *fill*         0x000000000000762b        0x1 
 .rodata        0x000000000000762c       0xf4 Output/status_pca10040 Debug/Obj/drv_rtc.o
 .rodata.delay_machine_code.7573
                0x0000000000007720        0x6 Output/status_pca10040 Debug/Obj/drv_rtc.o
 *fill*         0x0000000000007726        0x2 
 .rodata        0x0000000000007728       0x46 Output/status_pca10040 Debug/Obj/nrf_balloc.o
 *fill*         0x000000000000776e        0x2 
 .rodata        0x0000000000007770       0x3c Output/status_pca10040 Debug/Obj/nrf_fprintf.o
 .rodata        0x00000000000077ac       0x43 Output/status_pca10040 Debug/Obj/nrf_fprintf_format.o
 *fill*         0x00000000000077ef        0x1 
 .rodata._aV2C.7501
                0x00000000000077f0       0x10 Output/status_pca10040 Debug/Obj/nrf_fprintf_format.o
 .rodata        0x0000000000007800       0x46 Output/status_pca10040 Debug/Obj/nrf_memobj.o
 *fill*         0x0000000000007846        0x2 
 .rodata        0x0000000000007848       0x56 Output/status_pca10040 Debug/Obj/nrf_sortlist.o
 *fill*         0x000000000000789e        0x2 
 .rodata.m_unknown_str
                0x00000000000078a0       0x13 Output/status_pca10040 Debug/Obj/nrf_strerror.o
 *fill*         0x00000000000078b3        0x1 
 .rodata        0x00000000000078b4      0x3bd Output/status_pca10040 Debug/Obj/nrf_strerror.o
 *fill*         0x0000000000007c71        0x3 
 .rodata.nrf_strerror_array
                0x0000000000007c74      0x118 Output/status_pca10040 Debug/Obj/nrf_strerror.o
 .rodata        0x0000000000007d8c       0xb4 Output/status_pca10040 Debug/Obj/nrfx_gpiote.o
 .rodata        0x0000000000007e40       0x49 Output/status_pca10040 Debug/Obj/nrfx_prs.o
 *fill*         0x0000000000007e89        0x3 
 .rodata        0x0000000000007e8c       0xb2 Output/status_pca10040 Debug/Obj/nrfx_uart.o
 *fill*         0x0000000000007f3e        0x2 
 .rodata        0x0000000000007f40       0xb3 Output/status_pca10040 Debug/Obj/nrfx_uarte.o
 *fill*         0x0000000000007ff3        0x1 
 .rodata.m_bsp_leds_tmr
                0x0000000000007ff4        0x4 Output/status_pca10040 Debug/Obj/bsp.o
 .rodata.m_bsp_alert_tmr
                0x0000000000007ff8        0x4 Output/status_pca10040 Debug/Obj/bsp.o
 .rodata.m_bsp_button_tmr
                0x0000000000007ffc        0x4 Output/status_pca10040 Debug/Obj/bsp.o
 .rodata.app_buttons
                0x0000000000008000       0x20 Output/status_pca10040 Debug/Obj/bsp.o
 .rodata        0x0000000000008020       0xd5 Output/status_pca10040 Debug/Obj/main.o
 *fill*         0x00000000000080f5        0x3 
 .rodata        0x00000000000080f8       0xd5 Output/status_pca10040 Debug/Obj/time_sync - frame.o
 *fill*         0x00000000000081cd        0x3 
 .rodata        0x00000000000081d0       0x17 Output/status_pca10040 Debug/Obj/SEGGER_RTT.o
 *fill*         0x00000000000081e7        0x1 
 .rodata.libc.__RAL_ascii_ctype_map
                0x00000000000081e8       0x80 D:/SEGGER/SEGGER Embedded Studio for ARM 4.30/lib/libc_v7em_fpv4_sp_d16_hard_t_le_eabi.a(libc2.o)
                0x00000000000081e8                __RAL_ascii_ctype_map
 .rodata.libc.__RAL_ascii_ctype_mask
                0x0000000000008268        0xd D:/SEGGER/SEGGER Embedded Studio for ARM 4.30/lib/libc_v7em_fpv4_sp_d16_hard_t_le_eabi.a(libc2.o)
 *fill*         0x0000000000008275        0x3 
 .rodata.libc.__RAL_c_locale
                0x0000000000008278        0xc D:/SEGGER/SEGGER Embedded Studio for ARM 4.30/lib/libc_v7em_fpv4_sp_d16_hard_t_le_eabi.a(libc2.o)
                0x0000000000008278                __RAL_c_locale
 .rodata.libc.__RAL_c_locale_abbrev_day_names
                0x0000000000008284       0x1d D:/SEGGER/SEGGER Embedded Studio for ARM 4.30/lib/libc_v7em_fpv4_sp_d16_hard_t_le_eabi.a(libc2.o)
                0x0000000000008284                __RAL_c_locale_abbrev_day_names
 *fill*         0x00000000000082a1        0x3 
 .rodata.libc.__RAL_c_locale_abbrev_month_names
                0x00000000000082a4       0x31 D:/SEGGER/SEGGER Embedded Studio for ARM 4.30/lib/libc_v7em_fpv4_sp_d16_hard_t_le_eabi.a(libc2.o)
                0x00000000000082a4                __RAL_c_locale_abbrev_month_names
 *fill*         0x00000000000082d5        0x3 
 .rodata.libc.__RAL_c_locale_am_pm_indicator
                0x00000000000082d8        0x7 D:/SEGGER/SEGGER Embedded Studio for ARM 4.30/lib/libc_v7em_fpv4_sp_d16_hard_t_le_eabi.a(libc2.o)
                0x00000000000082d8                __RAL_c_locale_am_pm_indicator
 *fill*         0x00000000000082df        0x1 
 .rodata.libc.__RAL_c_locale_data
                0x00000000000082e0       0x58 D:/SEGGER/SEGGER Embedded Studio for ARM 4.30/lib/libc_v7em_fpv4_sp_d16_hard_t_le_eabi.a(libc2.o)
                0x00000000000082e0                __RAL_c_locale_data
 .rodata.libc.__RAL_c_locale_date_format
                0x0000000000008338        0x9 D:/SEGGER/SEGGER Embedded Studio for ARM 4.30/lib/libc_v7em_fpv4_sp_d16_hard_t_le_eabi.a(libc2.o)
                0x0000000000008338                __RAL_c_locale_date_format
 *fill*         0x0000000000008341        0x3 
 .rodata.libc.__RAL_c_locale_date_time_format
                0x0000000000008344        0xf D:/SEGGER/SEGGER Embedded Studio for ARM 4.30/lib/libc_v7em_fpv4_sp_d16_hard_t_le_eabi.a(libc2.o)
                0x0000000000008344                __RAL_c_locale_date_time_format
 *fill*         0x0000000000008353        0x1 
 .rodata.libc.__RAL_c_locale_day_names
                0x0000000000008354       0x3a D:/SEGGER/SEGGER Embedded Studio for ARM 4.30/lib/libc_v7em_fpv4_sp_d16_hard_t_le_eabi.a(libc2.o)
                0x0000000000008354                __RAL_c_locale_day_names
 *fill*         0x000000000000838e        0x2 
 .rodata.libc.__RAL_c_locale_month_names
                0x0000000000008390       0x57 D:/SEGGER/SEGGER Embedded Studio for ARM 4.30/lib/libc_v7em_fpv4_sp_d16_hard_t_le_eabi.a(libc2.o)
                0x0000000000008390                __RAL_c_locale_month_names
 *fill*         0x00000000000083e7        0x1 
 .rodata.libc.__RAL_c_locale_time_format
                0x00000000000083e8        0x9 D:/SEGGER/SEGGER Embedded Studio for ARM 4.30/lib/libc_v7em_fpv4_sp_d16_hard_t_le_eabi.a(libc2.o)
                0x00000000000083e8                __RAL_c_locale_time_format
 *fill*         0x00000000000083f1        0x3 
 .rodata.libc.__RAL_codeset_ascii
                0x00000000000083f4       0x20 D:/SEGGER/SEGGER Embedded Studio for ARM 4.30/lib/libc_v7em_fpv4_sp_d16_hard_t_le_eabi.a(libc2.o)
                0x00000000000083f4                __RAL_codeset_ascii
 .rodata.libc.__RAL_data_empty_string
                0x0000000000008414        0x1 D:/SEGGER/SEGGER Embedded Studio for ARM 4.30/lib/libc_v7em_fpv4_sp_d16_hard_t_le_eabi.a(libc2.o)
                0x0000000000008414                __RAL_data_empty_string
 *fill*         0x0000000000008415        0x3 
 .rodata.libc.__RAL_data_utf8_period
                0x0000000000008418        0x2 D:/SEGGER/SEGGER Embedded Studio for ARM 4.30/lib/libc_v7em_fpv4_sp_d16_hard_t_le_eabi.a(libc2.o)
                0x0000000000008418                __RAL_data_utf8_period
 *fill*         0x000000000000841a        0x2 
 .rodata.libc.__RAL_find_locale.str1.4
                0x000000000000841c        0xc D:/SEGGER/SEGGER Embedded Studio for ARM 4.30/lib/libc_v7em_fpv4_sp_d16_hard_t_le_eabi.a(libc2.o)
                                          0xa (size before relaxing)
                0x0000000000008428                __rodata_end__ = (__rodata_start__ + SIZEOF (.rodata))
                0x000000000000118c                __rodata_size__ = SIZEOF (.rodata)
                0x0000000000008428                __rodata_load_end__ = __rodata_end__

.rel.dyn        0x0000000000008428        0x0
 .rel.iplt      0x0000000000008428        0x0 Output/status_pca10040 Debug/Obj/thumb_crt0.o
                0x0000000000000001                . = ASSERT (((__rodata_start__ == __rodata_end__) || ((__rodata_end__ - __FLASH_segment_start__) <= __FLASH_segment_size__)), error: .rodata is too large to fit in FLASH memory segment)
                0x0000000000008428                __ARM.exidx_load_start__ = ALIGN (__rodata_end__, 0x4)

.ARM.exidx      0x0000000000008428        0x0
                0x0000000000008428                __ARM.exidx_start__ = .
                0x0000000000008428                __exidx_start = __ARM.exidx_start__
 *(.ARM.exidx .ARM.exidx.*)
                0x0000000000008428                __ARM.exidx_end__ = (__ARM.exidx_start__ + SIZEOF (.ARM.exidx))
                0x0000000000000000                __ARM.exidx_size__ = SIZEOF (.ARM.exidx)
                0x0000000000008428                __exidx_end = __ARM.exidx_end__
                0x0000000000008428                __ARM.exidx_load_end__ = __ARM.exidx_end__
                0x0000000000000001                . = ASSERT (((__ARM.exidx_start__ == __ARM.exidx_end__) || ((__ARM.exidx_end__ - __FLASH_segment_start__) <= __FLASH_segment_size__)), error: .ARM.exidx is too large to fit in FLASH memory segment)
                0x0000000000008428                __fast_load_start__ = ALIGN (__ARM.exidx_end__, 0x4)

.fast           0x0000000020000000        0x0 load address 0x0000000000008428
                0x0000000020000000                __fast_start__ = .
 *(.fast .fast.*)
                0x0000000020000000                __fast_end__ = (__fast_start__ + SIZEOF (.fast))
                0x0000000000000000                __fast_size__ = SIZEOF (.fast)
                0x0000000000008428                __fast_load_end__ = (__fast_load_start__ + SIZEOF (.fast))
                0x0000000000000001                . = ASSERT (((__fast_load_start__ == __fast_load_end__) || ((__fast_load_end__ - __FLASH_segment_start__) <= __FLASH_segment_size__)), error: .fast is too large to fit in FLASH memory segment)

.fast_run       0x0000000020000000        0x0
                0x0000000020000000                __fast_run_start__ = .
                0x0000000020000000                . = MAX ((__fast_run_start__ + SIZEOF (.fast)), .)
                0x0000000020000000                __fast_run_end__ = (__fast_run_start__ + SIZEOF (.fast_run))
                0x0000000000000000                __fast_run_size__ = SIZEOF (.fast_run)
                0x0000000020000000                __fast_run_load_end__ = __fast_run_end__
                0x0000000000000001                . = ASSERT (((__fast_run_start__ == __fast_run_end__) || ((__fast_run_end__ - __RAM_segment_start__) <= __RAM_segment_size__)), error: .fast_run is too large to fit in RAM memory segment)
                0x0000000000008428                __data_load_start__ = ALIGN ((__fast_load_start__ + SIZEOF (.fast)), 0x4)

.data           0x0000000020000000       0x68 load address 0x0000000000008428
                0x0000000020000000                __data_start__ = .
 *(.data .data.* .gnu.linkonce.d.*)
 .data.log_backend_cb_rtt_log_backend
                0x0000000020000000        0x8 Output/status_pca10040 Debug/Obj/nrf_log_default_backends.o
 .data.severity_names
                0x0000000020000008       0x14 Output/status_pca10040 Debug/Obj/nrf_log_str_formatter.o
 .data.m_colors
                0x000000002000001c       0x24 Output/status_pca10040 Debug/Obj/nrf_log_str_formatter.o
 .data.m_rtc_inst
                0x0000000020000040        0x8 Output/status_pca10040 Debug/Obj/app_timer2.o
 .data.m_device_num
                0x0000000020000048        0x1 Output/status_pca10040 Debug/Obj/time_sync - frame.o
 .data.send_timeslot
                0x0000000020000049        0x1 Output/status_pca10040 Debug/Obj/time_sync - frame.o
                0x0000000020000049                send_timeslot
 *fill*         0x000000002000004a        0x2 
 .data.COUNT    0x000000002000004c        0x4 Output/status_pca10040 Debug/Obj/time_sync - frame.o
 .data.SystemCoreClock
                0x0000000020000050        0x4 Output/status_pca10040 Debug/Obj/system_nrf52.o
                0x0000000020000050                SystemCoreClock
 .data.libc.__RAL_global_locale
                0x0000000020000054       0x14 D:/SEGGER/SEGGER Embedded Studio for ARM 4.30/lib/libc_v7em_fpv4_sp_d16_hard_t_le_eabi.a(libc2.o)
                0x0000000020000054                __RAL_global_locale
                0x0000000020000068                __data_end__ = (__data_start__ + SIZEOF (.data))
                0x0000000000000068                __data_size__ = SIZEOF (.data)
                0x0000000000008490                __data_load_end__ = (__data_load_start__ + SIZEOF (.data))

.igot.plt       0x0000000100000000        0x0
 .igot.plt      0x0000000100000000        0x0 Output/status_pca10040 Debug/Obj/thumb_crt0.o
                0x0000000000000001                . = ASSERT (((__data_load_start__ == __data_load_end__) || ((__data_load_end__ - __FLASH_segment_start__) <= __FLASH_segment_size__)), error: .data is too large to fit in FLASH memory segment)

.data_run       0x0000000020000000       0x68 load address 0x0000000000008428
                0x0000000020000000                __data_run_start__ = .
                0x0000000020000068                . = MAX ((__data_run_start__ + SIZEOF (.data)), .)
 *fill*         0x0000000020000000       0x68 
                0x0000000020000068                __data_run_end__ = (__data_run_start__ + SIZEOF (.data_run))
                0x0000000000000068                __data_run_size__ = SIZEOF (.data_run)
                0x0000000020000068                __data_run_load_end__ = __data_run_end__
                0x0000000000000001                . = ASSERT (((__data_run_start__ == __data_run_end__) || ((__data_run_end__ - __RAM_segment_start__) <= __RAM_segment_size__)), error: .data_run is too large to fit in RAM memory segment)
                0x0000000000008490                __tdata_load_start__ = ALIGN ((__data_load_start__ + SIZEOF (.data)), 0x4)

.tdata          0x0000000020000068        0x0 load address 0x0000000000008490
                0x0000000020000068                __tdata_start__ = .
 *(.tdata .tdata.*)
                0x0000000020000068                __tdata_end__ = (__tdata_start__ + SIZEOF (.tdata))
                0x0000000000000000                __tdata_size__ = SIZEOF (.tdata)
                0x0000000000008490                __tdata_load_end__ = (__tdata_load_start__ + SIZEOF (.tdata))
                0x0000000000008490                __FLASH_segment_used_end__ = (ALIGN ((__data_load_start__ + SIZEOF (.data)), 0x4) + SIZEOF (.tdata))
                0x0000000000008490                __FLASH_segment_used_size__ = (__FLASH_segment_used_end__ - __FLASH_segment_start__)
                0x0000000000000001                . = ASSERT (((__tdata_load_start__ == __tdata_load_end__) || ((__tdata_load_end__ - __FLASH_segment_start__) <= __FLASH_segment_size__)), error: .tdata is too large to fit in FLASH memory segment)

.tdata_run      0x0000000020000068        0x0
                0x0000000020000068                __tdata_run_start__ = .
                0x0000000020000068                . = MAX ((__tdata_run_start__ + SIZEOF (.tdata)), .)
                0x0000000020000068                __tdata_run_end__ = (__tdata_run_start__ + SIZEOF (.tdata_run))
                0x0000000000000000                __tdata_run_size__ = SIZEOF (.tdata_run)
                0x0000000020000068                __tdata_run_load_end__ = __tdata_run_end__
                0x0000000000000001                . = ASSERT (((__tdata_run_start__ == __tdata_run_end__) || ((__tdata_run_end__ - __RAM_segment_start__) <= __RAM_segment_size__)), error: .tdata_run is too large to fit in RAM memory segment)
                0x0000000020000068                __bss_load_start__ = ALIGN (__tdata_run_end__, 0x4)

.bss            0x0000000020000068      0xb14
                0x0000000020000068                __bss_start__ = .
 *(.bss .bss.* .gnu.linkonce.b.*)
 .bss.m_host_present
                0x0000000020000068        0x1 Output/status_pca10040 Debug/Obj/nrf_log_backend_rtt.o
 *fill*         0x0000000020000069        0x3 
 .bss.m_string_buff
                0x000000002000006c       0x40 Output/status_pca10040 Debug/Obj/nrf_log_backend_rtt.o
 .bss.log_mempool_nrf_balloc_pool_stack
                0x00000000200000ac        0x8 Output/status_pca10040 Debug/Obj/nrf_log_frontend.o
 .bss.log_mempool_nrf_balloc_pool_mem
                0x00000000200000b4       0xc0 Output/status_pca10040 Debug/Obj/nrf_log_frontend.o
 .bss.log_mempool_nrf_balloc_cb
                0x0000000020000174        0x8 Output/status_pca10040 Debug/Obj/nrf_log_frontend.o
 .bss.m_log_push_ringbuf_buf
                0x000000002000017c       0x80 Output/status_pca10040 Debug/Obj/nrf_log_frontend.o
 .bss.m_log_push_ringbuf_cb
                0x00000000200001fc       0x18 Output/status_pca10040 Debug/Obj/nrf_log_frontend.o
 .bss.m_log_data
                0x0000000020000214      0x424 Output/status_pca10040 Debug/Obj/nrf_log_frontend.o
 .bss.mp_buttons
                0x0000000020000638        0x4 Output/status_pca10040 Debug/Obj/app_button.o
 .bss.m_button_count
                0x000000002000063c        0x1 Output/status_pca10040 Debug/Obj/app_button.o
 *fill*         0x000000002000063d        0x3 
 .bss.m_detection_delay
                0x0000000020000640        0x4 Output/status_pca10040 Debug/Obj/app_button.o
 *fill*         0x0000000020000644        0x4 
 .bss.m_detection_delay_timer_id_data
                0x0000000020000648       0x20 Output/status_pca10040 Debug/Obj/app_button.o
 .bss.m_pin_active
                0x0000000020000668        0x8 Output/status_pca10040 Debug/Obj/app_button.o
 .bss.m_pin_states
                0x0000000020000670       0x10 Output/status_pca10040 Debug/Obj/app_button.o
 .bss.m_error_data.7426
                0x0000000020000680       0x20 Output/status_pca10040 Debug/Obj/app_error.o
 .bss.mp_active_timer
                0x00000000200006a0        0x4 Output/status_pca10040 Debug/Obj/app_timer2.o
 .bss.m_global_active
                0x00000000200006a4        0x1 Output/status_pca10040 Debug/Obj/app_timer2.o
 *fill*         0x00000000200006a5        0x3 
 .bss.m_base_counter
                0x00000000200006a8        0x8 Output/status_pca10040 Debug/Obj/app_timer2.o
 .bss.m_stamp64
                0x00000000200006b0        0x8 Output/status_pca10040 Debug/Obj/app_timer2.o
 .bss.m_req_fifo_data
                0x00000000200006b8       0x58 Output/status_pca10040 Debug/Obj/app_timer2.o
 .bss.m_req_fifo_inst
                0x0000000020000710       0x10 Output/status_pca10040 Debug/Obj/app_timer2.o
 .bss.m_app_timer_sortlist_sortlist_cb
                0x0000000020000720        0x4 Output/status_pca10040 Debug/Obj/app_timer2.o
 .bss.m_in_critical_region
                0x0000000020000724        0x4 Output/status_pca10040 Debug/Obj/app_util_platform.o
 .bss.m_handlers
                0x0000000020000728        0x4 Output/status_pca10040 Debug/Obj/drv_rtc.o
 .bss.m_cb      0x000000002000072c        0x8 Output/status_pca10040 Debug/Obj/drv_rtc.o
 .bss.m_cb      0x0000000020000734       0x5c Output/status_pca10040 Debug/Obj/nrfx_gpiote.o
 .bss.m_prs_box_4
                0x0000000020000790        0x8 Output/status_pca10040 Debug/Obj/nrfx_prs.o
 .bss.m_stable_state
                0x0000000020000798        0x1 Output/status_pca10040 Debug/Obj/bsp.o
 .bss.m_leds_clear
                0x0000000020000799        0x1 Output/status_pca10040 Debug/Obj/bsp.o
 *fill*         0x000000002000079a        0x2 
 .bss.m_indication_type
                0x000000002000079c        0x4 Output/status_pca10040 Debug/Obj/bsp.o
 .bss.m_alert_on
                0x00000000200007a0        0x1 Output/status_pca10040 Debug/Obj/bsp.o
 *fill*         0x00000000200007a1        0x7 
 .bss.m_bsp_leds_tmr_data
                0x00000000200007a8       0x20 Output/status_pca10040 Debug/Obj/bsp.o
 .bss.m_bsp_alert_tmr_data
                0x00000000200007c8       0x20 Output/status_pca10040 Debug/Obj/bsp.o
 .bss.m_registered_callback
                0x00000000200007e8        0x4 Output/status_pca10040 Debug/Obj/bsp.o
 .bss.m_events_list
                0x00000000200007ec        0xc Output/status_pca10040 Debug/Obj/bsp.o
 .bss.m_bsp_button_tmr_data
                0x00000000200007f8       0x20 Output/status_pca10040 Debug/Obj/bsp.o
 .bss.current_long_push_pin_no.8166
                0x0000000020000818        0x1 Output/status_pca10040 Debug/Obj/bsp.o
 *fill*         0x0000000020000819        0x3 
 .bss.release_event_at_push.8167
                0x000000002000081c        0x4 Output/status_pca10040 Debug/Obj/bsp.o
 .bss.send      0x0000000020000820        0x1 Output/status_pca10040 Debug/Obj/main.o
 *fill*         0x0000000020000821        0x3 
 .bss.m_sync_pkt_pool_nrf_balloc_pool_stack
                0x0000000020000824        0xa Output/status_pca10040 Debug/Obj/time_sync - frame.o
 *fill*         0x000000002000082e        0x2 
 .bss.m_sync_pkt_pool_nrf_balloc_pool_mem
                0x0000000020000830       0x78 Output/status_pca10040 Debug/Obj/time_sync - frame.o
 .bss.m_sync_pkt_pool_nrf_balloc_cb
                0x00000000200008a8        0x8 Output/status_pca10040 Debug/Obj/time_sync - frame.o
 .bss.m_params  0x00000000200008b0       0x20 Output/status_pca10040 Debug/Obj/time_sync - frame.o
 .bss.m_send_sync_pkt
                0x00000000200008d0        0x1 Output/status_pca10040 Debug/Obj/time_sync - frame.o
 *fill*         0x00000000200008d1        0x3 
 .bss.m_rcv_count
                0x00000000200008d4        0x4 Output/status_pca10040 Debug/Obj/time_sync - frame.o
 .bss.m_period  0x00000000200008d8        0x1 Output/status_pca10040 Debug/Obj/time_sync - frame.o
 *fill*         0x00000000200008d9        0x1 
 .bss.m_ask_period
                0x00000000200008da        0x2 Output/status_pca10040 Debug/Obj/time_sync - frame.o
 .bss.mp_curr_adj_pkt
                0x00000000200008dc        0x4 Output/status_pca10040 Debug/Obj/time_sync - frame.o
 .bss.send_time_estimate
                0x00000000200008e0        0x4 Output/status_pca10040 Debug/Obj/time_sync - frame.o
 .bss.cur_time_receive
                0x00000000200008e4        0x4 Output/status_pca10040 Debug/Obj/time_sync - frame.o
 .bss.last_count
                0x00000000200008e8        0x4 Output/status_pca10040 Debug/Obj/time_sync - frame.o
 .bss.time      0x00000000200008ec        0x4 Output/status_pca10040 Debug/Obj/time_sync - frame.o
 .bss.m_radio_state
                0x00000000200008f0        0x1 Output/status_pca10040 Debug/Obj/time_sync - frame.o
 *fill*         0x00000000200008f1        0x3 
 .bss._SEGGER_RTT
                0x00000000200008f4       0x78 Output/status_pca10040 Debug/Obj/SEGGER_RTT.o
                0x00000000200008f4                _SEGGER_RTT
 .bss._acUpBuffer
                0x000000002000096c      0x200 Output/status_pca10040 Debug/Obj/SEGGER_RTT.o
 .bss._acDownBuffer
                0x0000000020000b6c       0x10 Output/status_pca10040 Debug/Obj/SEGGER_RTT.o
 *(COMMON)
                0x0000000020000b7c                __bss_end__ = (__bss_start__ + SIZEOF (.bss))
                0x0000000000000b14                __bss_size__ = SIZEOF (.bss)
                0x0000000020000b7c                __bss_load_end__ = __bss_end__
                0x0000000000000001                . = ASSERT (((__bss_start__ == __bss_end__) || ((__bss_end__ - __RAM_segment_start__) <= __RAM_segment_size__)), error: .bss is too large to fit in RAM memory segment)