Archive member included to satisfy reference by file (symbol)

D:/SEGGER/SEGGER Embedded Studio for ARM 4.30/lib/libm_v7em_fpv4_sp_d16_hard_t_le_eabi.a(libm_asm.o)
                              Output/transmitter_pca10040 Debug/Obj/time_sync - KF - status.o (__aeabi_dadd)
D:/SEGGER/SEGGER Embedded Studio for ARM 4.30/lib/libc_v7em_fpv4_sp_d16_hard_t_le_eabi.a(libc_asm.o)
                              Output/transmitter_pca10040 Debug/Obj/bsp.o (__aeabi_uldivmod)
D:/SEGGER/SEGGER Embedded Studio for ARM 4.30/lib/libc_v7em_fpv4_sp_d16_hard_t_le_eabi.a(libc2.o)
                              Output/transmitter_pca10040 Debug/Obj/nrf_log_str_formatter.o (isprint)
D:/SEGGER/SEGGER Embedded Studio for ARM 4.30/lib/libc_v7em_fpv4_sp_d16_hard_t_le_eabi.a(libc2_asm.o)
                              Output/transmitter_pca10040 Debug/Obj/nrf_log_frontend.o (memcpy)
D:/SEGGER/SEGGER Embedded Studio for ARM 4.30/lib/libc_v7em_fpv4_sp_d16_hard_t_le_eabi.a(libc.o)
                              D:/SEGGER/SEGGER Embedded Studio for ARM 4.30/lib/libc_v7em_fpv4_sp_d16_hard_t_le_eabi.a(libc2.o) (__heap_lock)
D:/SEGGER/SEGGER Embedded Studio for ARM 4.30/lib/libdebugio_v7em_fpv4_sp_d16_hard_t_le_eabi.a(libdebugio.o)
                              Output/transmitter_pca10040 Debug/Obj/thumb_crt0.o (debug_fopen)
D:/SEGGER/SEGGER Embedded Studio for ARM 4.30/lib/libdebugio_mempoll_v7em_fpv4_sp_d16_hard_t_le_eabi.a(mempoll_debug_operations.o)
                              D:/SEGGER/SEGGER Embedded Studio for ARM 4.30/lib/libdebugio_v7em_fpv4_sp_d16_hard_t_le_eabi.a(libdebugio.o) (__do_debug_operation)
D:/SEGGER/SEGGER Embedded Studio for ARM 4.30/lib/libdebugio_mempoll_v7em_fpv4_sp_d16_hard_t_le_eabi.a(do_nv_debug_operation.o)
                              D:/SEGGER/SEGGER Embedded Studio for ARM 4.30/lib/libdebugio_v7em_fpv4_sp_d16_hard_t_le_eabi.a(libdebugio.o) (__do_nvdebug_operation)
D:/SEGGER/SEGGER Embedded Studio for ARM 4.30/lib/libm_v7em_fpv4_sp_d16_hard_t_le_eabi.a(libm2.o)
                              D:/SEGGER/SEGGER Embedded Studio for ARM 4.30/lib/libvfprintf_v7em_fpv4_sp_d16_hard_t_le_eabi.o (frexp)

Discarded input sections

 .text          0x0000000000000000        0x0 Output/transmitter_pca10040 Debug/Obj/thumb_crt0.o
 .data          0x0000000000000000        0x0 Output/transmitter_pca10040 Debug/Obj/thumb_crt0.o
 .bss           0x0000000000000000        0x0 Output/transmitter_pca10040 Debug/Obj/thumb_crt0.o
 .text.__aeabi_read_tp
                0x0000000000000000        0x8 Output/transmitter_pca10040 Debug/Obj/thumb_crt0.o
 .text.abort    0x0000000000000000        0x2 Output/transmitter_pca10040 Debug/Obj/thumb_crt0.o
 .text.__assert
                0x0000000000000000        0x2 Output/transmitter_pca10040 Debug/Obj/thumb_crt0.o
 .text.__aeabi_assert
                0x0000000000000000        0x2 Output/transmitter_pca10040 Debug/Obj/thumb_crt0.o
 .text.__sync_synchronize
                0x0000000000000000        0x2 Output/transmitter_pca10040 Debug/Obj/thumb_crt0.o
 .text.__getchar
                0x0000000000000000        0x4 Output/transmitter_pca10040 Debug/Obj/thumb_crt0.o
 .text.__putchar
                0x0000000000000000        0x4 Output/transmitter_pca10040 Debug/Obj/thumb_crt0.o
 .text.__open   0x0000000000000000        0x4 Output/transmitter_pca10040 Debug/Obj/thumb_crt0.o
 .text.__close  0x0000000000000000        0x4 Output/transmitter_pca10040 Debug/Obj/thumb_crt0.o
 .text.__write  0x0000000000000000        0xa Output/transmitter_pca10040 Debug/Obj/thumb_crt0.o
 .text.__read   0x0000000000000000        0xa Output/transmitter_pca10040 Debug/Obj/thumb_crt0.o
 .text.__seek   0x0000000000000000       0x1a Output/transmitter_pca10040 Debug/Obj/thumb_crt0.o
 .bss.__user_locale_name_buffer
                0x0000000000000000        0x4 Output/transmitter_pca10040 Debug/Obj/thumb_crt0.o
 .stack         0x0000000000000000        0x0 Output/transmitter_pca10040 Debug/Obj/thumb_crt0.o
 .stack_process
                0x0000000000000000        0x0 Output/transmitter_pca10040 Debug/Obj/thumb_crt0.o
 .heap          0x0000000000000000        0x0 Output/transmitter_pca10040 Debug/Obj/thumb_crt0.o
 .group         0x0000000000000000        0xc Output/transmitter_pca10040 Debug/Obj/nrf_log_backend_rtt.o
 .group         0x0000000000000000        0xc Output/transmitter_pca10040 Debug/Obj/nrf_log_backend_rtt.o
 .group         0x0000000000000000        0xc Output/transmitter_pca10040 Debug/Obj/nrf_log_backend_rtt.o
 .group         0x0000000000000000        0xc Output/transmitter_pca10040 Debug/Obj/nrf_log_backend_rtt.o
 .group         0x0000000000000000        0xc Output/transmitter_pca10040 Debug/Obj/nrf_log_backend_rtt.o
 .group         0x0000000000000000        0xc Output/transmitter_pca10040 Debug/Obj/nrf_log_backend_rtt.o
 .group         0x0000000000000000        0xc Output/transmitter_pca10040 Debug/Obj/nrf_log_backend_rtt.o
[...]
Memory Configuration

Name             Origin             Length             Attributes
UNPLACED_SECTIONS 0x0000000100000000 0x0000000000000000 xw
RAM              0x0000000020000000 0x0000000000010000 xw
FLASH            0x0000000000000000 0x0000000000080000 xw
*default*        0x0000000000000000 0xffffffffffffffff

Linker script and memory map

                0x0000000000000000                __vfprintf = __vfprintf_long
                0x0000000000000000                __vfscanf = __vfscanf_long
                0x0000000020000000                __RAM_segment_start__ = 0x20000000
                0x0000000020010000                __RAM_segment_end__ = 0x20010000
                0x0000000000010000                __RAM_segment_size__ = 0x10000
                0x0000000000000000                __FLASH_segment_start__ = 0x0
                0x0000000000080000                __FLASH_segment_end__ = 0x80000
                0x0000000000080000                __FLASH_segment_size__ = 0x80000
                0x0000000000002000                __HEAPSIZE__ = 0x2000
                0x0000000000000000                __STACKSIZE_PROCESS__ = 0x0
                0x0000000000002000                __STACKSIZE__ = 0x2000
                0x0000000020000000                __vectors_ram_load_start__ = 0x20000000

.vectors_ram    0x0000000020000000        0x0
                0x0000000020000000                __vectors_ram_start__ = .
                0x0000000020000000                __app_ram_start__ = __vectors_ram_start__
 *(.vectors_ram .vectors_ram.*)
                0x0000000020000000                __vectors_ram_end__ = (__vectors_ram_start__ + SIZEOF (.vectors_ram))
                0x0000000000000000                __vectors_ram_size__ = SIZEOF (.vectors_ram)
                0x0000000020000000                __vectors_ram_load_end__ = __vectors_ram_end__
                0x0000000000000001                . = ASSERT (((__vectors_ram_start__ == __vectors_ram_end__) || ((__vectors_ram_end__ - __RAM_segment_start__) <= __RAM_segment_size__)), error: .vectors_ram is too large to fit in RAM memory segment)
                0x0000000020000000                __nrf_sections_run_load_start__ = ALIGN (__vectors_ram_end__, 0x4)

.nrf_sections_run
                0x0000000020000000        0x0
                0x0000000020000000                __nrf_sections_run_start__ = .
                0x0000000020000000                __start_nrf_sections_run = __nrf_sections_run_start__
 *(.nrf_sections_run .nrf_sections_run.*)
                0x0000000020000000                __nrf_sections_run_end__ = (__nrf_sections_run_start__ + SIZEOF (.nrf_sections_run))
                0x0000000000000000                __nrf_sections_run_size__ = SIZEOF (.nrf_sections_run)
                0x0000000020000000                __nrf_sections_run_load_end__ = __nrf_sections_run_end__
                0x0000000000000001                . = ASSERT (((__nrf_sections_run_start__ == __nrf_sections_run_end__) || ((__nrf_sections_run_end__ - __RAM_segment_start__) <= __RAM_segment_size__)), error: .nrf_sections_run is too large to fit in RAM memory segment)
                0x0000000000000000                __vectors_load_start__ = 0x0

.vectors        0x0000000000000000      0x200
                0x0000000000000000                __vectors_start__ = .
 *(.vectors .vectors.*)
 .vectors       0x0000000000000000      0x200 Output/transmitter_pca10040 Debug/Obj/ses_startup_nrf52.o
                0x0000000000000000                _vectors
                0x0000000000000200                __vectors_end__ = (__vectors_start__ + SIZEOF (.vectors))
                0x0000000000000200                __vectors_size__ = SIZEOF (.vectors)
                0x0000000000000200                __vectors_load_end__ = __vectors_end__
                0x0000000000000001                . = ASSERT (((__vectors_start__ == __vectors_end__) || ((__vectors_end__ - __FLASH_segment_start__) <= __FLASH_segment_size__)), error: .vectors is too large to fit in FLASH memory segment)
                0x0000000000000200                __init_load_start__ = ALIGN (__vectors_end__, 0x4)

.init           0x0000000000000200      0x1d0
                0x0000000000000200                __init_start__ = .
 *(.init .init.*)
 .init          0x0000000000000200      0x15c Output/transmitter_pca10040 Debug/Obj/thumb_crt0.o
                0x0000000000000200                _start
                0x00000000000002b4                exit
 .init          0x000000000000035c       0x18 Output/transmitter_pca10040 Debug/Obj/ses_startup_nrf52.o
                0x000000000000035c                NMI_Handler
                0x000000000000035e                HardFault_Handler
                0x0000000000000360                MemoryManagement_Handler
                0x0000000000000362                BusFault_Handler
                0x0000000000000364                UsageFault_Handler
                0x0000000000000366                SVC_Handler
                0x0000000000000368                DebugMon_Handler
                0x000000000000036a                PendSV_Handler
                0x000000000000036c                SysTick_Handler
                0x000000000000036e                PWM1_IRQHandler
                0x000000000000036e                SWI0_EGU0_IRQHandler
                0x000000000000036e                POWER_CLOCK_IRQHandler
                0x000000000000036e                PDM_IRQHandler
                0x000000000000036e                TEMP_IRQHandler
                0x000000000000036e                QDEC_IRQHandler
                0x000000000000036e                TIMER3_IRQHandler
                0x000000000000036e                RTC0_IRQHandler
                0x000000000000036e                SPIM0_SPIS0_TWIM0_TWIS0_SPI0_TWI0_IRQHandler
                0x000000000000036e                SWI2_EGU2_IRQHandler
                0x000000000000036e                TIMER4_IRQHandler
                0x000000000000036e                I2S_IRQHandler
                0x000000000000036e                SWI4_EGU4_IRQHandler
                0x000000000000036e                TIMER0_IRQHandler
                0x000000000000036e                Dummy_Handler
                0x000000000000036e                TIMER1_IRQHandler
                0x000000000000036e                PWM2_IRQHandler
                0x000000000000036e                ECB_IRQHandler
                0x000000000000036e                SPIM1_SPIS1_TWIM1_TWIS1_SPI1_TWI1_IRQHandler
                0x000000000000036e                SAADC_IRQHandler
                0x000000000000036e                CCM_AAR_IRQHandler
                0x000000000000036e                WDT_IRQHandler
                0x000000000000036e                FPU_IRQHandler
                0x000000000000036e                SWI5_EGU5_IRQHandler
                0x000000000000036e                RNG_IRQHandler
                0x000000000000036e                RTC2_IRQHandler
                0x000000000000036e                PWM0_IRQHandler
                0x000000000000036e                SWI1_EGU1_IRQHandler
                0x000000000000036e                SPIM2_SPIS2_SPI2_IRQHandler
                0x000000000000036e                NFCT_IRQHandler
                0x000000000000036e                TIMER2_IRQHandler
                0x000000000000036e                MWU_IRQHandler
                0x000000000000036e                COMP_LPCOMP_IRQHandler
                0x0000000000000370                nRFInitialize
 .init          0x0000000000000374       0x5c Output/transmitter_pca10040 Debug/Obj/ses_startup_nrf_common.o
                0x0000000000000374                Reset_Handler
                0x0000000000000378                afterInitialize
                0x000000000000039c                InitializeUserMemorySections
                0x00000000000003d0                __init_end__ = (__init_start__ + SIZEOF (.init))
                0x00000000000001d0                __init_size__ = SIZEOF (.init)
                0x00000000000003d0                __init_load_end__ = __init_end__
                0x0000000000000001                . = ASSERT (((__init_start__ == __init_end__) || ((__init_end__ - __FLASH_segment_start__) <= __FLASH_segment_size__)), error: .init is too large to fit in FLASH memory segment)
                0x00000000000003d0                __init_rodata_load_start__ = ALIGN (__init_end__, 0x4)

.init_rodata    0x00000000000003d0        0x0
                0x00000000000003d0                __init_rodata_start__ = .
 *(.init_rodata .init_rodata.*)
                0x00000000000003d0                __init_rodata_end__ = (__init_rodata_start__ + SIZEOF (.init_rodata))
                0x0000000000000000                __init_rodata_size__ = SIZEOF (.init_rodata)
                0x00000000000003d0                __init_rodata_load_end__ = __init_rodata_end__
                0x0000000000000001                . = ASSERT (((__init_rodata_start__ == __init_rodata_end__) || ((__init_rodata_end__ - __FLASH_segment_start__) <= __FLASH_segment_size__)), error: .init_rodata is too large to fit in FLASH memory segment)
                0x00000000000003d0                __text_load_start__ = ALIGN (__init_rodata_end__, 0x4)

.text           0x00000000000003d0     0x8966
                0x00000000000003d0                __text_start__ = .
 *(.text .text.* .glue_7t .glue_7 .gnu.linkonce.t.* .gcc_except_table .ARM.extab* .gnu.linkonce.armextab.*)
 .glue_7        0x00000000000003d0        0x0 linker stubs
 .glue_7t       0x00000000000003d0        0x0 linker stubs
 .text.nrfx_coredep_delay_us
                0x00000000000003d0       0x30 Output/transmitter_pca10040 Debug/Obj/nrf_log_backend_rtt.o
 .text.nrf_delay_ms
                0x0000000000000400       0x2a Output/transmitter_pca10040 Debug/Obj/nrf_log_backend_rtt.o
 .text.nrf_log_backend_rtt_init
                0x000000000000042a        0xa Output/transmitter_pca10040 Debug/Obj/nrf_log_backend_rtt.o
                0x000000000000042a                nrf_log_backend_rtt_init
 .text.serial_tx
                0x0000000000000434       0x84 Output/transmitter_pca10040 Debug/Obj/nrf_log_backend_rtt.o
 .text.nrf_log_backend_rtt_put
                0x00000000000004b8       0x28 Output/transmitter_pca10040 Debug/Obj/nrf_log_backend_rtt.o
 .text.nrf_log_backend_rtt_flush
                0x00000000000004e0        0xa Output/transmitter_pca10040 Debug/Obj/nrf_log_backend_rtt.o
 .text.nrf_log_backend_rtt_panic_set
                0x00000000000004ea        0xa Output/transmitter_pca10040 Debug/Obj/nrf_log_backend_rtt.o
 .text.nrf_log_backend_serial_put
                0x00000000000004f4      0x124 Output/transmitter_pca10040 Debug/Obj/nrf_log_backend_serial.o
                0x00000000000004f4                nrf_log_backend_serial_put
 .text.nrf_log_backend_enable
                0x0000000000000618       0x12 Output/transmitter_pca10040 Debug/Obj/nrf_log_default_backends.o
 *fill*         0x000000000000062a        0x2 
 .text.nrf_log_default_backends_init
                0x000000000000062c       0x3c Output/transmitter_pca10040 Debug/Obj/nrf_log_default_backends.o
                0x000000000000062c                nrf_log_default_backends_init
 .text.nrf_log_backend_put
                0x0000000000000668       0x1c Output/transmitter_pca10040 Debug/Obj/nrf_log_frontend.o
 .text.nrf_log_backend_panic_set
                0x0000000000000684       0x18 Output/transmitter_pca10040 Debug/Obj/nrf_log_frontend.o
 .text.nrf_log_backend_flush
                0x000000000000069c       0x18 Output/transmitter_pca10040 Debug/Obj/nrf_log_frontend.o
 .text.nrf_log_backend_id_set
                0x00000000000006b4       0x1a Output/transmitter_pca10040 Debug/Obj/nrf_log_frontend.o
 .text.nrf_log_backend_id_get
                0x00000000000006ce       0x10 Output/transmitter_pca10040 Debug/Obj/nrf_log_frontend.o
 .text.nrf_log_backend_enable
                0x00000000000006de       0x12 Output/transmitter_pca10040 Debug/Obj/nrf_log_frontend.o
 .text.nrf_log_backend_is_enabled
                0x00000000000006f0       0x10 Output/transmitter_pca10040 Debug/Obj/nrf_log_frontend.o
 .text.nrf_log_init
                0x0000000000000700       0x74 Output/transmitter_pca10040 Debug/Obj/nrf_log_frontend.o
                0x0000000000000700                nrf_log_init
 .text.nrf_log_module_cnt_get
                0x0000000000000774       0x14 Output/transmitter_pca10040 Debug/Obj/nrf_log_frontend.o
                0x0000000000000774                nrf_log_module_cnt_get
 .text.module_idx_get
                0x0000000000000788       0x64 Output/transmitter_pca10040 Debug/Obj/nrf_log_frontend.o
 .text.nrf_log_module_name_get
                0x00000000000007ec       0x40 Output/transmitter_pca10040 Debug/Obj/nrf_log_frontend.o
                0x00000000000007ec                nrf_log_module_name_get
 .text.nrf_log_color_id_get
                0x000000000000082c       0x70 Output/transmitter_pca10040 Debug/Obj/nrf_log_frontend.o
                0x000000000000082c                nrf_log_color_id_get
 .text.invalid_packets_omit
                0x000000000000089c       0x6e Output/transmitter_pca10040 Debug/Obj/nrf_log_frontend.o
 *fill*         0x000000000000090a        0x2 
 .text.log_skip
                0x000000000000090c      0x114 Output/transmitter_pca10040 Debug/Obj/nrf_log_frontend.o
 .text.dropped_sat16_get
                0x0000000000000a20       0x28 Output/transmitter_pca10040 Debug/Obj/nrf_log_frontend.o
 .text.std_header_set
                0x0000000000000a48       0xb4 Output/transmitter_pca10040 Debug/Obj/nrf_log_frontend.o
 .text.buf_prealloc
                0x0000000000000afc      0x124 Output/transmitter_pca10040 Debug/Obj/nrf_log_frontend.o
 .text.std_n    0x0000000000000c20       0x90 Output/transmitter_pca10040 Debug/Obj/nrf_log_frontend.o
 .text.nrf_log_frontend_std_0
                0x0000000000000cb0       0x1c Output/transmitter_pca10040 Debug/Obj/nrf_log_frontend.o
                0x0000000000000cb0                nrf_log_frontend_std_0
 .text.nrf_log_frontend_std_1
                0x0000000000000ccc       0x22 Output/transmitter_pca10040 Debug/Obj/nrf_log_frontend.o
                0x0000000000000ccc                nrf_log_frontend_std_1
 .text.nrf_log_frontend_std_2
                0x0000000000000cee       0x28 Output/transmitter_pca10040 Debug/Obj/nrf_log_frontend.o
                0x0000000000000cee                nrf_log_frontend_std_2
 .text.nrf_log_frontend_std_4
                0x0000000000000d16       0x30 Output/transmitter_pca10040 Debug/Obj/nrf_log_frontend.o
                0x0000000000000d16                nrf_log_frontend_std_4
 .text.nrf_log_frontend_std_5
                0x0000000000000d46       0x34 Output/transmitter_pca10040 Debug/Obj/nrf_log_frontend.o
                0x0000000000000d46                nrf_log_frontend_std_5
 .text.nrf_log_frontend_std_6
                0x0000000000000d7a       0x38 Output/transmitter_pca10040 Debug/Obj/nrf_log_frontend.o
                0x0000000000000d7a                nrf_log_frontend_std_6
 *fill*         0x0000000000000db2        0x2 
 .text.buffer_is_empty
                0x0000000000000db4       0x1c Output/transmitter_pca10040 Debug/Obj/nrf_log_frontend.o
                0x0000000000000db4                buffer_is_empty
 .text.nrf_log_frontend_dequeue
                0x0000000000000dd0      0x398 Output/transmitter_pca10040 Debug/Obj/nrf_log_frontend.o
                0x0000000000000dd0                nrf_log_frontend_dequeue
 .text.backend_id_assign
                0x0000000000001168       0x68 Output/transmitter_pca10040 Debug/Obj/nrf_log_frontend.o
 .text.nrf_log_backend_add
                0x00000000000011d0       0x70 Output/transmitter_pca10040 Debug/Obj/nrf_log_frontend.o
                0x00000000000011d0                nrf_log_backend_add
 .text.nrf_log_panic
                0x0000000000001240       0x3c Output/transmitter_pca10040 Debug/Obj/nrf_log_frontend.o
                0x0000000000001240                nrf_log_panic
 .text.timestamp_print
                0x000000000000127c        0xc Output/transmitter_pca10040 Debug/Obj/nrf_log_str_formatter.o
 .text.prefix_process
                0x0000000000001288       0xb0 Output/transmitter_pca10040 Debug/Obj/nrf_log_str_formatter.o
 .text.postfix_process
                0x0000000000001338       0x60 Output/transmitter_pca10040 Debug/Obj/nrf_log_str_formatter.o
 .text.nrf_log_std_entry_process
                0x0000000000001398      0x144 Output/transmitter_pca10040 Debug/Obj/nrf_log_str_formatter.o
                0x0000000000001398                nrf_log_std_entry_process
 .text.nrf_log_hexdump_entry_process
                0x00000000000014dc       0xf0 Output/transmitter_pca10040 Debug/Obj/nrf_log_str_formatter.o
                0x00000000000014dc                nrf_log_hexdump_entry_process
 .text.nrf_gpio_pin_port_decode
                0x00000000000015cc       0x28 Output/transmitter_pca10040 Debug/Obj/boards.o
 .text.nrf_gpio_cfg
                0x00000000000015f4       0x62 Output/transmitter_pca10040 Debug/Obj/boards.o
 .text.nrf_gpio_cfg_output
                0x0000000000001656       0x22 Output/transmitter_pca10040 Debug/Obj/boards.o
 .text.nrf_gpio_cfg_input
                0x0000000000001678       0x2c Output/transmitter_pca10040 Debug/Obj/boards.o
 .text.nrf_gpio_pin_set
                0x00000000000016a4       0x28 Output/transmitter_pca10040 Debug/Obj/boards.o
 .text.nrf_gpio_pin_clear
                0x00000000000016cc       0x28 Output/transmitter_pca10040 Debug/Obj/boards.o
 .text.nrf_gpio_pin_toggle
                0x00000000000016f4       0x44 Output/transmitter_pca10040 Debug/Obj/boards.o
 .text.nrf_gpio_pin_write
                0x0000000000001738       0x24 Output/transmitter_pca10040 Debug/Obj/boards.o
 .text.nrf_gpio_pin_out_read
                0x000000000000175c       0x2a Output/transmitter_pca10040 Debug/Obj/boards.o
 .text.nrf_gpio_port_out_read
                0x0000000000001786       0x10 Output/transmitter_pca10040 Debug/Obj/boards.o
 .text.nrf_gpio_port_out_set
                0x0000000000001796       0x14 Output/transmitter_pca10040 Debug/Obj/boards.o
 .text.nrf_gpio_port_out_clear
                0x00000000000017aa       0x14 Output/transmitter_pca10040 Debug/Obj/boards.o
 *fill*         0x00000000000017be        0x2 
 .text.bsp_board_led_state_get
                0x00000000000017c0       0x5c Output/transmitter_pca10040 Debug/Obj/boards.o
                0x00000000000017c0                bsp_board_led_state_get
 .text.bsp_board_led_on
                0x000000000000181c       0x34 Output/transmitter_pca10040 Debug/Obj/boards.o
                0x000000000000181c                bsp_board_led_on
 .text.bsp_board_led_off
                0x0000000000001850       0x34 Output/transmitter_pca10040 Debug/Obj/boards.o
                0x0000000000001850                bsp_board_led_off
 .text.bsp_board_leds_off
                0x0000000000001884       0x24 Output/transmitter_pca10040 Debug/Obj/boards.o
                0x0000000000001884                bsp_board_leds_off
 .text.bsp_board_leds_on
                0x00000000000018a8       0x24 Output/transmitter_pca10040 Debug/Obj/boards.o
                0x00000000000018a8                bsp_board_leds_on
 .text.bsp_board_led_invert
                0x00000000000018cc       0x34 Output/transmitter_pca10040 Debug/Obj/boards.o
                0x00000000000018cc                bsp_board_led_invert
 .text.bsp_board_leds_init
                0x0000000000001900       0x34 Output/transmitter_pca10040 Debug/Obj/boards.o
 .text.bsp_board_buttons_init
                0x0000000000001934       0x34 Output/transmitter_pca10040 Debug/Obj/boards.o
 .text.bsp_board_pin_to_button_idx
                0x0000000000001968       0x40 Output/transmitter_pca10040 Debug/Obj/boards.o
                0x0000000000001968                bsp_board_pin_to_button_idx
 .text.bsp_board_init
                0x00000000000019a8       0x2a Output/transmitter_pca10040 Debug/Obj/boards.o
                0x00000000000019a8                bsp_board_init
 *fill*         0x00000000000019d2        0x2 
 .text.state_get
                0x00000000000019d4       0x4c Output/transmitter_pca10040 Debug/Obj/app_button.o
 .text.state_set
                0x0000000000001a20       0x98 Output/transmitter_pca10040 Debug/Obj/app_button.o
 .text.button_get
                0x0000000000001ab8       0x5c Output/transmitter_pca10040 Debug/Obj/app_button.o
 .text.usr_event
                0x0000000000001b14       0x44 Output/transmitter_pca10040 Debug/Obj/app_button.o
 .text.evt_handle
                0x0000000000001b58      0x19c Output/transmitter_pca10040 Debug/Obj/app_button.o
                0x0000000000001b58                evt_handle
 .text.timer_start
                0x0000000000001cf4       0x28 Output/transmitter_pca10040 Debug/Obj/app_button.o
 .text.detection_delay_timeout_handler
                0x0000000000001d1c       0x8c Output/transmitter_pca10040 Debug/Obj/app_button.o
 .text.gpiote_event_handler
                0x0000000000001da8       0x68 Output/transmitter_pca10040 Debug/Obj/app_button.o
 .text.app_button_init
                0x0000000000001e10      0x110 Output/transmitter_pca10040 Debug/Obj/app_button.o
                0x0000000000001e10                app_button_init
 .text.app_button_enable
                0x0000000000001f20       0x58 Output/transmitter_pca10040 Debug/Obj/app_button.o
                0x0000000000001f20                app_button_enable
 .text.app_error_save_and_stop
                0x0000000000001f78       0x98 Output/transmitter_pca10040 Debug/Obj/app_error.o
                0x0000000000001f78                app_error_save_and_stop
 .text.app_error_handler
                0x0000000000002010       0x1c Output/transmitter_pca10040 Debug/Obj/app_error_handler_gcc.o
                0x0000000000002010                app_error_handler
 .text.app_error_fault_handler
                0x000000000000202c      0x104 Output/transmitter_pca10040 Debug/Obj/app_error_weak.o
                0x000000000000202c                app_error_fault_handler
 .text.get_now  0x0000000000002130       0x60 Output/transmitter_pca10040 Debug/Obj/app_timer2.o
 .text.compare_func
                0x0000000000002190       0x44 Output/transmitter_pca10040 Debug/Obj/app_timer2.o
 .text.timer_expire
                0x00000000000021d4       0xc8 Output/transmitter_pca10040 Debug/Obj/app_timer2.o
 .text.rtc_schedule
                0x000000000000229c       0xa8 Output/transmitter_pca10040 Debug/Obj/app_timer2.o
 .text.sortlist_pop
                0x0000000000002344       0x1c Output/transmitter_pca10040 Debug/Obj/app_timer2.o
 .text.sortlist_peek
                0x0000000000002360       0x1c Output/transmitter_pca10040 Debug/Obj/app_timer2.o
 .text.sorted_list_stop_all
                0x000000000000237c       0x24 Output/transmitter_pca10040 Debug/Obj/app_timer2.o
 .text.on_overflow_evt
                0x00000000000023a0       0x24 Output/transmitter_pca10040 Debug/Obj/app_timer2.o
 .text.on_compare_evt
                0x00000000000023c4       0x5c Output/transmitter_pca10040 Debug/Obj/app_timer2.o
 .text.on_compare1_evt
                0x0000000000002420       0x20 Output/transmitter_pca10040 Debug/Obj/app_timer2.o
 .text.rtc_update
                0x0000000000002440       0xd0 Output/transmitter_pca10040 Debug/Obj/app_timer2.o
 .text.timer_req_process
                0x0000000000002510       0xc0 Output/transmitter_pca10040 Debug/Obj/app_timer2.o
 .text.rtc_irq  0x00000000000025d0       0x52 Output/transmitter_pca10040 Debug/Obj/app_timer2.o
 *fill*         0x0000000000002622        0x2 
 .text.timer_request_proc_trigger
                0x0000000000002624       0x10 Output/transmitter_pca10040 Debug/Obj/app_timer2.o
 .text.timer_req_schedule
                0x0000000000002634       0x58 Output/transmitter_pca10040 Debug/Obj/app_timer2.o
 .text.app_timer_init
                0x000000000000268c       0x7c Output/transmitter_pca10040 Debug/Obj/app_timer2.o
                0x000000000000268c                app_timer_init
 .text.app_timer_create
                0x0000000000002708       0x68 Output/transmitter_pca10040 Debug/Obj/app_timer2.o
                0x0000000000002708                app_timer_create
 .text.app_timer_start
                0x0000000000002770       0x70 Output/transmitter_pca10040 Debug/Obj/app_timer2.o
                0x0000000000002770                app_timer_start
 .text.app_timer_stop
                0x00000000000027e0       0x38 Output/transmitter_pca10040 Debug/Obj/app_timer2.o
                0x00000000000027e0                app_timer_stop
 .text.app_timer_cnt_diff_compute
                0x0000000000002818       0x16 Output/transmitter_pca10040 Debug/Obj/app_timer2.o
                0x0000000000002818                app_timer_cnt_diff_compute
 *fill*         0x000000000000282e        0x2 
 .text.app_timer_cnt_get
                0x0000000000002830       0x14 Output/transmitter_pca10040 Debug/Obj/app_timer2.o
                0x0000000000002830                app_timer_cnt_get
 .text.app_util_disable_irq
                0x0000000000002844       0x14 Output/transmitter_pca10040 Debug/Obj/app_util_platform.o
                0x0000000000002844                app_util_disable_irq
 .text.app_util_enable_irq
                0x0000000000002858       0x1c Output/transmitter_pca10040 Debug/Obj/app_util_platform.o
                0x0000000000002858                app_util_enable_irq
 .text.app_util_critical_region_enter
                0x0000000000002874       0x28 Output/transmitter_pca10040 Debug/Obj/app_util_platform.o
                0x0000000000002874                app_util_critical_region_enter
 .text.app_util_critical_region_exit
                0x000000000000289c       0x2c Output/transmitter_pca10040 Debug/Obj/app_util_platform.o
                0x000000000000289c                app_util_critical_region_exit
 .text.privilege_level_get
                0x00000000000028c8       0x3a Output/transmitter_pca10040 Debug/Obj/app_util_platform.o
                0x00000000000028c8                privilege_level_get
 *fill*         0x0000000000002902        0x2 
 .text.NVIC_EnableIRQ
                0x0000000000002904       0x2c Output/transmitter_pca10040 Debug/Obj/drv_rtc.o
 .text.NVIC_SetPendingIRQ
                0x0000000000002930       0x30 Output/transmitter_pca10040 Debug/Obj/drv_rtc.o
 .text.NVIC_SetPriority
                0x0000000000002960       0x50 Output/transmitter_pca10040 Debug/Obj/drv_rtc.o
 .text._NRFX_IRQ_PRIORITY_SET
                0x00000000000029b0       0x40 Output/transmitter_pca10040 Debug/Obj/drv_rtc.o
 .text._NRFX_IRQ_ENABLE
                0x00000000000029f0       0x1c Output/transmitter_pca10040 Debug/Obj/drv_rtc.o
 .text.nrfx_coredep_delay_us
                0x0000000000002a0c       0x30 Output/transmitter_pca10040 Debug/Obj/drv_rtc.o
 .text.nrf_rtc_cc_set
                0x0000000000002a3c       0x1c Output/transmitter_pca10040 Debug/Obj/drv_rtc.o
 .text.nrf_rtc_cc_get
                0x0000000000002a58       0x18 Output/transmitter_pca10040 Debug/Obj/drv_rtc.o
 .text.nrf_rtc_int_enable
                0x0000000000002a70       0x14 Output/transmitter_pca10040 Debug/Obj/drv_rtc.o
 .text.nrf_rtc_int_disable
                0x0000000000002a84       0x14 Output/transmitter_pca10040 Debug/Obj/drv_rtc.o
 .text.nrf_rtc_event_pending
                0x0000000000002a98       0x1a Output/transmitter_pca10040 Debug/Obj/drv_rtc.o
 .text.nrf_rtc_event_clear
                0x0000000000002ab2       0x2a Output/transmitter_pca10040 Debug/Obj/drv_rtc.o
 .text.nrf_rtc_counter_get
                0x0000000000002adc       0x10 Output/transmitter_pca10040 Debug/Obj/drv_rtc.o
 .text.nrf_rtc_prescaler_set
                0x0000000000002aec       0x30 Output/transmitter_pca10040 Debug/Obj/drv_rtc.o
 .text.nrf_rtc_task_trigger
                0x0000000000002b1c       0x1e Output/transmitter_pca10040 Debug/Obj/drv_rtc.o
 .text.nrf_rtc_event_enable
                0x0000000000002b3a       0x14 Output/transmitter_pca10040 Debug/Obj/drv_rtc.o
 .text.nrf_rtc_event_disable
                0x0000000000002b4e       0x14 Output/transmitter_pca10040 Debug/Obj/drv_rtc.o
 *fill*         0x0000000000002b62        0x2 
 .text.drv_rtc_init
                0x0000000000002b64       0xfc Output/transmitter_pca10040 Debug/Obj/drv_rtc.o
                0x0000000000002b64                drv_rtc_init
 .text.drv_rtc_start
                0x0000000000002c60       0x2c Output/transmitter_pca10040 Debug/Obj/drv_rtc.o
                0x0000000000002c60                drv_rtc_start
 .text.drv_rtc_stop
                0x0000000000002c8c       0x2c Output/transmitter_pca10040 Debug/Obj/drv_rtc.o
                0x0000000000002c8c                drv_rtc_stop
 .text.drv_rtc_compare_set
                0x0000000000002cb8       0xa0 Output/transmitter_pca10040 Debug/Obj/drv_rtc.o
                0x0000000000002cb8                drv_rtc_compare_set
 .text.evt_enable
                0x0000000000002d58       0x48 Output/transmitter_pca10040 Debug/Obj/drv_rtc.o
 .text.evt_disable
                0x0000000000002da0       0x3c Output/transmitter_pca10040 Debug/Obj/drv_rtc.o
 .text.evt_pending
                0x0000000000002ddc       0x54 Output/transmitter_pca10040 Debug/Obj/drv_rtc.o
 .text.ticks_sub
                0x0000000000002e30       0x16 Output/transmitter_pca10040 Debug/Obj/drv_rtc.o
 *fill*         0x0000000000002e46        0x2 
 .text.drv_rtc_windowed_compare_set
                0x0000000000002e48      0x174 Output/transmitter_pca10040 Debug/Obj/drv_rtc.o
                0x0000000000002e48                drv_rtc_windowed_compare_set
 .text.drv_rtc_overflow_enable
                0x0000000000002fbc       0x22 Output/transmitter_pca10040 Debug/Obj/drv_rtc.o
                0x0000000000002fbc                drv_rtc_overflow_enable
 .text.drv_rtc_overflow_pending
                0x0000000000002fde       0x1a Output/transmitter_pca10040 Debug/Obj/drv_rtc.o
                0x0000000000002fde                drv_rtc_overflow_pending
 .text.drv_rtc_compare_disable
                0x0000000000002ff8       0x22 Output/transmitter_pca10040 Debug/Obj/drv_rtc.o
                0x0000000000002ff8                drv_rtc_compare_disable
 .text.drv_rtc_compare_pending
                0x000000000000301a       0x2a Output/transmitter_pca10040 Debug/Obj/drv_rtc.o
                0x000000000000301a                drv_rtc_compare_pending
 .text.drv_rtc_counter_get
                0x0000000000003044       0x1a Output/transmitter_pca10040 Debug/Obj/drv_rtc.o
                0x0000000000003044                drv_rtc_counter_get
 .text.drv_rtc_irq_trigger
                0x000000000000305e       0x1a Output/transmitter_pca10040 Debug/Obj/drv_rtc.o
                0x000000000000305e                drv_rtc_irq_trigger
 .text.RTC1_IRQHandler
                0x0000000000003078       0x1c Output/transmitter_pca10040 Debug/Obj/drv_rtc.o
                0x0000000000003078                RTC1_IRQHandler
 .text.assert_nrf_callback
                0x0000000000003094       0x2e Output/transmitter_pca10040 Debug/Obj/nrf_assert.o
                0x0000000000003094                assert_nrf_callback
 .text.nrf_atfifo_wspace_req
                0x00000000000030c2       0x54 Output/transmitter_pca10040 Debug/Obj/nrf_atfifo.o
 .text.nrf_atfifo_wspace_close
                0x0000000000003116       0x20 Output/transmitter_pca10040 Debug/Obj/nrf_atfifo.o
 .text.nrf_atfifo_rspace_req
                0x0000000000003136       0x56 Output/transmitter_pca10040 Debug/Obj/nrf_atfifo.o
 .text.nrf_atfifo_rspace_close
                0x000000000000318c       0x20 Output/transmitter_pca10040 Debug/Obj/nrf_atfifo.o
 .text.nrf_atfifo_init
                0x00000000000031ac       0x66 Output/transmitter_pca10040 Debug/Obj/nrf_atfifo.o
                0x00000000000031ac                nrf_atfifo_init
 .text.nrf_atfifo_item_alloc
                0x0000000000003212       0x32 Output/transmitter_pca10040 Debug/Obj/nrf_atfifo.o
                0x0000000000003212                nrf_atfifo_item_alloc
 .text.nrf_atfifo_item_put
                0x0000000000003244       0x28 Output/transmitter_pca10040 Debug/Obj/nrf_atfifo.o
                0x0000000000003244                nrf_atfifo_item_put
 .text.nrf_atfifo_item_get
                0x000000000000326c       0x32 Output/transmitter_pca10040 Debug/Obj/nrf_atfifo.o
                0x000000000000326c                nrf_atfifo_item_get
 .text.nrf_atfifo_item_free
                0x000000000000329e       0x28 Output/transmitter_pca10040 Debug/Obj/nrf_atfifo.o
                0x000000000000329e                nrf_atfifo_item_free
 .text.nrf_atomic_u32_fetch_store
                0x00000000000032c6       0x2e Output/transmitter_pca10040 Debug/Obj/nrf_atomic.o
                0x00000000000032c6                nrf_atomic_u32_fetch_store
 .text.nrf_atomic_u32_or
                0x00000000000032f4       0x30 Output/transmitter_pca10040 Debug/Obj/nrf_atomic.o
                0x00000000000032f4                nrf_atomic_u32_or
 .text.nrf_atomic_u32_fetch_and
                0x0000000000003324       0x30 Output/transmitter_pca10040 Debug/Obj/nrf_atomic.o
                0x0000000000003324                nrf_atomic_u32_fetch_and
 .text.nrf_atomic_u32_add
                0x0000000000003354       0x30 Output/transmitter_pca10040 Debug/Obj/nrf_atomic.o
                0x0000000000003354                nrf_atomic_u32_add
 .text.nrf_atomic_u32_sub
                0x0000000000003384       0x30 Output/transmitter_pca10040 Debug/Obj/nrf_atomic.o
                0x0000000000003384                nrf_atomic_u32_sub
 .text.nrf_atomic_flag_set
                0x00000000000033b4       0x18 Output/transmitter_pca10040 Debug/Obj/nrf_atomic.o
                0x00000000000033b4                nrf_atomic_flag_set
 .text.nrf_atomic_flag_clear_fetch
                0x00000000000033cc       0x18 Output/transmitter_pca10040 Debug/Obj/nrf_atomic.o
                0x00000000000033cc                nrf_atomic_flag_clear_fetch
 .text.nrf_balloc_idx2block
                0x00000000000033e4       0x38 Output/transmitter_pca10040 Debug/Obj/nrf_balloc.o
 .text.nrf_balloc_block2idx
                0x000000000000341c       0x34 Output/transmitter_pca10040 Debug/Obj/nrf_balloc.o
 .text.nrf_balloc_init
                0x0000000000003450       0xb8 Output/transmitter_pca10040 Debug/Obj/nrf_balloc.o
                0x0000000000003450                nrf_balloc_init
 .text.nrf_balloc_alloc
                0x0000000000003508       0x84 Output/transmitter_pca10040 Debug/Obj/nrf_balloc.o
                0x0000000000003508                nrf_balloc_alloc
 .text.nrf_balloc_free
                0x000000000000358c       0x58 Output/transmitter_pca10040 Debug/Obj/nrf_balloc.o
                0x000000000000358c                nrf_balloc_free
 .text.nrf_fprintf_buffer_flush
                0x00000000000035e4       0x44 Output/transmitter_pca10040 Debug/Obj/nrf_fprintf.o
                0x00000000000035e4                nrf_fprintf_buffer_flush
 .text.nrf_fprintf
                0x0000000000003628       0x74 Output/transmitter_pca10040 Debug/Obj/nrf_fprintf.o
                0x0000000000003628                nrf_fprintf
 .text.buffer_add
                0x000000000000369c       0x4c Output/transmitter_pca10040 Debug/Obj/nrf_fprintf_format.o
 .text.string_print
                0x00000000000036e8       0xc2 Output/transmitter_pca10040 Debug/Obj/nrf_fprintf_format.o
 *fill*         0x00000000000037aa        0x2 
 .text.unsigned_print
                0x00000000000037ac      0x130 Output/transmitter_pca10040 Debug/Obj/nrf_fprintf_format.o
 .text.int_print
                0x00000000000038dc      0x11c Output/transmitter_pca10040 Debug/Obj/nrf_fprintf_format.o
 .text.nrf_fprintf_fmt
                0x00000000000039f8      0x43c Output/transmitter_pca10040 Debug/Obj/nrf_fprintf_format.o
                0x00000000000039f8                nrf_fprintf_fmt
 .text.nrf_memobj_pool_init
                0x0000000000003e34       0x16 Output/transmitter_pca10040 Debug/Obj/nrf_memobj.o
                0x0000000000003e34                nrf_memobj_pool_init
 .text.nrf_memobj_alloc
                0x0000000000003e4a       0xae Output/transmitter_pca10040 Debug/Obj/nrf_memobj.o
                0x0000000000003e4a                nrf_memobj_alloc
 .text.nrf_memobj_free
                0x0000000000003ef8       0x72 Output/transmitter_pca10040 Debug/Obj/nrf_memobj.o
                0x0000000000003ef8                nrf_memobj_free
 .text.nrf_memobj_get
                0x0000000000003f6a       0x1e Output/transmitter_pca10040 Debug/Obj/nrf_memobj.o
                0x0000000000003f6a                nrf_memobj_get
 .text.nrf_memobj_put
                0x0000000000003f88       0x34 Output/transmitter_pca10040 Debug/Obj/nrf_memobj.o
                0x0000000000003f88                nrf_memobj_put
 .text.memobj_op
                0x0000000000003fbc      0x124 Output/transmitter_pca10040 Debug/Obj/nrf_memobj.o
 .text.nrf_memobj_write
                0x00000000000040e0       0x3c Output/transmitter_pca10040 Debug/Obj/nrf_memobj.o
                0x00000000000040e0                nrf_memobj_write
 .text.nrf_memobj_read
                0x000000000000411c       0x40 Output/transmitter_pca10040 Debug/Obj/nrf_memobj.o
                0x000000000000411c                nrf_memobj_read
 .text.nrf_ringbuf_init
                0x000000000000415c       0x3a Output/transmitter_pca10040 Debug/Obj/nrf_ringbuf.o
                0x000000000000415c                nrf_ringbuf_init
 *fill*         0x0000000000004196        0x2 
 .text.nrf_sortlist_add
                0x0000000000004198       0x74 Output/transmitter_pca10040 Debug/Obj/nrf_sortlist.o
                0x0000000000004198                nrf_sortlist_add
 .text.nrf_sortlist_pop
                0x000000000000420c       0x44 Output/transmitter_pca10040 Debug/Obj/nrf_sortlist.o
                0x000000000000420c                nrf_sortlist_pop
 .text.nrf_sortlist_peek
                0x0000000000004250       0x28 Output/transmitter_pca10040 Debug/Obj/nrf_sortlist.o
                0x0000000000004250                nrf_sortlist_peek
 .text.nrf_sortlist_remove
                0x0000000000004278       0x6c Output/transmitter_pca10040 Debug/Obj/nrf_sortlist.o
                0x0000000000004278                nrf_sortlist_remove
 .text.nrf_strerror_get
                0x00000000000042e4       0x28 Output/transmitter_pca10040 Debug/Obj/nrf_strerror.o
                0x00000000000042e4                nrf_strerror_get
 .text.nrf_strerror_find
                0x000000000000430c       0x68 Output/transmitter_pca10040 Debug/Obj/nrf_strerror.o
                0x000000000000430c                nrf_strerror_find
 .text.NVIC_EnableIRQ
                0x0000000000004374       0x2c Output/transmitter_pca10040 Debug/Obj/nrfx_gpiote.o
 .text.NVIC_SetPriority
                0x00000000000043a0       0x50 Output/transmitter_pca10040 Debug/Obj/nrfx_gpiote.o
 .text._NRFX_IRQ_PRIORITY_SET
                0x00000000000043f0       0x40 Output/transmitter_pca10040 Debug/Obj/nrfx_gpiote.o
 .text._NRFX_IRQ_ENABLE
                0x0000000000004430       0x1c Output/transmitter_pca10040 Debug/Obj/nrfx_gpiote.o
 .text.nrf_gpiote_event_is_set
                0x000000000000444c       0x2a Output/transmitter_pca10040 Debug/Obj/nrfx_gpiote.o
 .text.nrf_gpiote_event_clear
                0x0000000000004476       0x36 Output/transmitter_pca10040 Debug/Obj/nrfx_gpiote.o
 .text.nrf_gpiote_event_addr_get
                0x00000000000044ac       0x1a Output/transmitter_pca10040 Debug/Obj/nrfx_gpiote.o
 *fill*         0x00000000000044c6        0x2 
 .text.nrf_gpiote_int_enable
                0x00000000000044c8       0x18 Output/transmitter_pca10040 Debug/Obj/nrfx_gpiote.o
 .text.nrf_gpiote_int_is_enabled
                0x00000000000044e0       0x18 Output/transmitter_pca10040 Debug/Obj/nrfx_gpiote.o
 .text.nrf_gpiote_event_enable
                0x00000000000044f8       0x2c Output/transmitter_pca10040 Debug/Obj/nrfx_gpiote.o
 .text.nrf_gpiote_event_configure
                0x0000000000004524       0x64 Output/transmitter_pca10040 Debug/Obj/nrfx_gpiote.o
 .text.nrf_gpiote_event_pin_get
                0x0000000000004588       0x20 Output/transmitter_pca10040 Debug/Obj/nrfx_gpiote.o
 .text.nrf_gpiote_event_polarity_get
                0x00000000000045a8       0x24 Output/transmitter_pca10040 Debug/Obj/nrfx_gpiote.o
 .text.nrf_gpio_pin_port_decode
                0x00000000000045cc       0x28 Output/transmitter_pca10040 Debug/Obj/nrfx_gpiote.o
 .text.nrf_gpio_cfg
                0x00000000000045f4       0x62 Output/transmitter_pca10040 Debug/Obj/nrfx_gpiote.o
 .text.nrf_gpio_cfg_input
                0x0000000000004656       0x2c Output/transmitter_pca10040 Debug/Obj/nrfx_gpiote.o
 .text.nrf_gpio_cfg_watcher
                0x0000000000004682       0x38 Output/transmitter_pca10040 Debug/Obj/nrfx_gpiote.o
 .text.nrf_gpio_cfg_sense_set
                0x00000000000046ba       0x5c Output/transmitter_pca10040 Debug/Obj/nrfx_gpiote.o
 .text.nrf_gpio_pin_read
                0x0000000000004716       0x2a Output/transmitter_pca10040 Debug/Obj/nrfx_gpiote.o
 .text.nrf_gpio_pin_sense_get
                0x0000000000004740       0x2c Output/transmitter_pca10040 Debug/Obj/nrfx_gpiote.o
 .text.nrf_gpio_port_in_read
                0x000000000000476c       0x10 Output/transmitter_pca10040 Debug/Obj/nrfx_gpiote.o
 .text.nrf_gpio_ports_read
                0x000000000000477c       0x68 Output/transmitter_pca10040 Debug/Obj/nrfx_gpiote.o
 .text.nrf_bitmask_bit_is_set
                0x00000000000047e4       0x30 Output/transmitter_pca10040 Debug/Obj/nrfx_gpiote.o
 .text.nrf_bitmask_bit_set
                0x0000000000004814       0x40 Output/transmitter_pca10040 Debug/Obj/nrfx_gpiote.o
 .text.pin_in_use_by_te
                0x0000000000004854       0x3c Output/transmitter_pca10040 Debug/Obj/nrfx_gpiote.o
 .text.pin_in_use_by_port
                0x0000000000004890       0x24 Output/transmitter_pca10040 Debug/Obj/nrfx_gpiote.o
 .text.pin_in_use_by_gpiote
                0x00000000000048b4       0x24 Output/transmitter_pca10040 Debug/Obj/nrfx_gpiote.o
 .text.pin_in_use_by_te_set
                0x00000000000048d8       0x50 Output/transmitter_pca10040 Debug/Obj/nrfx_gpiote.o
 .text.pin_in_use_clear
                0x0000000000004928       0x1c Output/transmitter_pca10040 Debug/Obj/nrfx_gpiote.o
 .text.pin_configured_set
                0x0000000000004944       0x1c Output/transmitter_pca10040 Debug/Obj/nrfx_gpiote.o
 .text.channel_port_get
                0x0000000000004960       0x1c Output/transmitter_pca10040 Debug/Obj/nrfx_gpiote.o
 .text.channel_handler_get
                0x000000000000497c       0x18 Output/transmitter_pca10040 Debug/Obj/nrfx_gpiote.o
 .text.channel_port_alloc
                0x0000000000004994       0x7c Output/transmitter_pca10040 Debug/Obj/nrfx_gpiote.o
 .text.channel_free
                0x0000000000004a10       0x38 Output/transmitter_pca10040 Debug/Obj/nrfx_gpiote.o
 .text.nrfx_gpiote_init
                0x0000000000004a48       0xa4 Output/transmitter_pca10040 Debug/Obj/nrfx_gpiote.o
                0x0000000000004a48                nrfx_gpiote_init
 .text.nrfx_gpiote_is_init
                0x0000000000004aec       0x18 Output/transmitter_pca10040 Debug/Obj/nrfx_gpiote.o
                0x0000000000004aec                nrfx_gpiote_is_init
 .text.nrfx_gpiote_in_init
                0x0000000000004b04       0xf4 Output/transmitter_pca10040 Debug/Obj/nrfx_gpiote.o
                0x0000000000004b04                nrfx_gpiote_in_init
 .text.nrfx_gpiote_in_event_enable
                0x0000000000004bf8      0x110 Output/transmitter_pca10040 Debug/Obj/nrfx_gpiote.o
                0x0000000000004bf8                nrfx_gpiote_in_event_enable
 .text.nrfx_gpiote_in_is_set
                0x0000000000004d08       0x34 Output/transmitter_pca10040 Debug/Obj/nrfx_gpiote.o
                0x0000000000004d08                nrfx_gpiote_in_is_set
 .text.GPIOTE_IRQHandler
                0x0000000000004d3c      0x2e0 Output/transmitter_pca10040 Debug/Obj/nrfx_gpiote.o
                0x0000000000004d3c                GPIOTE_IRQHandler
 .text.UARTE0_UART0_IRQHandler
                0x000000000000501c       0x24 Output/transmitter_pca10040 Debug/Obj/nrfx_prs.o
                0x000000000000501c                UARTE0_UART0_IRQHandler
 .text.bsp_button_event_handler
                0x0000000000005040      0x130 Output/transmitter_pca10040 Debug/Obj/bsp.o
 .text.button_timer_handler
                0x0000000000005170       0x1a Output/transmitter_pca10040 Debug/Obj/bsp.o
 *fill*         0x000000000000518a        0x2 
 .text.leds_off
                0x000000000000518c       0x3c Output/transmitter_pca10040 Debug/Obj/bsp.o
 .text.bsp_led_indication
                0x00000000000051c8      0x49c Output/transmitter_pca10040 Debug/Obj/bsp.o
 .text.leds_timer_handler
                0x0000000000005664       0x2c Output/transmitter_pca10040 Debug/Obj/bsp.o
 .text.alert_timer_handler
                0x0000000000005690       0x14 Output/transmitter_pca10040 Debug/Obj/bsp.o
 .text.bsp_init
                0x00000000000056a4       0xdc Output/transmitter_pca10040 Debug/Obj/bsp.o
                0x00000000000056a4                bsp_init
 .text.bsp_event_to_button_action_assign
                0x0000000000005780       0xa4 Output/transmitter_pca10040 Debug/Obj/bsp.o
                0x0000000000005780                bsp_event_to_button_action_assign
 .text.nrf_gpiote_task_addr_get
                0x0000000000005824       0x1a Output/transmitter_pca10040 Debug/Obj/main.o
 *fill*         0x000000000000583e        0x2 
 .text.nrf_gpiote_task_enable
                0x0000000000005840       0x30 Output/transmitter_pca10040 Debug/Obj/main.o
 .text.nrf_gpiote_task_configure
                0x0000000000005870       0x7c Output/transmitter_pca10040 Debug/Obj/main.o
 .text.nrf_ppi_channel_enable
                0x00000000000058ec       0x24 Output/transmitter_pca10040 Debug/Obj/main.o
 .text.nrf_ppi_channel_endpoint_setup
                0x0000000000005910       0x34 Output/transmitter_pca10040 Debug/Obj/main.o
 .text.nrf_timer_event_address_get
                0x0000000000005944       0x18 Output/transmitter_pca10040 Debug/Obj/main.o
 .text.bsp_evt_handler
                0x000000000000595c       0x70 Output/transmitter_pca10040 Debug/Obj/main.o
                0x000000000000595c                bsp_evt_handler
 .text.clock_initialization
                0x00000000000059cc       0x4e Output/transmitter_pca10040 Debug/Obj/main.o
                0x00000000000059cc                clock_initialization
 *fill*         0x0000000000005a1a        0x2 
 .text.sync_timer_init
                0x0000000000005a1c      0x180 Output/transmitter_pca10040 Debug/Obj/main.o
 .text.main     0x0000000000005b9c       0xe4 Output/transmitter_pca10040 Debug/Obj/main.o
                0x0000000000005b9c                main
 .text.NVIC_EnableIRQ
                0x0000000000005c80       0x2c Output/transmitter_pca10040 Debug/Obj/time_sync - KF - status.o
 .text.NVIC_ClearPendingIRQ
                0x0000000000005cac       0x30 Output/transmitter_pca10040 Debug/Obj/time_sync - KF - status.o
 .text.NVIC_SetPriority
                0x0000000000005cdc       0x50 Output/transmitter_pca10040 Debug/Obj/time_sync - KF - status.o
 .text.kalman_parameter_init
                0x0000000000005d2c       0x7c Output/transmitter_pca10040 Debug/Obj/time_sync - KF - status.o
                0x0000000000005d2c                kalman_parameter_init
 .text.RADIO_IRQHandler
                0x0000000000005da8       0xf0 Output/transmitter_pca10040 Debug/Obj/time_sync - KF - status.o
                0x0000000000005da8                RADIO_IRQHandler
 .text.radio_parameter_init
                0x0000000000005e98      0x100 Output/transmitter_pca10040 Debug/Obj/time_sync - KF - status.o
                0x0000000000005e98                radio_parameter_init
 .text.update_radio_parameters
                0x0000000000005f98       0x20 Output/transmitter_pca10040 Debug/Obj/time_sync - KF - status.o
 .text.timeslot_end_handler
                0x0000000000005fb8       0x88 Output/transmitter_pca10040 Debug/Obj/time_sync - KF - status.o
 .text.change_to_RX_state
                0x0000000000006040       0x70 Output/transmitter_pca10040 Debug/Obj/time_sync - KF - status.o
                0x0000000000006040                change_to_RX_state
 .text.timeslot_begin_handler
                0x00000000000060b0      0x368 Output/transmitter_pca10040 Debug/Obj/time_sync - KF - status.o
 .text.timestamp_counter_start
                0x0000000000006418       0x64 Output/transmitter_pca10040 Debug/Obj/time_sync - KF - status.o
 .text.sync_timer_start
                0x000000000000647c       0xd8 Output/transmitter_pca10040 Debug/Obj/time_sync - KF - status.o
 .text.SWI3_EGU3_IRQHandler
                0x0000000000006554       0x78 Output/transmitter_pca10040 Debug/Obj/time_sync - KF - status.o
                0x0000000000006554                SWI3_EGU3_IRQHandler
 *fill*         0x00000000000065cc        0x4 
 .text.cal_kalman_iteration
                0x00000000000065d0      0x7bc Output/transmitter_pca10040 Debug/Obj/time_sync - KF - status.o
 .text.sync_timer_consensus_compensate
                0x0000000000006d8c       0xc4 Output/transmitter_pca10040 Debug/Obj/time_sync - KF - status.o
                0x0000000000006d8c                sync_timer_consensus_compensate
 .text.correct_overload
                0x0000000000006e50       0xa8 Output/transmitter_pca10040 Debug/Obj/time_sync - KF - status.o
                0x0000000000006e50                correct_overload
 .text.sync_timer_record
                0x0000000000006ef8      0x954 Output/transmitter_pca10040 Debug/Obj/time_sync - KF - status.o
 .text.ppi_radio_rx_configure
                0x000000000000784c       0x5c Output/transmitter_pca10040 Debug/Obj/time_sync - KF - status.o
 .text.ppi_radio_tx_configure
                0x00000000000078a8       0x5c Output/transmitter_pca10040 Debug/Obj/time_sync - KF - status.o
 .text.ppi_timeslot_begin_configure
                0x0000000000007904       0x5c Output/transmitter_pca10040 Debug/Obj/time_sync - KF - status.o
 .text.ppi_timeslot_end_configure
                0x0000000000007960       0x58 Output/transmitter_pca10040 Debug/Obj/time_sync - KF - status.o
 .text.ts_init  0x00000000000079b8       0x70 Output/transmitter_pca10040 Debug/Obj/time_sync - KF - status.o
                0x00000000000079b8                ts_init
 .text.ts_enable
                0x0000000000007a28       0xac Output/transmitter_pca10040 Debug/Obj/time_sync - KF - status.o
                0x0000000000007a28                ts_enable
 .text.ts_tx_start
                0x0000000000007ad4       0x48 Output/transmitter_pca10040 Debug/Obj/time_sync - KF - status.o
                0x0000000000007ad4                ts_tx_start
 .text._DoInit  0x0000000000007b1c       0x9c Output/transmitter_pca10040 Debug/Obj/SEGGER_RTT.o
 .text._WriteBlocking
                0x0000000000007bb8       0xb2 Output/transmitter_pca10040 Debug/Obj/SEGGER_RTT.o
 .text._WriteNoCheck
                0x0000000000007c6a       0x7e Output/transmitter_pca10040 Debug/Obj/SEGGER_RTT.o
 .text._GetAvailWriteSpace
                0x0000000000007ce8       0x3c Output/transmitter_pca10040 Debug/Obj/SEGGER_RTT.o
 .text.SEGGER_RTT_WriteNoLock
                0x0000000000007d24       0x9c Output/transmitter_pca10040 Debug/Obj/SEGGER_RTT.o
                0x0000000000007d24                SEGGER_RTT_WriteNoLock
 .text.SEGGER_RTT_Init
                0x0000000000007dc0        0xa Output/transmitter_pca10040 Debug/Obj/SEGGER_RTT.o
                0x0000000000007dc0                SEGGER_RTT_Init
 *fill*         0x0000000000007dca        0x2 
 .text.NVIC_SystemReset
                0x0000000000007dcc       0x24 Output/transmitter_pca10040 Debug/Obj/system_nrf52.o
 .text.SystemCoreClockUpdate
                0x0000000000007df0       0x14 Output/transmitter_pca10040 Debug/Obj/system_nrf52.o
                0x0000000000007df0                SystemCoreClockUpdate
 .text.SystemInit
                0x0000000000007e04      0x2d4 Output/transmitter_pca10040 Debug/Obj/system_nrf52.o
                0x0000000000007e04                SystemInit
 .text.errata_12
                0x00000000000080d8       0x58 Output/transmitter_pca10040 Debug/Obj/system_nrf52.o
 .text.errata_16
                0x0000000000008130       0x38 Output/transmitter_pca10040 Debug/Obj/system_nrf52.o
 .text.errata_31
                0x0000000000008168       0x58 Output/transmitter_pca10040 Debug/Obj/system_nrf52.o
 .text.errata_32
                0x00000000000081c0       0x38 Output/transmitter_pca10040 Debug/Obj/system_nrf52.o
 .text.errata_36
                0x00000000000081f8       0x58 Output/transmitter_pca10040 Debug/Obj/system_nrf52.o
 .text.errata_37
                0x0000000000008250       0x38 Output/transmitter_pca10040 Debug/Obj/system_nrf52.o
 .text.errata_57
                0x0000000000008288       0x38 Output/transmitter_pca10040 Debug/Obj/system_nrf52.o
 .text.errata_66
                0x00000000000082c0       0x38 Output/transmitter_pca10040 Debug/Obj/system_nrf52.o
 .text.errata_108
                0x00000000000082f8       0x58 Output/transmitter_pca10040 Debug/Obj/system_nrf52.o
 .text.errata_136
                0x0000000000008350       0x58 Output/transmitter_pca10040 Debug/Obj/system_nrf52.o
 .text.errata_182
                0x00000000000083a8       0x24 Output/transmitter_pca10040 Debug/Obj/system_nrf52.o
 .text.__aeabi_dadd
                0x00000000000083cc      0x244 D:/SEGGER/SEGGER Embedded Studio for ARM 4.30/lib/libm_v7em_fpv4_sp_d16_hard_t_le_eabi.a(libm_asm.o)
                0x00000000000083cc                __aeabi_dadd
 .text.__aeabi_dmul
                0x0000000000008610      0x138 D:/SEGGER/SEGGER Embedded Studio for ARM 4.30/lib/libm_v7em_fpv4_sp_d16_hard_t_le_eabi.a(libm_asm.o)
                0x0000000000008610                __aeabi_dmul
 .text.__aeabi_ddiv
                0x0000000000008748      0x1cc D:/SEGGER/SEGGER Embedded Studio for ARM 4.30/lib/libm_v7em_fpv4_sp_d16_hard_t_le_eabi.a(libm_asm.o)
                0x0000000000008748                __aeabi_ddiv
 .text.__aeabi_dcmpgt
                0x0000000000008914       0x38 D:/SEGGER/SEGGER Embedded Studio for ARM 4.30/lib/libm_v7em_fpv4_sp_d16_hard_t_le_eabi.a(libm_asm.o)
                0x0000000000008914                __aeabi_dcmpgt
 .text.__aeabi_dcmplt
                0x000000000000894c       0x38 D:/SEGGER/SEGGER Embedded Studio for ARM 4.30/lib/libm_v7em_fpv4_sp_d16_hard_t_le_eabi.a(libm_asm.o)
                0x000000000000894c                __aeabi_dcmplt
 .text.__aeabi_i2d
                0x0000000000008984       0x28 D:/SEGGER/SEGGER Embedded Studio for ARM 4.30/lib/libm_v7em_fpv4_sp_d16_hard_t_le_eabi.a(libm_asm.o)
                0x0000000000008984                __aeabi_i2d
 .text.__aeabi_ui2d
                0x00000000000089ac       0x1c D:/SEGGER/SEGGER Embedded Studio for ARM 4.30/lib/libm_v7em_fpv4_sp_d16_hard_t_le_eabi.a(libm_asm.o)
                0x00000000000089ac                __aeabi_ui2d
 .text.__aeabi_f2d
                0x00000000000089c8       0x34 D:/SEGGER/SEGGER Embedded Studio for ARM 4.30/lib/libm_v7em_fpv4_sp_d16_hard_t_le_eabi.a(libm_asm.o)
                0x00000000000089c8                __aeabi_f2d
 .text.__aeabi_d2f
                0x00000000000089fc       0x54 D:/SEGGER/SEGGER Embedded Studio for ARM 4.30/lib/libm_v7em_fpv4_sp_d16_hard_t_le_eabi.a(libm_asm.o)
                0x00000000000089fc                __aeabi_d2f
 .text.libc.__int64_udivmod
                0x0000000000008a50       0xce D:/SEGGER/SEGGER Embedded Studio for ARM 4.30/lib/libc_v7em_fpv4_sp_d16_hard_t_le_eabi.a(libc_asm.o)
                0x0000000000008a50                __aeabi_uldivmod
                0x0000000000008a50                __int64_udiv
                0x0000000000008a50                __udivdi3
                0x0000000000008a50                __int64_udivmod
 *fill*         0x0000000000008b1e        0x2 
 .text.libc.__RAL_ascii_isctype
                0x0000000000008b20       0x1c D:/SEGGER/SEGGER Embedded Studio for ARM 4.30/lib/libc_v7em_fpv4_sp_d16_hard_t_le_eabi.a(libc2.o)
 .text.libc.__RAL_ascii_toupper
                0x0000000000008b3c        0xc D:/SEGGER/SEGGER Embedded Studio for ARM 4.30/lib/libc_v7em_fpv4_sp_d16_hard_t_le_eabi.a(libc2.o)
 .text.libc.__RAL_ascii_tolower
                0x0000000000008b48        0xc D:/SEGGER/SEGGER Embedded Studio for ARM 4.30/lib/libc_v7em_fpv4_sp_d16_hard_t_le_eabi.a(libc2.o)
 .text.libc.__RAL_ascii_iswctype
                0x0000000000008b54       0x1c D:/SEGGER/SEGGER Embedded Studio for ARM 4.30/lib/libc_v7em_fpv4_sp_d16_hard_t_le_eabi.a(libc2.o)
 .text.libc.__RAL_ascii_towupper
                0x0000000000008b70        0xc D:/SEGGER/SEGGER Embedded Studio for ARM 4.30/lib/libc_v7em_fpv4_sp_d16_hard_t_le_eabi.a(libc2.o)
 .text.libc.__RAL_ascii_towlower
                0x0000000000008b7c        0xc D:/SEGGER/SEGGER Embedded Studio for ARM 4.30/lib/libc_v7em_fpv4_sp_d16_hard_t_le_eabi.a(libc2.o)
 .text.libc.__RAL_ascii_wctomb
                0x0000000000008b88        0xe D:/SEGGER/SEGGER Embedded Studio for ARM 4.30/lib/libc_v7em_fpv4_sp_d16_hard_t_le_eabi.a(libc2.o)
                0x0000000000008b88                __RAL_ascii_wctomb
 .text.libc.__RAL_ascii_mbtowc
                0x0000000000008b96       0x24 D:/SEGGER/SEGGER Embedded Studio for ARM 4.30/lib/libc_v7em_fpv4_sp_d16_hard_t_le_eabi.a(libc2.o)
                0x0000000000008b96                __RAL_ascii_mbtowc
 *fill*         0x0000000000008bba        0x2 
 .text.libc.__RAL_isctype
                0x0000000000008bbc       0x14 D:/SEGGER/SEGGER Embedded Studio for ARM 4.30/lib/libc_v7em_fpv4_sp_d16_hard_t_le_eabi.a(libc2.o)
                0x0000000000008bbc                __RAL_isctype
 .text.libc.isprint
                0x0000000000008bd0        0xa D:/SEGGER/SEGGER Embedded Studio for ARM 4.30/lib/libc_v7em_fpv4_sp_d16_hard_t_le_eabi.a(libc2.o)
                0x0000000000008bd0                isprint
 .text.libc.memcpy
                0x0000000000008bda       0x52 D:/SEGGER/SEGGER Embedded Studio for ARM 4.30/lib/libc_v7em_fpv4_sp_d16_hard_t_le_eabi.a(libc2_asm.o)
                0x0000000000008bda                __aeabi_memcpy
                0x0000000000008bda                memcpy
                0x0000000000008be6                __aeabi_memcpy8
                0x0000000000008be6                __aeabi_memcpy4
 .text.libc.memset
                0x0000000000008c2c       0x66 D:/SEGGER/SEGGER Embedded Studio for ARM 4.30/lib/libc_v7em_fpv4_sp_d16_hard_t_le_eabi.a(libc2_asm.o)
                0x0000000000008c2c                memset
 .text.libc.strcpy
                0x0000000000008c92       0x44 D:/SEGGER/SEGGER Embedded Studio for ARM 4.30/lib/libc_v7em_fpv4_sp_d16_hard_t_le_eabi.a(libc2_asm.o)
                0x0000000000008c92                strcpy
 .text.libc.strlen
                0x0000000000008cd6       0x60 D:/SEGGER/SEGGER Embedded Studio for ARM 4.30/lib/libc_v7em_fpv4_sp_d16_hard_t_le_eabi.a(libc2_asm.o)
                0x0000000000008cd6                strlen
                0x0000000000008d36                __text_end__ = (__text_start__ + SIZEOF (.text))
                0x0000000000008966                __text_size__ = SIZEOF (.text)
                0x0000000000008d36                __text_load_end__ = __text_end__

.vfp11_veneer   0x0000000100000000        0x0
 .vfp11_veneer  0x0000000100000000        0x0 linker stubs

.v4_bx          0x0000000100000000        0x0
 .v4_bx         0x0000000100000000        0x0 linker stubs

.iplt           0x0000000100000000        0x0
 .iplt          0x0000000100000000        0x0 Output/transmitter_pca10040 Debug/Obj/thumb_crt0.o
                0x0000000000000001                . = ASSERT (((__text_start__ == __text_end__) || ((__text_end__ - __FLASH_segment_start__) <= __FLASH_segment_size__)), error: .text is too large to fit in FLASH memory segment)
                0x0000000000008d38                __log_const_data_load_start__ = ALIGN (__text_end__, 0x4)

.log_const_data
                0x0000000000008d38       0x50
                0x0000000000008d38                __log_const_data_start__ = .
                0x0000000000008d38                __start_log_const_data = __log_const_data_start__
 *(SORT_BY_NAME(.log_const_data*))
 .log_const_data_GPIOTE
                0x0000000000008d38        0x8 Output/transmitter_pca10040 Debug/Obj/nrfx_gpiote.o
                0x0000000000008d38                m_nrf_log_GPIOTE_logs_data_const
 .log_const_data_PRS
                0x0000000000008d40        0x8 Output/transmitter_pca10040 Debug/Obj/nrfx_prs.o
                0x0000000000008d40                m_nrf_log_PRS_logs_data_const
 .log_const_data_UART
                0x0000000000008d48        0x8 Output/transmitter_pca10040 Debug/Obj/nrfx_uart.o
                0x0000000000008d48                m_nrf_log_UART_logs_data_const
 .log_const_data_UARTE
                0x0000000000008d50        0x8 Output/transmitter_pca10040 Debug/Obj/nrfx_uarte.o
                0x0000000000008d50                m_nrf_log_UARTE_logs_data_const
 .log_const_data_app
                0x0000000000008d58        0x8 Output/transmitter_pca10040 Debug/Obj/nrf_log_frontend.o
                0x0000000000008d58                m_nrf_log_app_logs_data_const
 .log_const_data_app_button
                0x0000000000008d60        0x8 Output/transmitter_pca10040 Debug/Obj/app_button.o
                0x0000000000008d60                m_nrf_log_app_button_logs_data_const
 .log_const_data_app_timer
                0x0000000000008d68        0x8 Output/transmitter_pca10040 Debug/Obj/app_timer2.o
                0x0000000000008d68                m_nrf_log_app_timer_logs_data_const
 .log_const_data_pwr_mgmt
                0x0000000000008d70        0x8 Output/transmitter_pca10040 Debug/Obj/nrf_pwr_mgmt.o
                0x0000000000008d70                m_nrf_log_pwr_mgmt_logs_data_const
 .log_const_data_sortlist
                0x0000000000008d78        0x8 Output/transmitter_pca10040 Debug/Obj/nrf_sortlist.o
                0x0000000000008d78                m_nrf_log_sortlist_logs_data_const
 .log_const_data_time_sync
                0x0000000000008d80        0x8 Output/transmitter_pca10040 Debug/Obj/time_sync - KF - status.o
                0x0000000000008d80                m_nrf_log_time_sync_logs_data_const
                0x0000000000008d88                __log_const_data_end__ = (__log_const_data_start__ + SIZEOF (.log_const_data))
                0x0000000000000050                __log_const_data_size__ = SIZEOF (.log_const_data)
                0x0000000000008d88                __stop_log_const_data = __log_const_data_end__
                0x0000000000008d88                __log_const_data_load_end__ = __log_const_data_end__
                0x0000000000000001                . = ASSERT (((__log_const_data_start__ == __log_const_data_end__) || ((__log_const_data_end__ - __FLASH_segment_start__) <= __FLASH_segment_size__)), error: .log_const_data is too large to fit in FLASH memory segment)
                0x0000000000008d88                __log_backends_load_start__ = ALIGN (__log_const_data_end__, 0x4)

.log_backends   0x0000000000008d88       0x10
                0x0000000000008d88                __log_backends_start__ = .
                0x0000000000008d88                __start_log_backends = __log_backends_start__
 *(SORT_BY_NAME(.log_backends*))
 .log_backends  0x0000000000008d88       0x10 Output/transmitter_pca10040 Debug/Obj/nrf_log_default_backends.o
                0x0000000000008d98                __log_backends_end__ = (__log_backends_start__ + SIZEOF (.log_backends))
                0x0000000000000010                __log_backends_size__ = SIZEOF (.log_backends)
                0x0000000000008d98                __stop_log_backends = __log_backends_end__
                0x0000000000008d98                __log_backends_load_end__ = __log_backends_end__
                0x0000000000000001                . = ASSERT (((__log_backends_start__ == __log_backends_end__) || ((__log_backends_end__ - __FLASH_segment_start__) <= __FLASH_segment_size__)), error: .log_backends is too large to fit in FLASH memory segment)
                0x0000000000008d98                __nrf_balloc_load_start__ = ALIGN (__log_backends_end__, 0x4)

.nrf_balloc     0x0000000000008d98       0x28
                0x0000000000008d98                __nrf_balloc_start__ = .
                0x0000000000008d98                __start_nrf_balloc = __nrf_balloc_start__
 *(.nrf_balloc*)
 .nrf_balloc    0x0000000000008d98       0x14 Output/transmitter_pca10040 Debug/Obj/nrf_log_frontend.o
                0x0000000000008d98                log_mempool
 .nrf_balloc    0x0000000000008dac       0x14 Output/transmitter_pca10040 Debug/Obj/time_sync - KF - status.o
                0x0000000000008dac                m_sync_pkt_pool
                0x0000000000008dc0                __nrf_balloc_end__ = (__nrf_balloc_start__ + SIZEOF (.nrf_balloc))
                0x0000000000000028                __nrf_balloc_size__ = SIZEOF (.nrf_balloc)
                0x0000000000008dc0                __stop_nrf_balloc = __nrf_balloc_end__
                0x0000000000008dc0                __nrf_balloc_load_end__ = __nrf_balloc_end__
                0x0000000000000001                . = ASSERT (((__nrf_balloc_start__ == __nrf_balloc_end__) || ((__nrf_balloc_end__ - __FLASH_segment_start__) <= __FLASH_segment_size__)), error: .nrf_balloc is too large to fit in FLASH memory segment)
                0x0000000000008dc0                __nrf_sections_load_start__ = ALIGN (__nrf_balloc_end__, 0x4)

.nrf_sections   0x0000000000008dc0        0x0
                0x0000000000008dc0                __nrf_sections_start__ = .
                0x0000000000008dc0                __start_nrf_sections = __nrf_sections_start__
 *(.nrf_sections .nrf_sections.*)
                0x0000000000008dc0                __nrf_sections_end__ = (__nrf_sections_start__ + SIZEOF (.nrf_sections))
                0x0000000000000000                __nrf_sections_size__ = SIZEOF (.nrf_sections)
                0x0000000000008dc0                __nrf_sections_load_end__ = __nrf_sections_end__
                0x0000000000000001                . = ASSERT (((__nrf_sections_start__ == __nrf_sections_end__) || ((__nrf_sections_end__ - __FLASH_segment_start__) <= __FLASH_segment_size__)), error: .nrf_sections is too large to fit in FLASH memory segment)
                0x0000000000008dc0                __log_dynamic_data_load_start__ = ALIGN (__nrf_sections_end__, 0x4)

.log_dynamic_data
                0x0000000020000000        0x0 load address 0x0000000000008dc0
                0x0000000020000000                __log_dynamic_data_start__ = .
 *(SORT_BY_NAME(.log_dynamic_data*))
                0x0000000020000000                __log_dynamic_data_end__ = (__log_dynamic_data_start__ + SIZEOF (.log_dynamic_data))
                0x0000000000000000                __log_dynamic_data_size__ = SIZEOF (.log_dynamic_data)
                0x0000000000008dc0                __log_dynamic_data_load_end__ = (__log_dynamic_data_load_start__ + SIZEOF (.log_dynamic_data))
                0x0000000000000001                . = ASSERT (((__log_dynamic_data_load_start__ == __log_dynamic_data_load_end__) || ((__log_dynamic_data_load_end__ - __FLASH_segment_start__) <= __FLASH_segment_size__)), error: .log_dynamic_data is too large to fit in FLASH memory segment)

.log_dynamic_data_run
                0x0000000020000000        0x0
                0x0000000020000000                __log_dynamic_data_run_start__ = .
                0x0000000020000000                __start_log_dynamic_data = __log_dynamic_data_run_start__
                0x0000000020000000                . = MAX ((__log_dynamic_data_run_start__ + SIZEOF (.log_dynamic_data)), .)
                0x0000000020000000                __log_dynamic_data_run_end__ = (__log_dynamic_data_run_start__ + SIZEOF (.log_dynamic_data_run))
                0x0000000000000000                __log_dynamic_data_run_size__ = SIZEOF (.log_dynamic_data_run)
                0x0000000020000000                __stop_log_dynamic_data = __log_dynamic_data_run_end__
                0x0000000020000000                __log_dynamic_data_run_load_end__ = __log_dynamic_data_run_end__
                0x0000000000000001                . = ASSERT (((__log_dynamic_data_run_start__ == __log_dynamic_data_run_end__) || ((__log_dynamic_data_run_end__ - __RAM_segment_start__) <= __RAM_segment_size__)), error: .log_dynamic_data_run is too large to fit in RAM memory segment)
                0x0000000000008dc0                __log_filter_data_load_start__ = ALIGN ((__log_dynamic_data_load_start__ + SIZEOF (.log_dynamic_data)), 0x4)

.log_filter_data
                0x0000000020000000        0x0 load address 0x0000000000008dc0
                0x0000000020000000                __log_filter_data_start__ = .
 *(SORT_BY_NAME(.log_filter_data*))
                0x0000000020000000                __log_filter_data_end__ = (__log_filter_data_start__ + SIZEOF (.log_filter_data))
                0x0000000000000000                __log_filter_data_size__ = SIZEOF (.log_filter_data)
                0x0000000000008dc0                __log_filter_data_load_end__ = (__log_filter_data_load_start__ + SIZEOF (.log_filter_data))
                0x0000000000000001                . = ASSERT (((__log_filter_data_load_start__ == __log_filter_data_load_end__) || ((__log_filter_data_load_end__ - __FLASH_segment_start__) <= __FLASH_segment_size__)), error: .log_filter_data is too large to fit in FLASH memory segment)

.log_filter_data_run
                0x0000000020000000        0x0
                0x0000000020000000                __log_filter_data_run_start__ = .
                0x0000000020000000                __start_log_filter_data = __log_filter_data_run_start__
                0x0000000020000000                . = MAX ((__log_filter_data_run_start__ + SIZEOF (.log_filter_data)), .)
                0x0000000020000000                __log_filter_data_run_end__ = (__log_filter_data_run_start__ + SIZEOF (.log_filter_data_run))
                0x0000000000000000                __log_filter_data_run_size__ = SIZEOF (.log_filter_data_run)
                0x0000000020000000                __stop_log_filter_data = __log_filter_data_run_end__
                0x0000000020000000                __log_filter_data_run_load_end__ = __log_filter_data_run_end__
                0x0000000000000001                . = ASSERT (((__log_filter_data_run_start__ == __log_filter_data_run_end__) || ((__log_filter_data_run_end__ - __RAM_segment_start__) <= __RAM_segment_size__)), error: .log_filter_data_run is too large to fit in RAM memory segment)
                0x0000000020000000                __nrf_sections_run_end_load_start__ = ALIGN (__log_filter_data_run_end__, 0x4)

.nrf_sections_run_end
                0x0000000020000000        0x0
                0x0000000020000000                __nrf_sections_run_end_start__ = .
                0x0000000020000000                __end_nrf_sections_run = __nrf_sections_run_end_start__
 *(.nrf_sections_run_end .nrf_sections_run_end.*)
                0x0000000020000000                __nrf_sections_run_end_end__ = (__nrf_sections_run_end_start__ + SIZEOF (.nrf_sections_run_end))
                0x0000000000000000                __nrf_sections_run_end_size__ = SIZEOF (.nrf_sections_run_end)
                0x0000000020000000                __nrf_sections_run_end_load_end__ = __nrf_sections_run_end_end__
                0x0000000000000001                . = ASSERT (((__nrf_sections_run_end_start__ == __nrf_sections_run_end_end__) || ((__nrf_sections_run_end_end__ - __RAM_segment_start__) <= __RAM_segment_size__)), error: .nrf_sections_run_end is too large to fit in RAM memory segment)
                0x0000000000008dc0                __dtors_load_start__ = ALIGN ((__log_filter_data_load_start__ + SIZEOF (.log_filter_data)), 0x4)

.dtors          0x0000000000008dc0        0x0
                0x0000000000008dc0                __dtors_start__ = .
 *(SORT_BY_NAME(.dtors.*))
 *(.dtors)
 *(.fini_array)
 *(SORT_BY_NAME(.fini_array.*))
                0x0000000000008dc0                __dtors_end__ = (__dtors_start__ + SIZEOF (.dtors))
                0x0000000000000000                __dtors_size__ = SIZEOF (.dtors)
                0x0000000000008dc0                __dtors_load_end__ = __dtors_end__
                0x0000000000000001                . = ASSERT (((__dtors_start__ == __dtors_end__) || ((__dtors_end__ - __FLASH_segment_start__) <= __FLASH_segment_size__)), error: .dtors is too large to fit in FLASH memory segment)
                0x0000000000008dc0                __ctors_load_start__ = ALIGN (__dtors_end__, 0x4)

.ctors          0x0000000000008dc0        0x0
                0x0000000000008dc0                __ctors_start__ = .
 *(SORT_BY_NAME(.ctors.*))
 *(.ctors)
 *(.init_array)
 *(SORT_BY_NAME(.init_array.*))
                0x0000000000008dc0                __ctors_end__ = (__ctors_start__ + SIZEOF (.ctors))
                0x0000000000000000                __ctors_size__ = SIZEOF (.ctors)
                0x0000000000008dc0                __ctors_load_end__ = __ctors_end__
                0x0000000000000001                . = ASSERT (((__ctors_start__ == __ctors_end__) || ((__ctors_end__ - __FLASH_segment_start__) <= __FLASH_segment_size__)), error: .ctors is too large to fit in FLASH memory segment)
                0x0000000000008dc0                __rodata_load_start__ = ALIGN (__ctors_end__, 0x4)

.rodata         0x0000000000008dc0     0x13b0
                0x0000000000008dc0                __rodata_start__ = .
 *(.rodata .rodata.* .gnu.linkonce.r.*)
 .rodata.nrf_log_backend_rtt_api
                0x0000000000008dc0        0xc Output/transmitter_pca10040 Debug/Obj/nrf_log_backend_rtt.o
                0x0000000000008dc0                nrf_log_backend_rtt_api
 *fill*         0x0000000000008dcc        0x4 
 .rodata.delay_machine_code.8181
                0x0000000000008dd0        0x6 Output/transmitter_pca10040 Debug/Obj/nrf_log_backend_rtt.o
 *fill*         0x0000000000008dd6        0x2 
 .rodata        0x0000000000008dd8       0x6d Output/transmitter_pca10040 Debug/Obj/nrf_log_default_backends.o
 *fill*         0x0000000000008e45        0x3 
 .rodata.m_log_push_ringbuf
                0x0000000000008e48        0xc Output/transmitter_pca10040 Debug/Obj/nrf_log_frontend.o
 .rodata        0x0000000000008e54       0x6d Output/transmitter_pca10040 Debug/Obj/nrf_log_frontend.o
 *fill*         0x0000000000008ec1        0x3 
 .rodata        0x0000000000008ec4       0xaa Output/transmitter_pca10040 Debug/Obj/nrf_log_str_formatter.o
 *fill*         0x0000000000008f6e        0x2 
 .rodata        0x0000000000008f70       0x74 Output/transmitter_pca10040 Debug/Obj/boards.o
 .rodata.m_board_led_list
                0x0000000000008fe4        0x4 Output/transmitter_pca10040 Debug/Obj/boards.o
 .rodata.m_board_btn_list
                0x0000000000008fe8        0x4 Output/transmitter_pca10040 Debug/Obj/boards.o
 .rodata        0x0000000000008fec       0x5a Output/transmitter_pca10040 Debug/Obj/app_button.o
 *fill*         0x0000000000009046        0x2 
 .rodata.m_detection_delay_timer_id
                0x0000000000009048        0x4 Output/transmitter_pca10040 Debug/Obj/app_button.o
 .rodata        0x000000000000904c       0x70 Output/transmitter_pca10040 Debug/Obj/app_error_weak.o
 .rodata        0x00000000000090bc       0x60 Output/transmitter_pca10040 Debug/Obj/app_timer2.o
 .rodata.m_app_timer_sortlist
                0x000000000000911c        0xc Output/transmitter_pca10040 Debug/Obj/app_timer2.o
 .rodata        0x0000000000009128       0x53 Output/transmitter_pca10040 Debug/Obj/app_util_platform.o
 *fill*         0x000000000000917b        0x1 
 .rodata        0x000000000000917c       0xfc Output/transmitter_pca10040 Debug/Obj/drv_rtc.o
 *fill*         0x0000000000009278        0x8 
 .rodata.delay_machine_code.7573
                0x0000000000009280        0x6 Output/transmitter_pca10040 Debug/Obj/drv_rtc.o
 *fill*         0x0000000000009286        0x2 
 .rodata        0x0000000000009288       0x4e Output/transmitter_pca10040 Debug/Obj/nrf_balloc.o
 *fill*         0x00000000000092d6        0x2 
 .rodata        0x00000000000092d8       0x44 Output/transmitter_pca10040 Debug/Obj/nrf_fprintf.o
 .rodata        0x000000000000931c       0x4b Output/transmitter_pca10040 Debug/Obj/nrf_fprintf_format.o
 *fill*         0x0000000000009367        0x1 
 .rodata._aV2C.7501
                0x0000000000009368       0x10 Output/transmitter_pca10040 Debug/Obj/nrf_fprintf_format.o
 .rodata        0x0000000000009378       0x4e Output/transmitter_pca10040 Debug/Obj/nrf_memobj.o
 *fill*         0x00000000000093c6        0x2 
 .rodata        0x00000000000093c8       0x5e Output/transmitter_pca10040 Debug/Obj/nrf_sortlist.o
 *fill*         0x0000000000009426        0x2 
 .rodata.m_unknown_str
                0x0000000000009428       0x13 Output/transmitter_pca10040 Debug/Obj/nrf_strerror.o
 *fill*         0x000000000000943b        0x1 
 .rodata        0x000000000000943c      0x3bd Output/transmitter_pca10040 Debug/Obj/nrf_strerror.o
 *fill*         0x00000000000097f9        0x3 
 .rodata.nrf_strerror_array
                0x00000000000097fc      0x118 Output/transmitter_pca10040 Debug/Obj/nrf_strerror.o
 .rodata        0x0000000000009914       0xbc Output/transmitter_pca10040 Debug/Obj/nrfx_gpiote.o
 .rodata        0x00000000000099d0       0x51 Output/transmitter_pca10040 Debug/Obj/nrfx_prs.o
 *fill*         0x0000000000009a21        0x3 
 .rodata        0x0000000000009a24       0xba Output/transmitter_pca10040 Debug/Obj/nrfx_uart.o
 *fill*         0x0000000000009ade        0x2 
 .rodata        0x0000000000009ae0       0xbb Output/transmitter_pca10040 Debug/Obj/nrfx_uarte.o
 *fill*         0x0000000000009b9b        0x1 
 .rodata.m_bsp_leds_tmr
                0x0000000000009b9c        0x4 Output/transmitter_pca10040 Debug/Obj/bsp.o
 .rodata.m_bsp_alert_tmr
                0x0000000000009ba0        0x4 Output/transmitter_pca10040 Debug/Obj/bsp.o
 .rodata.m_bsp_button_tmr
                0x0000000000009ba4        0x4 Output/transmitter_pca10040 Debug/Obj/bsp.o
 .rodata.app_buttons
                0x0000000000009ba8       0x20 Output/transmitter_pca10040 Debug/Obj/bsp.o
 .rodata        0x0000000000009bc8       0xdd Output/transmitter_pca10040 Debug/Obj/main.o
 *fill*         0x0000000000009ca5        0x3 
 .rodata        0x0000000000009ca8      0x161 Output/transmitter_pca10040 Debug/Obj/time_sync - KF - status.o
 *fill*         0x0000000000009e09        0x3 
 .rodata        0x0000000000009e0c      0x109 Output/transmitter_pca10040 Debug/Obj/nrf_pwr_mgmt.o
 *fill*         0x0000000000009f15        0x3 
 .rodata        0x0000000000009f18       0x17 Output/transmitter_pca10040 Debug/Obj/SEGGER_RTT.o
 *fill*         0x0000000000009f2f        0x1 
 .rodata.libc.__RAL_ascii_ctype_map
                0x0000000000009f30       0x80 D:/SEGGER/SEGGER Embedded Studio for ARM 4.30/lib/libc_v7em_fpv4_sp_d16_hard_t_le_eabi.a(libc2.o)
                0x0000000000009f30                __RAL_ascii_ctype_map
 .rodata.libc.__RAL_ascii_ctype_mask
                0x0000000000009fb0        0xd D:/SEGGER/SEGGER Embedded Studio for ARM 4.30/lib/libc_v7em_fpv4_sp_d16_hard_t_le_eabi.a(libc2.o)
 *fill*         0x0000000000009fbd        0x3 
 .rodata.libc.__RAL_c_locale
                0x0000000000009fc0        0xc D:/SEGGER/SEGGER Embedded Studio for ARM 4.30/lib/libc_v7em_fpv4_sp_d16_hard_t_le_eabi.a(libc2.o)
                0x0000000000009fc0                __RAL_c_locale
 .rodata.libc.__RAL_c_locale_abbrev_day_names
                0x0000000000009fcc       0x1d D:/SEGGER/SEGGER Embedded Studio for ARM 4.30/lib/libc_v7em_fpv4_sp_d16_hard_t_le_eabi.a(libc2.o)
                0x0000000000009fcc                __RAL_c_locale_abbrev_day_names
 *fill*         0x0000000000009fe9        0x3 
 .rodata.libc.__RAL_c_locale_abbrev_month_names
                0x0000000000009fec       0x31 D:/SEGGER/SEGGER Embedded Studio for ARM 4.30/lib/libc_v7em_fpv4_sp_d16_hard_t_le_eabi.a(libc2.o)
                0x0000000000009fec                __RAL_c_locale_abbrev_month_names
 *fill*         0x000000000000a01d        0x3 
 .rodata.libc.__RAL_c_locale_am_pm_indicator
                0x000000000000a020        0x7 D:/SEGGER/SEGGER Embedded Studio for ARM 4.30/lib/libc_v7em_fpv4_sp_d16_hard_t_le_eabi.a(libc2.o)
                0x000000000000a020                __RAL_c_locale_am_pm_indicator
 *fill*         0x000000000000a027        0x1 
 .rodata.libc.__RAL_c_locale_data
                0x000000000000a028       0x58 D:/SEGGER/SEGGER Embedded Studio for ARM 4.30/lib/libc_v7em_fpv4_sp_d16_hard_t_le_eabi.a(libc2.o)
                0x000000000000a028                __RAL_c_locale_data
 .rodata.libc.__RAL_c_locale_date_format
                0x000000000000a080        0x9 D:/SEGGER/SEGGER Embedded Studio for ARM 4.30/lib/libc_v7em_fpv4_sp_d16_hard_t_le_eabi.a(libc2.o)
                0x000000000000a080                __RAL_c_locale_date_format
 *fill*         0x000000000000a089        0x3 
 .rodata.libc.__RAL_c_locale_date_time_format
                0x000000000000a08c        0xf D:/SEGGER/SEGGER Embedded Studio for ARM 4.30/lib/libc_v7em_fpv4_sp_d16_hard_t_le_eabi.a(libc2.o)
                0x000000000000a08c                __RAL_c_locale_date_time_format
 *fill*         0x000000000000a09b        0x1 
 .rodata.libc.__RAL_c_locale_day_names
                0x000000000000a09c       0x3a D:/SEGGER/SEGGER Embedded Studio for ARM 4.30/lib/libc_v7em_fpv4_sp_d16_hard_t_le_eabi.a(libc2.o)
                0x000000000000a09c                __RAL_c_locale_day_names
 *fill*         0x000000000000a0d6        0x2 
 .rodata.libc.__RAL_c_locale_month_names
                0x000000000000a0d8       0x57 D:/SEGGER/SEGGER Embedded Studio for ARM 4.30/lib/libc_v7em_fpv4_sp_d16_hard_t_le_eabi.a(libc2.o)
                0x000000000000a0d8                __RAL_c_locale_month_names
 *fill*         0x000000000000a12f        0x1 
 .rodata.libc.__RAL_c_locale_time_format
                0x000000000000a130        0x9 D:/SEGGER/SEGGER Embedded Studio for ARM 4.30/lib/libc_v7em_fpv4_sp_d16_hard_t_le_eabi.a(libc2.o)
                0x000000000000a130                __RAL_c_locale_time_format
 *fill*         0x000000000000a139        0x3 
 .rodata.libc.__RAL_codeset_ascii
                0x000000000000a13c       0x20 D:/SEGGER/SEGGER Embedded Studio for ARM 4.30/lib/libc_v7em_fpv4_sp_d16_hard_t_le_eabi.a(libc2.o)
                0x000000000000a13c                __RAL_codeset_ascii
 .rodata.libc.__RAL_data_empty_string
                0x000000000000a15c        0x1 D:/SEGGER/SEGGER Embedded Studio for ARM 4.30/lib/libc_v7em_fpv4_sp_d16_hard_t_le_eabi.a(libc2.o)
                0x000000000000a15c                __RAL_data_empty_string
 *fill*         0x000000000000a15d        0x3 
 .rodata.libc.__RAL_data_utf8_period
                0x000000000000a160        0x2 D:/SEGGER/SEGGER Embedded Studio for ARM 4.30/lib/libc_v7em_fpv4_sp_d16_hard_t_le_eabi.a(libc2.o)
                0x000000000000a160                __RAL_data_utf8_period
 *fill*         0x000000000000a162        0x2 
 .rodata.libc.__RAL_find_locale.str1.4
                0x000000000000a164        0xc D:/SEGGER/SEGGER Embedded Studio for ARM 4.30/lib/libc_v7em_fpv4_sp_d16_hard_t_le_eabi.a(libc2.o)
                                          0xa (size before relaxing)
                0x000000000000a170                __rodata_end__ = (__rodata_start__ + SIZEOF (.rodata))
                0x00000000000013b0                __rodata_size__ = SIZEOF (.rodata)
                0x000000000000a170                __rodata_load_end__ = __rodata_end__

.rel.dyn        0x000000000000a170        0x0
 .rel.iplt      0x000000000000a170        0x0 Output/transmitter_pca10040 Debug/Obj/thumb_crt0.o
                0x0000000000000001                . = ASSERT (((__rodata_start__ == __rodata_end__) || ((__rodata_end__ - __FLASH_segment_start__) <= __FLASH_segment_size__)), error: .rodata is too large to fit in FLASH memory segment)
                0x000000000000a170                __ARM.exidx_load_start__ = ALIGN (__rodata_end__, 0x4)

.ARM.exidx      0x000000000000a170        0x0
                0x000000000000a170                __ARM.exidx_start__ = .
                0x000000000000a170                __exidx_start = __ARM.exidx_start__
 *(.ARM.exidx .ARM.exidx.*)
                0x000000000000a170                __ARM.exidx_end__ = (__ARM.exidx_start__ + SIZEOF (.ARM.exidx))
                0x0000000000000000                __ARM.exidx_size__ = SIZEOF (.ARM.exidx)
                0x000000000000a170                __exidx_end = __ARM.exidx_end__
                0x000000000000a170                __ARM.exidx_load_end__ = __ARM.exidx_end__
                0x0000000000000001                . = ASSERT (((__ARM.exidx_start__ == __ARM.exidx_end__) || ((__ARM.exidx_end__ - __FLASH_segment_start__) <= __FLASH_segment_size__)), error: .ARM.exidx is too large to fit in FLASH memory segment)
                0x000000000000a170                __fast_load_start__ = ALIGN (__ARM.exidx_end__, 0x4)

.fast           0x0000000020000000        0x0 load address 0x000000000000a170
                0x0000000020000000                __fast_start__ = .
 *(.fast .fast.*)
                0x0000000020000000                __fast_end__ = (__fast_start__ + SIZEOF (.fast))
                0x0000000000000000                __fast_size__ = SIZEOF (.fast)
                0x000000000000a170                __fast_load_end__ = (__fast_load_start__ + SIZEOF (.fast))
                0x0000000000000001                . = ASSERT (((__fast_load_start__ == __fast_load_end__) || ((__fast_load_end__ - __FLASH_segment_start__) <= __FLASH_segment_size__)), error: .fast is too large to fit in FLASH memory segment)

.fast_run       0x0000000020000000        0x0
                0x0000000020000000                __fast_run_start__ = .
                0x0000000020000000                . = MAX ((__fast_run_start__ + SIZEOF (.fast)), .)
                0x0000000020000000                __fast_run_end__ = (__fast_run_start__ + SIZEOF (.fast_run))
                0x0000000000000000                __fast_run_size__ = SIZEOF (.fast_run)
                0x0000000020000000                __fast_run_load_end__ = __fast_run_end__
                0x0000000000000001                . = ASSERT (((__fast_run_start__ == __fast_run_end__) || ((__fast_run_end__ - __RAM_segment_start__) <= __RAM_segment_size__)), error: .fast_run is too large to fit in RAM memory segment)
                0x000000000000a170                __data_load_start__ = ALIGN ((__fast_load_start__ + SIZEOF (.fast)), 0x4)

.data           0x0000000020000000       0x6c load address 0x000000000000a170
                0x0000000020000000                __data_start__ = .
 *(.data .data.* .gnu.linkonce.d.*)
 .data.log_backend_cb_rtt_log_backend
                0x0000000020000000        0x8 Output/transmitter_pca10040 Debug/Obj/nrf_log_default_backends.o
 .data.severity_names
                0x0000000020000008       0x14 Output/transmitter_pca10040 Debug/Obj/nrf_log_str_formatter.o
 .data.m_colors
                0x000000002000001c       0x24 Output/transmitter_pca10040 Debug/Obj/nrf_log_str_formatter.o
 .data.m_rtc_inst
                0x0000000020000040        0x8 Output/transmitter_pca10040 Debug/Obj/app_timer2.o
 .data.m_device_num
                0x0000000020000048        0x1 Output/transmitter_pca10040 Debug/Obj/time_sync - KF - status.o
 .data.send_timeslot
                0x0000000020000049        0x1 Output/transmitter_pca10040 Debug/Obj/time_sync - KF - status.o
                0x0000000020000049                send_timeslot
 *fill*         0x000000002000004a        0x2 
 .data.COUNT    0x000000002000004c        0x4 Output/transmitter_pca10040 Debug/Obj/time_sync - KF - status.o
 .data.skew     0x0000000020000050        0x4 Output/transmitter_pca10040 Debug/Obj/time_sync - KF - status.o
 .data.SystemCoreClock
                0x0000000020000054        0x4 Output/transmitter_pca10040 Debug/Obj/system_nrf52.o
                0x0000000020000054                SystemCoreClock
 .data.libc.__RAL_global_locale
                0x0000000020000058       0x14 D:/SEGGER/SEGGER Embedded Studio for ARM 4.30/lib/libc_v7em_fpv4_sp_d16_hard_t_le_eabi.a(libc2.o)
                0x0000000020000058                __RAL_global_locale
                0x000000002000006c                __data_end__ = (__data_start__ + SIZEOF (.data))
                0x000000000000006c                __data_size__ = SIZEOF (.data)
                0x000000000000a1dc                __data_load_end__ = (__data_load_start__ + SIZEOF (.data))

.igot.plt       0x0000000100000000        0x0
 .igot.plt      0x0000000100000000        0x0 Output/transmitter_pca10040 Debug/Obj/thumb_crt0.o
                0x0000000000000001                . = ASSERT (((__data_load_start__ == __data_load_end__) || ((__data_load_end__ - __FLASH_segment_start__) <= __FLASH_segment_size__)), error: .data is too large to fit in FLASH memory segment)

.data_run       0x0000000020000000       0x6c load address 0x000000000000a170
                0x0000000020000000                __data_run_start__ = .
                0x000000002000006c                . = MAX ((__data_run_start__ + SIZEOF (.data)), .)
 *fill*         0x0000000020000000       0x6c 
                0x000000002000006c                __data_run_end__ = (__data_run_start__ + SIZEOF (.data_run))
                0x000000000000006c                __data_run_size__ = SIZEOF (.data_run)
                0x000000002000006c                __data_run_load_end__ = __data_run_end__
                0x0000000000000001                . = ASSERT (((__data_run_start__ == __data_run_end__) || ((__data_run_end__ - __RAM_segment_start__) <= __RAM_segment_size__)), error: .data_run is too large to fit in RAM memory segment)
                0x000000000000a1dc                __tdata_load_start__ = ALIGN ((__data_load_start__ + SIZEOF (.data)), 0x4)

.tdata          0x000000002000006c        0x0 load address 0x000000000000a1dc
                0x000000002000006c                __tdata_start__ = .
 *(.tdata .tdata.*)
                0x000000002000006c                __tdata_end__ = (__tdata_start__ + SIZEOF (.tdata))
                0x0000000000000000                __tdata_size__ = SIZEOF (.tdata)
                0x000000000000a1dc                __tdata_load_end__ = (__tdata_load_start__ + SIZEOF (.tdata))
                0x000000000000a1dc                __FLASH_segment_used_end__ = (ALIGN ((__data_load_start__ + SIZEOF (.data)), 0x4) + SIZEOF (.tdata))
                0x000000000000a1dc                __FLASH_segment_used_size__ = (__FLASH_segment_used_end__ - __FLASH_segment_start__)
                0x0000000000000001                . = ASSERT (((__tdata_load_start__ == __tdata_load_end__) || ((__tdata_load_end__ - __FLASH_segment_start__) <= __FLASH_segment_size__)), error: .tdata is too large to fit in FLASH memory segment)

.tdata_run      0x000000002000006c        0x0
                0x000000002000006c                __tdata_run_start__ = .
                0x000000002000006c                . = MAX ((__tdata_run_start__ + SIZEOF (.tdata)), .)
                0x000000002000006c                __tdata_run_end__ = (__tdata_run_start__ + SIZEOF (.tdata_run))
                0x0000000000000000                __tdata_run_size__ = SIZEOF (.tdata_run)
                0x000000002000006c                __tdata_run_load_end__ = __tdata_run_end__
                0x0000000000000001                . = ASSERT (((__tdata_run_start__ == __tdata_run_end__) || ((__tdata_run_end__ - __RAM_segment_start__) <= __RAM_segment_size__)), error: .tdata_run is too large to fit in RAM memory segment)
                0x000000002000006c                __bss_load_start__ = ALIGN (__tdata_run_end__, 0x4)

.bss            0x000000002000006c      0xd70
                0x000000002000006c                __bss_start__ = .
 *(.bss .bss.* .gnu.linkonce.b.*)
 .bss.m_host_present
                0x000000002000006c        0x1 Output/transmitter_pca10040 Debug/Obj/nrf_log_backend_rtt.o
 *fill*         0x000000002000006d        0x3 
 .bss.m_string_buff
                0x0000000020000070       0x40 Output/transmitter_pca10040 Debug/Obj/nrf_log_backend_rtt.o
 .bss.log_mempool_nrf_balloc_pool_stack
                0x00000000200000b0        0x8 Output/transmitter_pca10040 Debug/Obj/nrf_log_frontend.o
 .bss.log_mempool_nrf_balloc_pool_mem
                0x00000000200000b8       0xc0 Output/transmitter_pca10040 Debug/Obj/nrf_log_frontend.o
 .bss.log_mempool_nrf_balloc_cb
                0x0000000020000178        0x8 Output/transmitter_pca10040 Debug/Obj/nrf_log_frontend.o
 .bss.m_log_push_ringbuf_buf
                0x0000000020000180       0x80 Output/transmitter_pca10040 Debug/Obj/nrf_log_frontend.o
 .bss.m_log_push_ringbuf_cb
                0x0000000020000200       0x18 Output/transmitter_pca10040 Debug/Obj/nrf_log_frontend.o
 .bss.m_log_data
                0x0000000020000218      0x424 Output/transmitter_pca10040 Debug/Obj/nrf_log_frontend.o
 .bss.mp_buttons
                0x000000002000063c        0x4 Output/transmitter_pca10040 Debug/Obj/app_button.o
 .bss.m_button_count
                0x0000000020000640        0x1 Output/transmitter_pca10040 Debug/Obj/app_button.o
 *fill*         0x0000000020000641        0x3 
 .bss.m_detection_delay
                0x0000000020000644        0x4 Output/transmitter_pca10040 Debug/Obj/app_button.o
 .bss.m_detection_delay_timer_id_data
                0x0000000020000648       0x20 Output/transmitter_pca10040 Debug/Obj/app_button.o
 .bss.m_pin_active
                0x0000000020000668        0x8 Output/transmitter_pca10040 Debug/Obj/app_button.o
 .bss.m_pin_states
                0x0000000020000670       0x10 Output/transmitter_pca10040 Debug/Obj/app_button.o
 .bss.m_error_data.7426
                0x0000000020000680       0x20 Output/transmitter_pca10040 Debug/Obj/app_error.o
 .bss.mp_active_timer