<html>
<body>
<pre>
<h1>µVision Build Log</h1>
<h2>Tool Versions:</h2>
IDE-Version: ¦ÌVision V5.29.0.0
Copyright (C) 2019 ARM Ltd and ARM Germany GmbH. All rights reserved.
License Information: f zh, fudan, LIC=14HJJ-UKWR3-7R4X3-ARZJG-9BMK7-E6ERC
 
Tool Versions:
Toolchain:       MDK-ARM Plus  Version: 5.29.0.0
Toolchain Path:  C:\Keil_v5\ARM\ARMCC\Bin
C Compiler:      Armcc.exe V5.06 update 6 (build 750)
Assembler:       Armasm.exe V5.06 update 6 (build 750)
Linker/Locator:  ArmLink.exe V5.06 update 6 (build 750)
Library Manager: ArmAr.exe V5.06 update 6 (build 750)
Hex Converter:   FromElf.exe V5.06 update 6 (build 750)
CPU DLL:         
Dialog DLL:      
Target DLL:      Segger\JL2CM3.dll V2.99.36.0
Dialog DLL:      TCM.DLL V1.36.5.0
 
<h2>Project:</h2>
D:\BlueTooth\nRF5_SDK_16.0.0\examples\peripheral\radio\status\pca10040\blank\arm5_no_packs\status_pca10040.uvprojx
Project File Date:  04/08/2021

<h2>Output:</h2>
*** Using Compiler 'V5.06 update 6 (build 750)', folder: 'C:\Keil_v5\ARM\ARMCC\Bin'
Build target 'nrf52832_xxaa'
compiling time_sync - frame.c...
..\..\..\time_sync - frame.c(92): warning:  #177-D: function "ppi_sync_timer_adjust_configure"  was declared but never referenced
  static void ppi_sync_timer_adjust_configure(void);
..\..\..\time_sync - frame.c(499): warning:  #177-D: function "ppi_sync_timer_adjust_enable"  was declared but never referenced
  static void ppi_sync_timer_adjust_enable(void)
..\..\..\time_sync - frame.c(504): warning:  #177-D: function "ppi_sync_timer_adjust_disable"  was declared but never referenced
  static void ppi_sync_timer_adjust_disable(void)
..\..\..\time_sync - frame.c(490): warning:  #177-D: function "ppi_radio_rx_disable"  was declared but never referenced
  static void ppi_radio_rx_disable(void)
..\..\..\time_sync - frame.c(225): warning:  #177-D: function "update_radio_parameters"  was declared but never referenced
  static void update_radio_parameters(sync_pkt_t * p_pkt)
..\..\..\time_sync - frame.c(481): warning:  #177-D: function "ppi_counter_timer_capture_disable"  was declared but never referenced
  static void ppi_counter_timer_capture_disable(uint32_t chn)
..\..\..\time_sync - frame.c: 6 warnings, 0 errors
compiling main.c...
linking...
Program Size: Code=13228 RO-data=1160 RW-data=244 ZI-data=10836  
FromELF: creating hex file...
".\_build\nrf52832_xxaa.axf" - 0 Error(s), 6 Warning(s).

<h2>Software Packages used:</h2>

Package Vendor: ARM
                http://www.keil.com/pack/ARM.CMSIS.4.5.0.pack
                ARM.CMSIS.4.5.0
                CMSIS (Cortex Microcontroller Software Interface Standard)
   * Component: CORE Version: 4.3.0

Package Vendor: NordicSemiconductor
                http://developer.nordicsemi.com/nRF5_SDK/pieces/nRF_DeviceFamilyPack/NordicSemiconductor.nRF_DeviceFamilyPack_NordicLicense.8.27.0.pack
                NordicSemiconductor.nRF_DeviceFamilyPack_NordicLicense.8.27.0
                Nordic Semiconductor nRF ARM devices Device Family Pack with Nordic license.
   * Component: Startup Version: 8.27.0

<h2>Collection of Component include folders:</h2>
  .\RTE\_nrf52832_xxaa
  C:\Keil_v5\ARM\PACK\ARM\CMSIS\4.5.0\CMSIS\Include
  C:\Keil_v5\ARM\PACK\NordicSemiconductor\nRF_DeviceFamilyPack_NordicLicense\8.27.0\Device\Include

<h2>Collection of Component Files used:</h2>

   * Component: ARM::CMSIS:CORE:4.3.0

   * Component: NordicSemiconductor::Device:Startup:8.27.0
      Source file:   Device\Source\system_nrf52.c
      Include file:  Device\Include\system_nrf52.h
      Include file:  Device\Include\system_nrf.h
      Source file:   Device\Source\arm\arm_startup_nrf52.s
Build Time Elapsed:  00:00:04
</pre>
</body>
</html>
