Archive member included to satisfy reference by file (symbol)

D:/SEGGER/SEGGER Embedded Studio for ARM 4.30/lib/libm_v7em_fpv4_sp_d16_hard_t_le_eabi.a(libm_asm.o)
                              Output/transmitter_pca10040 Release/Obj/time_sync - KF - status.o (__aeabi_dadd)
D:/SEGGER/SEGGER Embedded Studio for ARM 4.30/lib/libc_v7em_fpv4_sp_d16_hard_t_le_eabi.a(libc_asm.o)
                              Output/transmitter_pca10040 Release/Obj/bsp.o (__aeabi_uldivmod)
D:/SEGGER/SEGGER Embedded Studio for ARM 4.30/lib/libc_v7em_fpv4_sp_d16_hard_t_le_eabi.a(libc2.o)
                              Output/transmitter_pca10040 Release/Obj/nrf_log_str_formatter.o (isprint)
D:/SEGGER/SEGGER Embedded Studio for ARM 4.30/lib/libc_v7em_fpv4_sp_d16_hard_t_le_eabi.a(libc2_asm.o)
                              Output/transmitter_pca10040 Release/Obj/nrf_log_frontend.o (memcpy)
D:/SEGGER/SEGGER Embedded Studio for ARM 4.30/lib/libc_v7em_fpv4_sp_d16_hard_t_le_eabi.a(libc.o)
                              D:/SEGGER/SEGGER Embedded Studio for ARM 4.30/lib/libc_v7em_fpv4_sp_d16_hard_t_le_eabi.a(libc2.o) (__heap_lock)
D:/SEGGER/SEGGER Embedded Studio for ARM 4.30/lib/libdebugio_v7em_fpv4_sp_d16_hard_t_le_eabi.a(libdebugio.o)
                              Output/transmitter_pca10040 Release/Obj/thumb_crt0.o (debug_fopen)
D:/SEGGER/SEGGER Embedded Studio for ARM 4.30/lib/libdebugio_mempoll_v7em_fpv4_sp_d16_hard_t_le_eabi.a(mempoll_debug_operations.o)
                              D:/SEGGER/SEGGER Embedded Studio for ARM 4.30/lib/libdebugio_v7em_fpv4_sp_d16_hard_t_le_eabi.a(libdebugio.o) (__do_debug_operation)
D:/SEGGER/SEGGER Embedded Studio for ARM 4.30/lib/libdebugio_mempoll_v7em_fpv4_sp_d16_hard_t_le_eabi.a(do_nv_debug_operation.o)
                              D:/SEGGER/SEGGER Embedded Studio for ARM 4.30/lib/libdebugio_v7em_fpv4_sp_d16_hard_t_le_eabi.a(libdebugio.o) (__do_nvdebug_operation)
D:/SEGGER/SEGGER Embedded Studio for ARM 4.30/lib/libm_v7em_fpv4_sp_d16_hard_t_le_eabi.a(libm2.o)
                              D:/SEGGER/SEGGER Embedded Studio for ARM 4.30/lib/libvfprintf_v7em_fpv4_sp_d16_hard_t_le_eabi.o (frexp)

Discarded input sections

 .text          0x0000000000000000        0x0 Output/transmitter_pca10040 Release/Obj/thumb_crt0.o
 .data          0x0000000000000000        0x0 Output/transmitter_pca10040 Release/Obj/thumb_crt0.o
 .bss           0x0000000000000000        0x0 Output/transmitter_pca10040 Release/Obj/thumb_crt0.o
 .text.__aeabi_read_tp
                0x0000000000000000        0x8 Output/transmitter_pca10040 Release/Obj/thumb_crt0.o
 .text.abort    0x0000000000000000        0x2 Output/transmitter_pca10040 Release/Obj/thumb_crt0.o
 .text.__assert
                0x0000000000000000        0x2 Output/transmitter_pca10040 Release/Obj/thumb_crt0.o
 .text.__aeabi_assert
                0x0000000000000000        0x2 Output/transmitter_pca10040 Release/Obj/thumb_crt0.o
 .text.__sync_synchronize
                0x0000000000000000        0x2 Output/transmitter_pca10040 Release/Obj/thumb_crt0.o
 .text.__getchar
                0x0000000000000000        0x4 Output/transmitter_pca10040 Release/Obj/thumb_crt0.o
 .text.__putchar
                0x0000000000000000        0x4 Output/transmitter_pca10040 Release/Obj/thumb_crt0.o
 .text.__open   0x0000000000000000        0x4 Output/transmitter_pca10040 Release/Obj/thumb_crt0.o
 .text.__close  0x0000000000000000        0x4 Output/transmitter_pca10040 Release/Obj/thumb_crt0.o
 .text.__write  0x0000000000000000        0xa Output/transmitter_pca10040 Release/Obj/thumb_crt0.o
 .text.__read   0x0000000000000000        0xa Output/transmitter_pca10040 Release/Obj/thumb_crt0.o
 .text.__seek   0x0000000000000000       0x1a Output/transmitter_pca10040 Release/Obj/thumb_crt0.o
 .bss.__user_locale_name_buffer
                0x0000000000000000        0x4 Output/transmitter_pca10040 Release/Obj/thumb_crt0.o
 .stack         0x0000000000000000        0x0 Output/transmitter_pca10040 Release/Obj/thumb_crt0.o
 .stack_process
                0x0000000000000000        0x0 Output/transmitter_pca10040 Release/Obj/thumb_crt0.o
 .heap          0x0000000000000000        0x0 Output/transmitter_pca10040 Release/Obj/thumb_crt0.o
 .group         0x0000000000000000        0xc Output/transmitter_pca10040 Release/Obj/nrf_log_backend_rtt.o
 .group         0x0000000000000000        0xc Output/transmitter_pca10040 Release/Obj/nrf_log_backend_rtt.o
 .group         0x0000000000000000        0xc Output/transmitter_pca10040 Release/Obj/nrf_log_backend_rtt.o
 .group         0x0000000000000000        0xc Output/transmitter_pca10040 Release/Obj/nrf_log_backend_rtt.o
 .group         0x0000000000000000        0xc Output/transmitter_pca10040 Release/Obj/nrf_log_backend_rtt.o
 .group         0x0000000000000000        0xc Output/transmitter_pca10040 Release/Obj/nrf_log_backend_rtt.o
 .group         0x0000000000000000        0xc Output/transmitter_pca10040 Release/Obj/nrf_log_backend_rtt.o
[...]
Memory Configuration

Name             Origin             Length             Attributes
UNPLACED_SECTIONS 0x0000000100000000 0x0000000000000000 xw
RAM              0x0000000020000000 0x0000000000010000 xw
FLASH            0x0000000000000000 0x0000000000080000 xw
*default*        0x0000000000000000 0xffffffffffffffff

Linker script and memory map

                0x0000000000000000                __vfprintf = __vfprintf_float_long
                0x0000000000000000                __vfscanf = __vfscanf_long
                0x0000000020000000                __RAM_segment_start__ = 0x20000000
                0x0000000020010000                __RAM_segment_end__ = 0x20010000
                0x0000000000010000                __RAM_segment_size__ = 0x10000
                0x0000000000000000                __FLASH_segment_start__ = 0x0
                0x0000000000080000                __FLASH_segment_end__ = 0x80000
                0x0000000000080000                __FLASH_segment_size__ = 0x80000
                0x0000000000002000                __HEAPSIZE__ = 0x2000
                0x0000000000000000                __STACKSIZE_PROCESS__ = 0x0
                0x0000000000002000                __STACKSIZE__ = 0x2000
                0x0000000020000000                __vectors_ram_load_start__ = 0x20000000

.vectors_ram    0x0000000020000000        0x0
                0x0000000020000000                __vectors_ram_start__ = .
                0x0000000020000000                __app_ram_start__ = __vectors_ram_start__
 *(.vectors_ram .vectors_ram.*)
                0x0000000020000000                __vectors_ram_end__ = (__vectors_ram_start__ + SIZEOF (.vectors_ram))
                0x0000000000000000                __vectors_ram_size__ = SIZEOF (.vectors_ram)
                0x0000000020000000                __vectors_ram_load_end__ = __vectors_ram_end__
                0x0000000000000001                . = ASSERT (((__vectors_ram_start__ == __vectors_ram_end__) || ((__vectors_ram_end__ - __RAM_segment_start__) <= __RAM_segment_size__)), error: .vectors_ram is too large to fit in RAM memory segment)
                0x0000000020000000                __nrf_sections_run_load_start__ = ALIGN (__vectors_ram_end__, 0x4)

.nrf_sections_run
                0x0000000020000000        0x0
                0x0000000020000000                __nrf_sections_run_start__ = .
                0x0000000020000000                __start_nrf_sections_run = __nrf_sections_run_start__
 *(.nrf_sections_run .nrf_sections_run.*)
                0x0000000020000000                __nrf_sections_run_end__ = (__nrf_sections_run_start__ + SIZEOF (.nrf_sections_run))
                0x0000000000000000                __nrf_sections_run_size__ = SIZEOF (.nrf_sections_run)
                0x0000000020000000                __nrf_sections_run_load_end__ = __nrf_sections_run_end__
                0x0000000000000001                . = ASSERT (((__nrf_sections_run_start__ == __nrf_sections_run_end__) || ((__nrf_sections_run_end__ - __RAM_segment_start__) <= __RAM_segment_size__)), error: .nrf_sections_run is too large to fit in RAM memory segment)
                0x0000000000000000                __vectors_load_start__ = 0x0

.vectors        0x0000000000000000      0x200
                0x0000000000000000                __vectors_start__ = .
 *(.vectors .vectors.*)
 .vectors       0x0000000000000000      0x200 Output/transmitter_pca10040 Release/Obj/ses_startup_nrf52.o
                0x0000000000000000                _vectors
                0x0000000000000200                __vectors_end__ = (__vectors_start__ + SIZEOF (.vectors))
                0x0000000000000200                __vectors_size__ = SIZEOF (.vectors)
                0x0000000000000200                __vectors_load_end__ = __vectors_end__
                0x0000000000000001                . = ASSERT (((__vectors_start__ == __vectors_end__) || ((__vectors_end__ - __FLASH_segment_start__) <= __FLASH_segment_size__)), error: .vectors is too large to fit in FLASH memory segment)
                0x0000000000000200                __init_load_start__ = ALIGN (__vectors_end__, 0x4)

.init           0x0000000000000200      0x1d0
                0x0000000000000200                __init_start__ = .
 *(.init .init.*)
 .init          0x0000000000000200      0x15c Output/transmitter_pca10040 Release/Obj/thumb_crt0.o
                0x0000000000000200                _start
                0x00000000000002b4                exit
 .init          0x000000000000035c       0x18 Output/transmitter_pca10040 Release/Obj/ses_startup_nrf52.o
                0x000000000000035c                NMI_Handler
                0x000000000000035e                HardFault_Handler
                0x0000000000000360                MemoryManagement_Handler
                0x0000000000000362                BusFault_Handler
                0x0000000000000364                UsageFault_Handler
                0x0000000000000366                SVC_Handler
                0x0000000000000368                DebugMon_Handler
                0x000000000000036a                PendSV_Handler
                0x000000000000036c                SysTick_Handler
                0x000000000000036e                PWM1_IRQHandler
                0x000000000000036e                SWI0_EGU0_IRQHandler
                0x000000000000036e                POWER_CLOCK_IRQHandler
                0x000000000000036e                PDM_IRQHandler
                0x000000000000036e                TEMP_IRQHandler
                0x000000000000036e                QDEC_IRQHandler
                0x000000000000036e                TIMER3_IRQHandler
                0x000000000000036e                RTC0_IRQHandler
                0x000000000000036e                SPIM0_SPIS0_TWIM0_TWIS0_SPI0_TWI0_IRQHandler
                0x000000000000036e                SWI2_EGU2_IRQHandler
                0x000000000000036e                TIMER4_IRQHandler
                0x000000000000036e                I2S_IRQHandler
                0x000000000000036e                SWI4_EGU4_IRQHandler
                0x000000000000036e                TIMER0_IRQHandler
                0x000000000000036e                Dummy_Handler
                0x000000000000036e                TIMER1_IRQHandler
                0x000000000000036e                PWM2_IRQHandler
                0x000000000000036e                ECB_IRQHandler
                0x000000000000036e                SPIM1_SPIS1_TWIM1_TWIS1_SPI1_TWI1_IRQHandler
                0x000000000000036e                SAADC_IRQHandler
                0x000000000000036e                CCM_AAR_IRQHandler
                0x000000000000036e                WDT_IRQHandler
                0x000000000000036e                FPU_IRQHandler
                0x000000000000036e                SWI5_EGU5_IRQHandler
                0x000000000000036e                RNG_IRQHandler
                0x000000000000036e                RTC2_IRQHandler
                0x000000000000036e                PWM0_IRQHandler
                0x000000000000036e                SWI1_EGU1_IRQHandler
                0x000000000000036e                SPIM2_SPIS2_SPI2_IRQHandler
                0x000000000000036e                NFCT_IRQHandler
                0x000000000000036e                TIMER2_IRQHandler
                0x000000000000036e                MWU_IRQHandler
                0x000000000000036e                COMP_LPCOMP_IRQHandler
                0x0000000000000370                nRFInitialize
 .init          0x0000000000000374       0x5c Output/transmitter_pca10040 Release/Obj/ses_startup_nrf_common.o
                0x0000000000000374                Reset_Handler
                0x0000000000000378                afterInitialize
                0x000000000000039c                InitializeUserMemorySections
                0x00000000000003d0                __init_end__ = (__init_start__ + SIZEOF (.init))
                0x00000000000001d0                __init_size__ = SIZEOF (.init)
                0x00000000000003d0                __init_load_end__ = __init_end__
                0x0000000000000001                . = ASSERT (((__init_start__ == __init_end__) || ((__init_end__ - __FLASH_segment_start__) <= __FLASH_segment_size__)), error: .init is too large to fit in FLASH memory segment)
                0x00000000000003d0                __init_rodata_load_start__ = ALIGN (__init_end__, 0x4)

.init_rodata    0x00000000000003d0        0x0
                0x00000000000003d0                __init_rodata_start__ = .
 *(.init_rodata .init_rodata.*)
                0x00000000000003d0                __init_rodata_end__ = (__init_rodata_start__ + SIZEOF (.init_rodata))
                0x0000000000000000                __init_rodata_size__ = SIZEOF (.init_rodata)
                0x00000000000003d0                __init_rodata_load_end__ = __init_rodata_end__
                0x0000000000000001                . = ASSERT (((__init_rodata_start__ == __init_rodata_end__) || ((__init_rodata_end__ - __FLASH_segment_start__) <= __FLASH_segment_size__)), error: .init_rodata is too large to fit in FLASH memory segment)
                0x00000000000003d0                __text_load_start__ = ALIGN (__init_rodata_end__, 0x4)

.text           0x00000000000003d0     0x5086
                0x00000000000003d0                __text_start__ = .
 *(.text .text.* .glue_7t .glue_7 .gnu.linkonce.t.* .gcc_except_table .ARM.extab* .gnu.linkonce.armextab.*)
 .glue_7        0x00000000000003d0        0x0 linker stubs
 .glue_7t       0x00000000000003d0        0x0 linker stubs
 .text.nrf_log_backend_rtt_flush
                0x00000000000003d0        0x2 Output/transmitter_pca10040 Release/Obj/nrf_log_backend_rtt.o
 *fill*         0x00000000000003d2        0x2 
 .text.nrf_log_backend_rtt_put
                0x00000000000003d4       0x1c Output/transmitter_pca10040 Release/Obj/nrf_log_backend_rtt.o
 .text.serial_tx
                0x00000000000003f0       0x50 Output/transmitter_pca10040 Release/Obj/nrf_log_backend_rtt.o
 .text.nrf_log_backend_rtt_panic_set
                0x0000000000000440        0x2 Output/transmitter_pca10040 Release/Obj/nrf_log_backend_rtt.o
 .text.nrf_log_backend_rtt_init
                0x0000000000000442        0x4 Output/transmitter_pca10040 Release/Obj/nrf_log_backend_rtt.o
                0x0000000000000442                nrf_log_backend_rtt_init
 .text.nrf_log_backend_serial_put
                0x0000000000000446       0xc0 Output/transmitter_pca10040 Release/Obj/nrf_log_backend_serial.o
                0x0000000000000446                nrf_log_backend_serial_put
 *fill*         0x0000000000000506        0x2 
 .text.uart_evt_handler
                0x0000000000000508        0xc Output/transmitter_pca10040 Release/Obj/nrf_log_backend_uart.o
 .text.nrf_log_backend_uart_flush
                0x0000000000000514        0x2 Output/transmitter_pca10040 Release/Obj/nrf_log_backend_uart.o
 *fill*         0x0000000000000516        0x2 
 .text.uart_init
                0x0000000000000518       0x4c Output/transmitter_pca10040 Release/Obj/nrf_log_backend_uart.o
 .text.nrf_log_backend_uart_put
                0x0000000000000564       0x1c Output/transmitter_pca10040 Release/Obj/nrf_log_backend_uart.o
 .text.serial_tx
                0x0000000000000580       0x48 Output/transmitter_pca10040 Release/Obj/nrf_log_backend_uart.o
 .text.nrf_log_backend_uart_panic_set
                0x00000000000005c8       0x2c Output/transmitter_pca10040 Release/Obj/nrf_log_backend_uart.o
 .text.nrf_log_backend_uart_init
                0x00000000000005f4        0x6 Output/transmitter_pca10040 Release/Obj/nrf_log_backend_uart.o
                0x00000000000005f4                nrf_log_backend_uart_init
 *fill*         0x00000000000005fa        0x2 
 .text.nrf_log_default_backends_init
                0x00000000000005fc       0x38 Output/transmitter_pca10040 Release/Obj/nrf_log_default_backends.o
                0x00000000000005fc                nrf_log_default_backends_init
 .text.invalid_packets_omit
                0x0000000000000634       0x3a Output/transmitter_pca10040 Release/Obj/nrf_log_frontend.o
 *fill*         0x000000000000066e        0x2 
 .text.buf_prealloc
                0x0000000000000670      0x130 Output/transmitter_pca10040 Release/Obj/nrf_log_frontend.o
 .text.nrf_log_init
                0x00000000000007a0       0x3c Output/transmitter_pca10040 Release/Obj/nrf_log_frontend.o
                0x00000000000007a0                nrf_log_init
 .text.nrf_log_module_name_get
                0x00000000000007dc       0x38 Output/transmitter_pca10040 Release/Obj/nrf_log_frontend.o
                0x00000000000007dc                nrf_log_module_name_get
 .text.nrf_log_color_id_get
                0x0000000000000814       0x2c Output/transmitter_pca10040 Release/Obj/nrf_log_frontend.o
                0x0000000000000814                nrf_log_color_id_get
 .text.buffer_is_empty
                0x0000000000000840       0x14 Output/transmitter_pca10040 Release/Obj/nrf_log_frontend.o
                0x0000000000000840                buffer_is_empty
 .text.nrf_log_frontend_dequeue
                0x0000000000000854      0x21c Output/transmitter_pca10040 Release/Obj/nrf_log_frontend.o
                0x0000000000000854                nrf_log_frontend_dequeue
 .text.std_n    0x0000000000000a70       0xb0 Output/transmitter_pca10040 Release/Obj/nrf_log_frontend.o
 .text.nrf_log_frontend_std_0
                0x0000000000000b20        0x8 Output/transmitter_pca10040 Release/Obj/nrf_log_frontend.o
                0x0000000000000b20                nrf_log_frontend_std_0
 .text.nrf_log_frontend_std_1
                0x0000000000000b28       0x12 Output/transmitter_pca10040 Release/Obj/nrf_log_frontend.o
                0x0000000000000b28                nrf_log_frontend_std_1
 .text.nrf_log_frontend_std_2
                0x0000000000000b3a       0x14 Output/transmitter_pca10040 Release/Obj/nrf_log_frontend.o
                0x0000000000000b3a                nrf_log_frontend_std_2
 .text.nrf_log_frontend_std_4
                0x0000000000000b4e       0x1c Output/transmitter_pca10040 Release/Obj/nrf_log_frontend.o
                0x0000000000000b4e                nrf_log_frontend_std_4
 .text.nrf_log_frontend_std_6
                0x0000000000000b6a       0x24 Output/transmitter_pca10040 Release/Obj/nrf_log_frontend.o
                0x0000000000000b6a                nrf_log_frontend_std_6
 *fill*         0x0000000000000b8e        0x2 
 .text.nrf_log_backend_add
                0x0000000000000b90       0x44 Output/transmitter_pca10040 Release/Obj/nrf_log_frontend.o
                0x0000000000000b90                nrf_log_backend_add
 .text.nrf_log_panic
                0x0000000000000bd4       0x2c Output/transmitter_pca10040 Release/Obj/nrf_log_frontend.o
                0x0000000000000bd4                nrf_log_panic
 .text.postfix_process
                0x0000000000000c00       0x3c Output/transmitter_pca10040 Release/Obj/nrf_log_str_formatter.o
 .text.prefix_process
                0x0000000000000c3c       0x78 Output/transmitter_pca10040 Release/Obj/nrf_log_str_formatter.o
 .text.nrf_log_std_entry_process
                0x0000000000000cb4       0xc8 Output/transmitter_pca10040 Release/Obj/nrf_log_str_formatter.o
                0x0000000000000cb4                nrf_log_std_entry_process
 .text.nrf_log_hexdump_entry_process
                0x0000000000000d7c       0xb4 Output/transmitter_pca10040 Release/Obj/nrf_log_str_formatter.o
                0x0000000000000d7c                nrf_log_hexdump_entry_process
 .text.bsp_board_led_state_get
                0x0000000000000e30       0x1c Output/transmitter_pca10040 Release/Obj/boards.o
                0x0000000000000e30                bsp_board_led_state_get
 .text.bsp_board_led_on
                0x0000000000000e4c       0x18 Output/transmitter_pca10040 Release/Obj/boards.o
                0x0000000000000e4c                bsp_board_led_on
 .text.bsp_board_led_off
                0x0000000000000e64       0x18 Output/transmitter_pca10040 Release/Obj/boards.o
                0x0000000000000e64                bsp_board_led_off
 .text.bsp_board_leds_off
                0x0000000000000e7c       0x1e Output/transmitter_pca10040 Release/Obj/boards.o
                0x0000000000000e7c                bsp_board_leds_off
 .text.bsp_board_leds_on
                0x0000000000000e9a       0x1e Output/transmitter_pca10040 Release/Obj/boards.o
                0x0000000000000e9a                bsp_board_leds_on
 .text.bsp_board_led_invert
                0x0000000000000eb8       0x24 Output/transmitter_pca10040 Release/Obj/boards.o
                0x0000000000000eb8                bsp_board_led_invert
 .text.bsp_board_pin_to_button_idx
                0x0000000000000edc       0x24 Output/transmitter_pca10040 Release/Obj/boards.o
                0x0000000000000edc                bsp_board_pin_to_button_idx
 .text.bsp_board_init
                0x0000000000000f00       0x3e Output/transmitter_pca10040 Release/Obj/boards.o
                0x0000000000000f00                bsp_board_init
 *fill*         0x0000000000000f3e        0x2 
 .text.state_set
                0x0000000000000f40       0x24 Output/transmitter_pca10040 Release/Obj/app_button.o
 .text.button_get
                0x0000000000000f64       0x30 Output/transmitter_pca10040 Release/Obj/app_button.o
 .text.usr_event
                0x0000000000000f94       0x1c Output/transmitter_pca10040 Release/Obj/app_button.o
 .text.timer_start
                0x0000000000000fb0       0x18 Output/transmitter_pca10040 Release/Obj/app_button.o
 .text.gpiote_event_handler
                0x0000000000000fc8       0x34 Output/transmitter_pca10040 Release/Obj/app_button.o
 .text.evt_handle
                0x0000000000000ffc       0xdc Output/transmitter_pca10040 Release/Obj/app_button.o
                0x0000000000000ffc                evt_handle
 .text.detection_delay_timeout_handler
                0x00000000000010d8       0x5c Output/transmitter_pca10040 Release/Obj/app_button.o
 .text.app_button_init
                0x0000000000001134       0xac Output/transmitter_pca10040 Release/Obj/app_button.o
                0x0000000000001134                app_button_init
 .text.app_button_enable
                0x00000000000011e0       0x2c Output/transmitter_pca10040 Release/Obj/app_button.o
                0x00000000000011e0                app_button_enable
 .text.app_error_handler_bare
                0x000000000000120c       0x1a Output/transmitter_pca10040 Release/Obj/app_error.o
                0x000000000000120c                app_error_handler_bare
 *fill*         0x0000000000001226        0x2 
 .text.app_error_fault_handler
                0x0000000000001228       0x70 Output/transmitter_pca10040 Release/Obj/app_error_weak.o
                0x0000000000001228                app_error_fault_handler
 .text.compare_func
                0x0000000000001298       0x16 Output/transmitter_pca10040 Release/Obj/app_timer2.o
 *fill*         0x00000000000012ae        0x2 
 .text.get_now  0x00000000000012b0       0x44 Output/transmitter_pca10040 Release/Obj/app_timer2.o
 .text.timer_req_schedule
                0x00000000000012f4       0x38 Output/transmitter_pca10040 Release/Obj/app_timer2.o
 .text.timer_expire
                0x000000000000132c       0x70 Output/transmitter_pca10040 Release/Obj/app_timer2.o
 .text.app_timer_init
                0x000000000000139c       0x64 Output/transmitter_pca10040 Release/Obj/app_timer2.o
                0x000000000000139c                app_timer_init
 .text.app_timer_create
                0x0000000000001400       0x16 Output/transmitter_pca10040 Release/Obj/app_timer2.o
                0x0000000000001400                app_timer_create
 .text.app_timer_start
                0x0000000000001416       0x30 Output/transmitter_pca10040 Release/Obj/app_timer2.o
                0x0000000000001416                app_timer_start
 .text.app_timer_stop
                0x0000000000001446        0xc Output/transmitter_pca10040 Release/Obj/app_timer2.o
                0x0000000000001446                app_timer_stop
 *fill*         0x0000000000001452        0x2 
 .text.app_timer_cnt_get
                0x0000000000001454        0xc Output/transmitter_pca10040 Release/Obj/app_timer2.o
                0x0000000000001454                app_timer_cnt_get
 .text.rtc_irq  0x0000000000001460      0x194 Output/transmitter_pca10040 Release/Obj/app_timer2.o
 .text.app_util_disable_irq
                0x00000000000015f4       0x10 Output/transmitter_pca10040 Release/Obj/app_util_platform.o
                0x00000000000015f4                app_util_disable_irq
 .text.app_util_enable_irq
                0x0000000000001604       0x14 Output/transmitter_pca10040 Release/Obj/app_util_platform.o
                0x0000000000001604                app_util_enable_irq
 .text.app_util_critical_region_enter
                0x0000000000001618        0x4 Output/transmitter_pca10040 Release/Obj/app_util_platform.o
                0x0000000000001618                app_util_critical_region_enter
 .text.app_util_critical_region_exit
                0x000000000000161c        0x4 Output/transmitter_pca10040 Release/Obj/app_util_platform.o
                0x000000000000161c                app_util_critical_region_exit
 .text.evt_pending.isra.3
                0x0000000000001620       0x1a Output/transmitter_pca10040 Release/Obj/drv_rtc.o
 *fill*         0x000000000000163a        0x2 
 .text.drv_rtc_init
                0x000000000000163c       0xac Output/transmitter_pca10040 Release/Obj/drv_rtc.o
                0x000000000000163c                drv_rtc_init
 .text.drv_rtc_start
                0x00000000000016e8        0x8 Output/transmitter_pca10040 Release/Obj/drv_rtc.o
                0x00000000000016e8                drv_rtc_start
 .text.drv_rtc_stop
                0x00000000000016f0        0x8 Output/transmitter_pca10040 Release/Obj/drv_rtc.o
                0x00000000000016f0                drv_rtc_stop
 .text.drv_rtc_compare_set
                0x00000000000016f8       0x3e Output/transmitter_pca10040 Release/Obj/drv_rtc.o
                0x00000000000016f8                drv_rtc_compare_set
 *fill*         0x0000000000001736        0x2 
 .text.drv_rtc_windowed_compare_set
                0x0000000000001738       0xe8 Output/transmitter_pca10040 Release/Obj/drv_rtc.o
                0x0000000000001738                drv_rtc_windowed_compare_set
 .text.drv_rtc_overflow_enable
                0x0000000000001820       0x10 Output/transmitter_pca10040 Release/Obj/drv_rtc.o
                0x0000000000001820                drv_rtc_overflow_enable
 .text.drv_rtc_overflow_pending
                0x0000000000001830        0xa Output/transmitter_pca10040 Release/Obj/drv_rtc.o
                0x0000000000001830                drv_rtc_overflow_pending
 .text.drv_rtc_compare_disable
                0x000000000000183a       0x14 Output/transmitter_pca10040 Release/Obj/drv_rtc.o
                0x000000000000183a                drv_rtc_compare_disable
 .text.drv_rtc_compare_pending
                0x000000000000184e        0xc Output/transmitter_pca10040 Release/Obj/drv_rtc.o
                0x000000000000184e                drv_rtc_compare_pending
 .text.drv_rtc_counter_get
                0x000000000000185a        0x8 Output/transmitter_pca10040 Release/Obj/drv_rtc.o
                0x000000000000185a                drv_rtc_counter_get
 *fill*         0x0000000000001862        0x2 
 .text.drv_rtc_irq_trigger
                0x0000000000001864       0x20 Output/transmitter_pca10040 Release/Obj/drv_rtc.o
                0x0000000000001864                drv_rtc_irq_trigger
 .text.RTC1_IRQHandler
                0x0000000000001884       0x14 Output/transmitter_pca10040 Release/Obj/drv_rtc.o
                0x0000000000001884                RTC1_IRQHandler
 .text.nrf_atfifo_init
                0x0000000000001898       0x26 Output/transmitter_pca10040 Release/Obj/nrf_atfifo.o
                0x0000000000001898                nrf_atfifo_init
 .text.nrf_atfifo_item_alloc
                0x00000000000018be       0x54 Output/transmitter_pca10040 Release/Obj/nrf_atfifo.o
                0x00000000000018be                nrf_atfifo_item_alloc
 .text.nrf_atfifo_item_put
                0x0000000000001912       0x20 Output/transmitter_pca10040 Release/Obj/nrf_atfifo.o
                0x0000000000001912                nrf_atfifo_item_put
 .text.nrf_atfifo_item_get
                0x0000000000001932       0x56 Output/transmitter_pca10040 Release/Obj/nrf_atfifo.o
                0x0000000000001932                nrf_atfifo_item_get
 .text.nrf_atfifo_item_free
                0x0000000000001988       0x20 Output/transmitter_pca10040 Release/Obj/nrf_atfifo.o
                0x0000000000001988                nrf_atfifo_item_free
 .text.nrf_atomic_u32_fetch_store
                0x00000000000019a8       0x14 Output/transmitter_pca10040 Release/Obj/nrf_atomic.o
                0x00000000000019a8                nrf_atomic_u32_fetch_store
 .text.nrf_atomic_u32_or
                0x00000000000019bc       0x16 Output/transmitter_pca10040 Release/Obj/nrf_atomic.o
                0x00000000000019bc                nrf_atomic_u32_or
 .text.nrf_atomic_u32_fetch_and
                0x00000000000019d2       0x16 Output/transmitter_pca10040 Release/Obj/nrf_atomic.o
                0x00000000000019d2                nrf_atomic_u32_fetch_and
 .text.nrf_atomic_u32_add
                0x00000000000019e8       0x16 Output/transmitter_pca10040 Release/Obj/nrf_atomic.o
                0x00000000000019e8                nrf_atomic_u32_add
 .text.nrf_atomic_u32_sub
                0x00000000000019fe       0x16 Output/transmitter_pca10040 Release/Obj/nrf_atomic.o
                0x00000000000019fe                nrf_atomic_u32_sub
 .text.nrf_atomic_flag_set
                0x0000000000001a14        0x6 Output/transmitter_pca10040 Release/Obj/nrf_atomic.o
                0x0000000000001a14                nrf_atomic_flag_set
 .text.nrf_atomic_flag_clear_fetch
                0x0000000000001a1a        0x6 Output/transmitter_pca10040 Release/Obj/nrf_atomic.o
                0x0000000000001a1a                nrf_atomic_flag_clear_fetch
 .text.nrf_balloc_init
                0x0000000000001a20       0x2e Output/transmitter_pca10040 Release/Obj/nrf_balloc.o
                0x0000000000001a20                nrf_balloc_init
 .text.nrf_balloc_alloc
                0x0000000000001a4e       0x40 Output/transmitter_pca10040 Release/Obj/nrf_balloc.o
                0x0000000000001a4e                nrf_balloc_alloc
 .text.nrf_balloc_free
                0x0000000000001a8e       0x2a Output/transmitter_pca10040 Release/Obj/nrf_balloc.o
                0x0000000000001a8e                nrf_balloc_free
 .text.nrf_fprintf_buffer_flush
                0x0000000000001ab8       0x16 Output/transmitter_pca10040 Release/Obj/nrf_fprintf.o
                0x0000000000001ab8                nrf_fprintf_buffer_flush
 .text.nrf_fprintf
                0x0000000000001ace       0x1c Output/transmitter_pca10040 Release/Obj/nrf_fprintf.o
                0x0000000000001ace                nrf_fprintf
 .text.buffer_add
                0x0000000000001aea       0x2e Output/transmitter_pca10040 Release/Obj/nrf_fprintf_format.o
 .text.unsigned_print
                0x0000000000001b18       0xb0 Output/transmitter_pca10040 Release/Obj/nrf_fprintf_format.o
 .text.nrf_fprintf_fmt
                0x0000000000001bc8      0x276 Output/transmitter_pca10040 Release/Obj/nrf_fprintf_format.o
                0x0000000000001bc8                nrf_fprintf_fmt
 .text.memobj_op
                0x0000000000001e3e       0x82 Output/transmitter_pca10040 Release/Obj/nrf_memobj.o
 .text.nrf_memobj_pool_init
                0x0000000000001ec0        0x4 Output/transmitter_pca10040 Release/Obj/nrf_memobj.o
                0x0000000000001ec0                nrf_memobj_pool_init
 .text.nrf_memobj_free
                0x0000000000001ec4       0x2c Output/transmitter_pca10040 Release/Obj/nrf_memobj.o
                0x0000000000001ec4                nrf_memobj_free
 .text.nrf_memobj_alloc
                0x0000000000001ef0       0x5e Output/transmitter_pca10040 Release/Obj/nrf_memobj.o
                0x0000000000001ef0                nrf_memobj_alloc
 .text.nrf_memobj_get
                0x0000000000001f4e        0x8 Output/transmitter_pca10040 Release/Obj/nrf_memobj.o
                0x0000000000001f4e                nrf_memobj_get
 .text.nrf_memobj_put
                0x0000000000001f56       0x1e Output/transmitter_pca10040 Release/Obj/nrf_memobj.o
                0x0000000000001f56                nrf_memobj_put
 .text.nrf_memobj_write
                0x0000000000001f74       0x14 Output/transmitter_pca10040 Release/Obj/nrf_memobj.o
                0x0000000000001f74                nrf_memobj_write
 .text.nrf_memobj_read
                0x0000000000001f88       0x14 Output/transmitter_pca10040 Release/Obj/nrf_memobj.o
                0x0000000000001f88                nrf_memobj_read
 .text.nrf_ringbuf_init
                0x0000000000001f9c       0x12 Output/transmitter_pca10040 Release/Obj/nrf_ringbuf.o
                0x0000000000001f9c                nrf_ringbuf_init
 .text.nrf_sortlist_add
                0x0000000000001fae       0x20 Output/transmitter_pca10040 Release/Obj/nrf_sortlist.o
                0x0000000000001fae                nrf_sortlist_add
 .text.nrf_sortlist_pop
                0x0000000000001fce        0xc Output/transmitter_pca10040 Release/Obj/nrf_sortlist.o
                0x0000000000001fce                nrf_sortlist_pop
 .text.nrf_sortlist_peek
                0x0000000000001fda        0x6 Output/transmitter_pca10040 Release/Obj/nrf_sortlist.o
                0x0000000000001fda                nrf_sortlist_peek
 .text.nrf_sortlist_remove
                0x0000000000001fe0       0x1a Output/transmitter_pca10040 Release/Obj/nrf_sortlist.o
                0x0000000000001fe0                nrf_sortlist_remove
 *fill*         0x0000000000001ffa        0x2 
 .text.uarte_evt_handler
                0x0000000000001ffc       0x34 Output/transmitter_pca10040 Release/Obj/nrf_drv_uart.o
 .text.uart_evt_handler
                0x0000000000002030       0x34 Output/transmitter_pca10040 Release/Obj/nrf_drv_uart.o
 .text.nrf_drv_uart_init
                0x0000000000002064       0x78 Output/transmitter_pca10040 Release/Obj/nrf_drv_uart.o
                0x0000000000002064                nrf_drv_uart_init
 .text.nrf_gpiote_event_clear
                0x00000000000020dc       0x18 Output/transmitter_pca10040 Release/Obj/nrfx_gpiote.o
 .text.nrf_gpio_cfg_sense_set
                0x00000000000020f4       0x20 Output/transmitter_pca10040 Release/Obj/nrfx_gpiote.o
 .text.channel_free
                0x0000000000002114       0x1c Output/transmitter_pca10040 Release/Obj/nrfx_gpiote.o
 .text.nrfx_gpiote_init
                0x0000000000002130       0x70 Output/transmitter_pca10040 Release/Obj/nrfx_gpiote.o
                0x0000000000002130                nrfx_gpiote_init
 .text.nrfx_gpiote_is_init
                0x00000000000021a0       0x14 Output/transmitter_pca10040 Release/Obj/nrfx_gpiote.o
                0x00000000000021a0                nrfx_gpiote_is_init
 .text.nrfx_gpiote_in_init
                0x00000000000021b4       0xe8 Output/transmitter_pca10040 Release/Obj/nrfx_gpiote.o
                0x00000000000021b4                nrfx_gpiote_in_init
 .text.nrfx_gpiote_in_event_enable
                0x000000000000229c       0x88 Output/transmitter_pca10040 Release/Obj/nrfx_gpiote.o
                0x000000000000229c                nrfx_gpiote_in_event_enable
 .text.nrfx_gpiote_in_is_set
                0x0000000000002324       0x12 Output/transmitter_pca10040 Release/Obj/nrfx_gpiote.o
                0x0000000000002324                nrfx_gpiote_in_is_set
 *fill*         0x0000000000002336        0x2 
 .text.GPIOTE_IRQHandler
                0x0000000000002338      0x184 Output/transmitter_pca10040 Release/Obj/nrfx_gpiote.o
                0x0000000000002338                GPIOTE_IRQHandler
 .text.UARTE0_UART0_IRQHandler
                0x00000000000024bc        0xc Output/transmitter_pca10040 Release/Obj/nrfx_prs.o
                0x00000000000024bc                UARTE0_UART0_IRQHandler
 .text.nrfx_prs_acquire
                0x00000000000024c8       0x38 Output/transmitter_pca10040 Release/Obj/nrfx_prs.o
                0x00000000000024c8                nrfx_prs_acquire
 .text.nrfx_prs_release
                0x0000000000002500       0x18 Output/transmitter_pca10040 Release/Obj/nrfx_prs.o
                0x0000000000002500                nrfx_prs_release
 .text.nrf_uart_event_clear
                0x0000000000002518       0x10 Output/transmitter_pca10040 Release/Obj/nrfx_uart.o
 .text.tx_byte  0x0000000000002528       0x1e Output/transmitter_pca10040 Release/Obj/nrfx_uart.o
 .text.rx_byte  0x0000000000002546       0x2c Output/transmitter_pca10040 Release/Obj/nrfx_uart.o
 *fill*         0x0000000000002572        0x2 
 .text.rx_done_event.constprop.8
                0x0000000000002574       0x20 Output/transmitter_pca10040 Release/Obj/nrfx_uart.o
 .text.nrfx_uart_0_irq_handler
                0x0000000000002594      0x140 Output/transmitter_pca10040 Release/Obj/nrfx_uart.o
                0x0000000000002594                nrfx_uart_0_irq_handler
 .text.nrfx_uart_init
                0x00000000000026d4      0x174 Output/transmitter_pca10040 Release/Obj/nrfx_uart.o
                0x00000000000026d4                nrfx_uart_init
 .text.nrfx_uart_uninit
                0x0000000000002848       0xc8 Output/transmitter_pca10040 Release/Obj/nrfx_uart.o
                0x0000000000002848                nrfx_uart_uninit
 .text.nrfx_uart_tx
                0x0000000000002910       0x94 Output/transmitter_pca10040 Release/Obj/nrfx_uart.o
                0x0000000000002910                nrfx_uart_tx
 .text.nrf_uarte_event_clear
                0x00000000000029a4       0x10 Output/transmitter_pca10040 Release/Obj/nrfx_uarte.o
 .text.rx_done_event.constprop.7
                0x00000000000029b4       0x20 Output/transmitter_pca10040 Release/Obj/nrfx_uarte.o
 .text.nrfx_uarte_0_irq_handler
                0x00000000000029d4      0x120 Output/transmitter_pca10040 Release/Obj/nrfx_uarte.o
                0x00000000000029d4                nrfx_uarte_0_irq_handler
 .text.nrfx_uarte_init
                0x0000000000002af4      0x18c Output/transmitter_pca10040 Release/Obj/nrfx_uarte.o
                0x0000000000002af4                nrfx_uarte_init
 .text.nrfx_uarte_uninit
                0x0000000000002c80       0xec Output/transmitter_pca10040 Release/Obj/nrfx_uarte.o
                0x0000000000002c80                nrfx_uarte_uninit
 .text.nrfx_uarte_tx
                0x0000000000002d6c       0x90 Output/transmitter_pca10040 Release/Obj/nrfx_uarte.o
                0x0000000000002d6c                nrfx_uarte_tx
 .text.alert_timer_handler
                0x0000000000002dfc        0x6 Output/transmitter_pca10040 Release/Obj/bsp.o
 *fill*         0x0000000000002e02        0x2 
 .text.bsp_button_event_handler
                0x0000000000002e04       0x9c Output/transmitter_pca10040 Release/Obj/bsp.o
 .text.button_timer_handler
                0x0000000000002ea0        0x8 Output/transmitter_pca10040 Release/Obj/bsp.o
 .text.leds_off
                0x0000000000002ea8       0x2c Output/transmitter_pca10040 Release/Obj/bsp.o
 .text.bsp_led_indication
                0x0000000000002ed4      0x204 Output/transmitter_pca10040 Release/Obj/bsp.o
 .text.leds_timer_handler
                0x00000000000030d8       0x1c Output/transmitter_pca10040 Release/Obj/bsp.o
 .text.bsp_init
                0x00000000000030f4       0x9c Output/transmitter_pca10040 Release/Obj/bsp.o
                0x00000000000030f4                bsp_init
 .text.bsp_evt_handler
                0x0000000000003190       0x4c Output/transmitter_pca10040 Release/Obj/main.o
                0x0000000000003190                bsp_evt_handler
 .text.clock_initialization
                0x00000000000031dc       0x32 Output/transmitter_pca10040 Release/Obj/main.o
                0x00000000000031dc                clock_initialization
 *fill*         0x000000000000320e        0x2 
 .text.startup.main
                0x0000000000003210      0x1c8 Output/transmitter_pca10040 Release/Obj/main.o
                0x0000000000003210                main
 .text.ppi_radio_rx_configure
                0x00000000000033d8       0x40 Output/transmitter_pca10040 Release/Obj/time_sync - KF - status.o
 .text.kalman_parameter_init
                0x0000000000003418       0x54 Output/transmitter_pca10040 Release/Obj/time_sync - KF - status.o
                0x0000000000003418                kalman_parameter_init
 .text.radio_parameter_init
                0x000000000000346c       0xb8 Output/transmitter_pca10040 Release/Obj/time_sync - KF - status.o
                0x000000000000346c                radio_parameter_init
 .text.change_to_RX_state
                0x0000000000003524       0x44 Output/transmitter_pca10040 Release/Obj/time_sync - KF - status.o
                0x0000000000003524                change_to_RX_state
 .text.SWI3_EGU3_IRQHandler
                0x0000000000003568      0x350 Output/transmitter_pca10040 Release/Obj/time_sync - KF - status.o
                0x0000000000003568                SWI3_EGU3_IRQHandler
 .text.sync_timer_consensus_compensate
                0x00000000000038b8       0x68 Output/transmitter_pca10040 Release/Obj/time_sync - KF - status.o
                0x00000000000038b8                sync_timer_consensus_compensate
 .text.correct_overload
                0x0000000000003920       0x78 Output/transmitter_pca10040 Release/Obj/time_sync - KF - status.o
                0x0000000000003920                correct_overload
 .text.RADIO_IRQHandler
                0x0000000000003998      0xb00 Output/transmitter_pca10040 Release/Obj/time_sync - KF - status.o
                0x0000000000003998                RADIO_IRQHandler
 .text.ts_init  0x0000000000004498       0x44 Output/transmitter_pca10040 Release/Obj/time_sync - KF - status.o
                0x0000000000004498                ts_init
 .text.ts_enable
                0x00000000000044dc      0x1b8 Output/transmitter_pca10040 Release/Obj/time_sync - KF - status.o
                0x00000000000044dc                ts_enable
 .text.ts_tx_start
                0x0000000000004694       0x18 Output/transmitter_pca10040 Release/Obj/time_sync - KF - status.o
                0x0000000000004694                ts_tx_start
 .text._GetAvailWriteSpace
                0x00000000000046ac       0x1c Output/transmitter_pca10040 Release/Obj/SEGGER_RTT.o
 .text._WriteNoCheck
                0x00000000000046c8       0x34 Output/transmitter_pca10040 Release/Obj/SEGGER_RTT.o
 .text._WriteBlocking
                0x00000000000046fc       0x52 Output/transmitter_pca10040 Release/Obj/SEGGER_RTT.o
 *fill*         0x000000000000474e        0x2 
 .text._DoInit  0x0000000000004750       0x60 Output/transmitter_pca10040 Release/Obj/SEGGER_RTT.o
 .text.SEGGER_RTT_WriteNoLock
                0x00000000000047b0       0x68 Output/transmitter_pca10040 Release/Obj/SEGGER_RTT.o
                0x00000000000047b0                SEGGER_RTT_WriteNoLock
 .text.SEGGER_RTT_Init
                0x0000000000004818        0x4 Output/transmitter_pca10040 Release/Obj/SEGGER_RTT.o
                0x0000000000004818                SEGGER_RTT_Init
 .text.errata_12
                0x000000000000481c       0x40 Output/transmitter_pca10040 Release/Obj/system_nrf52.o
 .text.errata_16
                0x000000000000485c       0x34 Output/transmitter_pca10040 Release/Obj/system_nrf52.o
 .text.SystemInit
                0x0000000000004890      0x25c Output/transmitter_pca10040 Release/Obj/system_nrf52.o
                0x0000000000004890                SystemInit
 .text.__aeabi_dadd
                0x0000000000004aec      0x244 D:/SEGGER/SEGGER Embedded Studio for ARM 4.30/lib/libm_v7em_fpv4_sp_d16_hard_t_le_eabi.a(libm_asm.o)
                0x0000000000004aec                __aeabi_dadd
 .text.__aeabi_dmul
                0x0000000000004d30      0x138 D:/SEGGER/SEGGER Embedded Studio for ARM 4.30/lib/libm_v7em_fpv4_sp_d16_hard_t_le_eabi.a(libm_asm.o)
                0x0000000000004d30                __aeabi_dmul
 .text.__aeabi_ddiv
                0x0000000000004e68      0x1cc D:/SEGGER/SEGGER Embedded Studio for ARM 4.30/lib/libm_v7em_fpv4_sp_d16_hard_t_le_eabi.a(libm_asm.o)
                0x0000000000004e68                __aeabi_ddiv
 .text.__aeabi_dcmpgt
                0x0000000000005034       0x38 D:/SEGGER/SEGGER Embedded Studio for ARM 4.30/lib/libm_v7em_fpv4_sp_d16_hard_t_le_eabi.a(libm_asm.o)
                0x0000000000005034                __aeabi_dcmpgt
 .text.__aeabi_dcmplt
                0x000000000000506c       0x38 D:/SEGGER/SEGGER Embedded Studio for ARM 4.30/lib/libm_v7em_fpv4_sp_d16_hard_t_le_eabi.a(libm_asm.o)
                0x000000000000506c                __aeabi_dcmplt
 .text.__aeabi_i2d
                0x00000000000050a4       0x28 D:/SEGGER/SEGGER Embedded Studio for ARM 4.30/lib/libm_v7em_fpv4_sp_d16_hard_t_le_eabi.a(libm_asm.o)
                0x00000000000050a4                __aeabi_i2d
 .text.__aeabi_ui2d
                0x00000000000050cc       0x1c D:/SEGGER/SEGGER Embedded Studio for ARM 4.30/lib/libm_v7em_fpv4_sp_d16_hard_t_le_eabi.a(libm_asm.o)
                0x00000000000050cc                __aeabi_ui2d
 .text.__aeabi_f2d
                0x00000000000050e8       0x34 D:/SEGGER/SEGGER Embedded Studio for ARM 4.30/lib/libm_v7em_fpv4_sp_d16_hard_t_le_eabi.a(libm_asm.o)
                0x00000000000050e8                __aeabi_f2d
 .text.__aeabi_d2f
                0x000000000000511c       0x54 D:/SEGGER/SEGGER Embedded Studio for ARM 4.30/lib/libm_v7em_fpv4_sp_d16_hard_t_le_eabi.a(libm_asm.o)
                0x000000000000511c                __aeabi_d2f
 .text.libc.__int64_udivmod
                0x0000000000005170       0xce D:/SEGGER/SEGGER Embedded Studio for ARM 4.30/lib/libc_v7em_fpv4_sp_d16_hard_t_le_eabi.a(libc_asm.o)
                0x0000000000005170                __aeabi_uldivmod
                0x0000000000005170                __int64_udiv
                0x0000000000005170                __udivdi3
                0x0000000000005170                __int64_udivmod
 *fill*         0x000000000000523e        0x2 
 .text.libc.__RAL_ascii_isctype
                0x0000000000005240       0x1c D:/SEGGER/SEGGER Embedded Studio for ARM 4.30/lib/libc_v7em_fpv4_sp_d16_hard_t_le_eabi.a(libc2.o)
 .text.libc.__RAL_ascii_toupper
                0x000000000000525c        0xc D:/SEGGER/SEGGER Embedded Studio for ARM 4.30/lib/libc_v7em_fpv4_sp_d16_hard_t_le_eabi.a(libc2.o)
 .text.libc.__RAL_ascii_tolower
                0x0000000000005268        0xc D:/SEGGER/SEGGER Embedded Studio for ARM 4.30/lib/libc_v7em_fpv4_sp_d16_hard_t_le_eabi.a(libc2.o)
 .text.libc.__RAL_ascii_iswctype
                0x0000000000005274       0x1c D:/SEGGER/SEGGER Embedded Studio for ARM 4.30/lib/libc_v7em_fpv4_sp_d16_hard_t_le_eabi.a(libc2.o)
 .text.libc.__RAL_ascii_towupper
                0x0000000000005290        0xc D:/SEGGER/SEGGER Embedded Studio for ARM 4.30/lib/libc_v7em_fpv4_sp_d16_hard_t_le_eabi.a(libc2.o)
 .text.libc.__RAL_ascii_towlower
                0x000000000000529c        0xc D:/SEGGER/SEGGER Embedded Studio for ARM 4.30/lib/libc_v7em_fpv4_sp_d16_hard_t_le_eabi.a(libc2.o)
 .text.libc.__RAL_ascii_wctomb
                0x00000000000052a8        0xe D:/SEGGER/SEGGER Embedded Studio for ARM 4.30/lib/libc_v7em_fpv4_sp_d16_hard_t_le_eabi.a(libc2.o)
                0x00000000000052a8                __RAL_ascii_wctomb
 .text.libc.__RAL_ascii_mbtowc
                0x00000000000052b6       0x24 D:/SEGGER/SEGGER Embedded Studio for ARM 4.30/lib/libc_v7em_fpv4_sp_d16_hard_t_le_eabi.a(libc2.o)
                0x00000000000052b6                __RAL_ascii_mbtowc
 *fill*         0x00000000000052da        0x2 
 .text.libc.__RAL_isctype
                0x00000000000052dc       0x14 D:/SEGGER/SEGGER Embedded Studio for ARM 4.30/lib/libc_v7em_fpv4_sp_d16_hard_t_le_eabi.a(libc2.o)
                0x00000000000052dc                __RAL_isctype
 .text.libc.isprint
                0x00000000000052f0        0xa D:/SEGGER/SEGGER Embedded Studio for ARM 4.30/lib/libc_v7em_fpv4_sp_d16_hard_t_le_eabi.a(libc2.o)
                0x00000000000052f0                isprint
 .text.libc.memcpy
                0x00000000000052fa       0x52 D:/SEGGER/SEGGER Embedded Studio for ARM 4.30/lib/libc_v7em_fpv4_sp_d16_hard_t_le_eabi.a(libc2_asm.o)
                0x00000000000052fa                __aeabi_memcpy
                0x00000000000052fa                memcpy
                0x0000000000005306                __aeabi_memcpy8
                0x0000000000005306                __aeabi_memcpy4
 .text.libc.memset
                0x000000000000534c       0x66 D:/SEGGER/SEGGER Embedded Studio for ARM 4.30/lib/libc_v7em_fpv4_sp_d16_hard_t_le_eabi.a(libc2_asm.o)
                0x000000000000534c                memset
 .text.libc.strcpy
                0x00000000000053b2       0x44 D:/SEGGER/SEGGER Embedded Studio for ARM 4.30/lib/libc_v7em_fpv4_sp_d16_hard_t_le_eabi.a(libc2_asm.o)
                0x00000000000053b2                strcpy
 .text.libc.strlen
                0x00000000000053f6       0x60 D:/SEGGER/SEGGER Embedded Studio for ARM 4.30/lib/libc_v7em_fpv4_sp_d16_hard_t_le_eabi.a(libc2_asm.o)
                0x00000000000053f6                strlen
                0x0000000000005456                __text_end__ = (__text_start__ + SIZEOF (.text))
                0x0000000000005086                __text_size__ = SIZEOF (.text)
                0x0000000000005456                __text_load_end__ = __text_end__

.vfp11_veneer   0x0000000100000000        0x0
 .vfp11_veneer  0x0000000100000000        0x0 linker stubs

.v4_bx          0x0000000100000000        0x0
 .v4_bx         0x0000000100000000        0x0 linker stubs

.iplt           0x0000000100000000        0x0
 .iplt          0x0000000100000000        0x0 Output/transmitter_pca10040 Release/Obj/thumb_crt0.o
                0x0000000000000001                . = ASSERT (((__text_start__ == __text_end__) || ((__text_end__ - __FLASH_segment_start__) <= __FLASH_segment_size__)), error: .text is too large to fit in FLASH memory segment)
                0x0000000000005458                __log_const_data_load_start__ = ALIGN (__text_end__, 0x4)

.log_const_data
                0x0000000000005458       0x50
                0x0000000000005458                __log_const_data_start__ = .
                0x0000000000005458                __start_log_const_data = __log_const_data_start__
 *(SORT_BY_NAME(.log_const_data*))
 .log_const_data_GPIOTE
                0x0000000000005458        0x8 Output/transmitter_pca10040 Release/Obj/nrfx_gpiote.o
                0x0000000000005458                m_nrf_log_GPIOTE_logs_data_const
 .log_const_data_PRS
                0x0000000000005460        0x8 Output/transmitter_pca10040 Release/Obj/nrfx_prs.o
                0x0000000000005460                m_nrf_log_PRS_logs_data_const
 .log_const_data_UART
                0x0000000000005468        0x8 Output/transmitter_pca10040 Release/Obj/nrfx_uart.o
                0x0000000000005468                m_nrf_log_UART_logs_data_const
 .log_const_data_UARTE
                0x0000000000005470        0x8 Output/transmitter_pca10040 Release/Obj/nrfx_uarte.o
                0x0000000000005470                m_nrf_log_UARTE_logs_data_const
 .log_const_data_app
                0x0000000000005478        0x8 Output/transmitter_pca10040 Release/Obj/nrf_log_frontend.o
                0x0000000000005478                m_nrf_log_app_logs_data_const
 .log_const_data_app_button
                0x0000000000005480        0x8 Output/transmitter_pca10040 Release/Obj/app_button.o
                0x0000000000005480                m_nrf_log_app_button_logs_data_const
 .log_const_data_app_timer
                0x0000000000005488        0x8 Output/transmitter_pca10040 Release/Obj/app_timer2.o
                0x0000000000005488                m_nrf_log_app_timer_logs_data_const
 .log_const_data_pwr_mgmt
                0x0000000000005490        0x8 Output/transmitter_pca10040 Release/Obj/nrf_pwr_mgmt.o
                0x0000000000005490                m_nrf_log_pwr_mgmt_logs_data_const
 .log_const_data_sortlist
                0x0000000000005498        0x8 Output/transmitter_pca10040 Release/Obj/nrf_sortlist.o
                0x0000000000005498                m_nrf_log_sortlist_logs_data_const
 .log_const_data_time_sync
                0x00000000000054a0        0x8 Output/transmitter_pca10040 Release/Obj/time_sync - KF - status.o
                0x00000000000054a0                m_nrf_log_time_sync_logs_data_const
                0x00000000000054a8                __log_const_data_end__ = (__log_const_data_start__ + SIZEOF (.log_const_data))
                0x0000000000000050                __log_const_data_size__ = SIZEOF (.log_const_data)
                0x00000000000054a8                __stop_log_const_data = __log_const_data_end__
                0x00000000000054a8                __log_const_data_load_end__ = __log_const_data_end__
                0x0000000000000001                . = ASSERT (((__log_const_data_start__ == __log_const_data_end__) || ((__log_const_data_end__ - __FLASH_segment_start__) <= __FLASH_segment_size__)), error: .log_const_data is too large to fit in FLASH memory segment)
                0x00000000000054a8                __log_backends_load_start__ = ALIGN (__log_const_data_end__, 0x4)

.log_backends   0x00000000000054a8       0x20
                0x00000000000054a8                __log_backends_start__ = .
                0x00000000000054a8                __start_log_backends = __log_backends_start__
 *(SORT_BY_NAME(.log_backends*))
 .log_backends  0x00000000000054a8       0x20 Output/transmitter_pca10040 Release/Obj/nrf_log_default_backends.o
                0x00000000000054c8                __log_backends_end__ = (__log_backends_start__ + SIZEOF (.log_backends))
                0x0000000000000020                __log_backends_size__ = SIZEOF (.log_backends)
                0x00000000000054c8                __stop_log_backends = __log_backends_end__
                0x00000000000054c8                __log_backends_load_end__ = __log_backends_end__
                0x0000000000000001                . = ASSERT (((__log_backends_start__ == __log_backends_end__) || ((__log_backends_end__ - __FLASH_segment_start__) <= __FLASH_segment_size__)), error: .log_backends is too large to fit in FLASH memory segment)
                0x00000000000054c8                __nrf_balloc_load_start__ = ALIGN (__log_backends_end__, 0x4)

.nrf_balloc     0x00000000000054c8       0x28
                0x00000000000054c8                __nrf_balloc_start__ = .
                0x00000000000054c8                __start_nrf_balloc = __nrf_balloc_start__
 *(.nrf_balloc*)
 .nrf_balloc    0x00000000000054c8       0x14 Output/transmitter_pca10040 Release/Obj/nrf_log_frontend.o
                0x00000000000054c8                log_mempool
 .nrf_balloc    0x00000000000054dc       0x14 Output/transmitter_pca10040 Release/Obj/time_sync - KF - status.o
                0x00000000000054dc                m_sync_pkt_pool
                0x00000000000054f0                __nrf_balloc_end__ = (__nrf_balloc_start__ + SIZEOF (.nrf_balloc))
                0x0000000000000028                __nrf_balloc_size__ = SIZEOF (.nrf_balloc)
                0x00000000000054f0                __stop_nrf_balloc = __nrf_balloc_end__
                0x00000000000054f0                __nrf_balloc_load_end__ = __nrf_balloc_end__
                0x0000000000000001                . = ASSERT (((__nrf_balloc_start__ == __nrf_balloc_end__) || ((__nrf_balloc_end__ - __FLASH_segment_start__) <= __FLASH_segment_size__)), error: .nrf_balloc is too large to fit in FLASH memory segment)
                0x00000000000054f0                __nrf_sections_load_start__ = ALIGN (__nrf_balloc_end__, 0x4)

.nrf_sections   0x00000000000054f0        0x0
                0x00000000000054f0                __nrf_sections_start__ = .
                0x00000000000054f0                __start_nrf_sections = __nrf_sections_start__
 *(.nrf_sections .nrf_sections.*)
                0x00000000000054f0                __nrf_sections_end__ = (__nrf_sections_start__ + SIZEOF (.nrf_sections))
                0x0000000000000000                __nrf_sections_size__ = SIZEOF (.nrf_sections)
                0x00000000000054f0                __nrf_sections_load_end__ = __nrf_sections_end__
                0x0000000000000001                . = ASSERT (((__nrf_sections_start__ == __nrf_sections_end__) || ((__nrf_sections_end__ - __FLASH_segment_start__) <= __FLASH_segment_size__)), error: .nrf_sections is too large to fit in FLASH memory segment)
                0x00000000000054f0                __log_dynamic_data_load_start__ = ALIGN (__nrf_sections_end__, 0x4)

.log_dynamic_data
                0x0000000020000000        0x0 load address 0x00000000000054f0
                0x0000000020000000                __log_dynamic_data_start__ = .
 *(SORT_BY_NAME(.log_dynamic_data*))
                0x0000000020000000                __log_dynamic_data_end__ = (__log_dynamic_data_start__ + SIZEOF (.log_dynamic_data))
                0x0000000000000000                __log_dynamic_data_size__ = SIZEOF (.log_dynamic_data)
                0x00000000000054f0                __log_dynamic_data_load_end__ = (__log_dynamic_data_load_start__ + SIZEOF (.log_dynamic_data))
                0x0000000000000001                . = ASSERT (((__log_dynamic_data_load_start__ == __log_dynamic_data_load_end__) || ((__log_dynamic_data_load_end__ - __FLASH_segment_start__) <= __FLASH_segment_size__)), error: .log_dynamic_data is too large to fit in FLASH memory segment)

.log_dynamic_data_run
                0x0000000020000000        0x0
                0x0000000020000000                __log_dynamic_data_run_start__ = .
                0x0000000020000000                __start_log_dynamic_data = __log_dynamic_data_run_start__
                0x0000000020000000                . = MAX ((__log_dynamic_data_run_start__ + SIZEOF (.log_dynamic_data)), .)
                0x0000000020000000                __log_dynamic_data_run_end__ = (__log_dynamic_data_run_start__ + SIZEOF (.log_dynamic_data_run))
                0x0000000000000000                __log_dynamic_data_run_size__ = SIZEOF (.log_dynamic_data_run)
                0x0000000020000000                __stop_log_dynamic_data = __log_dynamic_data_run_end__
                0x0000000020000000                __log_dynamic_data_run_load_end__ = __log_dynamic_data_run_end__
                0x0000000000000001                . = ASSERT (((__log_dynamic_data_run_start__ == __log_dynamic_data_run_end__) || ((__log_dynamic_data_run_end__ - __RAM_segment_start__) <= __RAM_segment_size__)), error: .log_dynamic_data_run is too large to fit in RAM memory segment)
                0x00000000000054f0                __log_filter_data_load_start__ = ALIGN ((__log_dynamic_data_load_start__ + SIZEOF (.log_dynamic_data)), 0x4)

.log_filter_data
                0x0000000020000000        0x0 load address 0x00000000000054f0
                0x0000000020000000                __log_filter_data_start__ = .
 *(SORT_BY_NAME(.log_filter_data*))
                0x0000000020000000                __log_filter_data_end__ = (__log_filter_data_start__ + SIZEOF (.log_filter_data))
                0x0000000000000000                __log_filter_data_size__ = SIZEOF (.log_filter_data)
                0x00000000000054f0                __log_filter_data_load_end__ = (__log_filter_data_load_start__ + SIZEOF (.log_filter_data))
                0x0000000000000001                . = ASSERT (((__log_filter_data_load_start__ == __log_filter_data_load_end__) || ((__log_filter_data_load_end__ - __FLASH_segment_start__) <= __FLASH_segment_size__)), error: .log_filter_data is too large to fit in FLASH memory segment)

.log_filter_data_run
                0x0000000020000000        0x0
                0x0000000020000000                __log_filter_data_run_start__ = .
                0x0000000020000000                __start_log_filter_data = __log_filter_data_run_start__
                0x0000000020000000                . = MAX ((__log_filter_data_run_start__ + SIZEOF (.log_filter_data)), .)
                0x0000000020000000                __log_filter_data_run_end__ = (__log_filter_data_run_start__ + SIZEOF (.log_filter_data_run))
                0x0000000000000000                __log_filter_data_run_size__ = SIZEOF (.log_filter_data_run)
                0x0000000020000000                __stop_log_filter_data = __log_filter_data_run_end__
                0x0000000020000000                __log_filter_data_run_load_end__ = __log_filter_data_run_end__
                0x0000000000000001                . = ASSERT (((__log_filter_data_run_start__ == __log_filter_data_run_end__) || ((__log_filter_data_run_end__ - __RAM_segment_start__) <= __RAM_segment_size__)), error: .log_filter_data_run is too large to fit in RAM memory segment)
                0x0000000020000000                __nrf_sections_run_end_load_start__ = ALIGN (__log_filter_data_run_end__, 0x4)

.nrf_sections_run_end
                0x0000000020000000        0x0
                0x0000000020000000                __nrf_sections_run_end_start__ = .
                0x0000000020000000                __end_nrf_sections_run = __nrf_sections_run_end_start__
 *(.nrf_sections_run_end .nrf_sections_run_end.*)
                0x0000000020000000                __nrf_sections_run_end_end__ = (__nrf_sections_run_end_start__ + SIZEOF (.nrf_sections_run_end))
                0x0000000000000000                __nrf_sections_run_end_size__ = SIZEOF (.nrf_sections_run_end)
                0x0000000020000000                __nrf_sections_run_end_load_end__ = __nrf_sections_run_end_end__
                0x0000000000000001                . = ASSERT (((__nrf_sections_run_end_start__ == __nrf_sections_run_end_end__) || ((__nrf_sections_run_end_end__ - __RAM_segment_start__) <= __RAM_segment_size__)), error: .nrf_sections_run_end is too large to fit in RAM memory segment)
                0x00000000000054f0                __dtors_load_start__ = ALIGN ((__log_filter_data_load_start__ + SIZEOF (.log_filter_data)), 0x4)

.dtors          0x00000000000054f0        0x0
                0x00000000000054f0                __dtors_start__ = .
 *(SORT_BY_NAME(.dtors.*))
 *(.dtors)
 *(.fini_array)
 *(SORT_BY_NAME(.fini_array.*))
                0x00000000000054f0                __dtors_end__ = (__dtors_start__ + SIZEOF (.dtors))
                0x0000000000000000                __dtors_size__ = SIZEOF (.dtors)
                0x00000000000054f0                __dtors_load_end__ = __dtors_end__
                0x0000000000000001                . = ASSERT (((__dtors_start__ == __dtors_end__) || ((__dtors_end__ - __FLASH_segment_start__) <= __FLASH_segment_size__)), error: .dtors is too large to fit in FLASH memory segment)
                0x00000000000054f0                __ctors_load_start__ = ALIGN (__dtors_end__, 0x4)

.ctors          0x00000000000054f0        0x0
                0x00000000000054f0                __ctors_start__ = .
 *(SORT_BY_NAME(.ctors.*))
 *(.ctors)
 *(.init_array)
 *(SORT_BY_NAME(.init_array.*))
                0x00000000000054f0                __ctors_end__ = (__ctors_start__ + SIZEOF (.ctors))
                0x0000000000000000                __ctors_size__ = SIZEOF (.ctors)
                0x00000000000054f0                __ctors_load_end__ = __ctors_end__
                0x0000000000000001                . = ASSERT (((__ctors_start__ == __ctors_end__) || ((__ctors_end__ - __FLASH_segment_start__) <= __FLASH_segment_size__)), error: .ctors is too large to fit in FLASH memory segment)
                0x00000000000054f0                __rodata_load_start__ = ALIGN (__ctors_end__, 0x4)

.rodata         0x00000000000054f0      0x5f8
                0x00000000000054f0                __rodata_start__ = .
 *(.rodata .rodata.* .gnu.linkonce.r.*)
 .rodata.delay_machine_code.8181
                0x00000000000054f0        0x6 Output/transmitter_pca10040 Release/Obj/nrf_log_backend_rtt.o
 *fill*         0x00000000000054f6        0x2 
 .rodata.nrf_log_backend_rtt_api
                0x00000000000054f8        0xc Output/transmitter_pca10040 Release/Obj/nrf_log_backend_rtt.o
                0x00000000000054f8                nrf_log_backend_rtt_api
 .rodata        0x0000000000005504       0x20 Output/transmitter_pca10040 Release/Obj/nrf_log_backend_uart.o
 .rodata.nrf_log_backend_uart_api
                0x0000000000005524        0xc Output/transmitter_pca10040 Release/Obj/nrf_log_backend_uart.o
                0x0000000000005524                nrf_log_backend_uart_api
 .rodata.str1.1
                0x0000000000005530       0x21 Output/transmitter_pca10040 Release/Obj/nrf_log_default_backends.o
 *fill*         0x0000000000005551        0x3 
 .rodata.m_log_push_ringbuf
                0x0000000000005554        0xc Output/transmitter_pca10040 Release/Obj/nrf_log_frontend.o
 .rodata.nrf_log_frontend_dequeue.str1.1
                0x0000000000005560       0x11 Output/transmitter_pca10040 Release/Obj/nrf_log_frontend.o
 .rodata.str1.1
                0x0000000000005571        0x4 Output/transmitter_pca10040 Release/Obj/nrf_log_frontend.o
 *fill*         0x0000000000005575        0x3 
 .rodata.m_colors
                0x0000000000005578       0x24 Output/transmitter_pca10040 Release/Obj/nrf_log_str_formatter.o
 .rodata.nrf_log_hexdump_entry_process.str1.1
                0x000000000000559c        0xf Output/transmitter_pca10040 Release/Obj/nrf_log_str_formatter.o
                                         0x11 (size before relaxing)
 .rodata.postfix_process.str1.1
                0x00000000000055ab        0x8 Output/transmitter_pca10040 Release/Obj/nrf_log_str_formatter.o
                                          0xb (size before relaxing)
 .rodata.prefix_process.str1.1
                0x00000000000055b3       0x2a Output/transmitter_pca10040 Release/Obj/nrf_log_str_formatter.o
 *fill*         0x00000000000055dd        0x3 
 .rodata.severity_names
                0x00000000000055e0       0x14 Output/transmitter_pca10040 Release/Obj/nrf_log_str_formatter.o
 .rodata.str1.1
                0x00000000000055f4       0x4b Output/transmitter_pca10040 Release/Obj/nrf_log_str_formatter.o
                                         0x51 (size before relaxing)
 .rodata.m_board_led_list
                0x000000000000563f        0x4 Output/transmitter_pca10040 Release/Obj/boards.o
 *fill*         0x0000000000005643        0x1 
 .rodata.m_detection_delay_timer_id
                0x0000000000005644        0x4 Output/transmitter_pca10040 Release/Obj/app_button.o
 .rodata.str1.1
                0x0000000000005648        0xb Output/transmitter_pca10040 Release/Obj/app_button.o
 .rodata.app_error_fault_handler.str1.1
                0x0000000000005653       0x19 Output/transmitter_pca10040 Release/Obj/app_error_weak.o
 .rodata        0x000000000000566c        0x4 Output/transmitter_pca10040 Release/Obj/app_timer2.o
 .rodata.m_app_timer_sortlist
                0x0000000000005670        0xc Output/transmitter_pca10040 Release/Obj/app_timer2.o
 .rodata.str1.1
                0x000000000000567c        0xa Output/transmitter_pca10040 Release/Obj/app_timer2.o
 *fill*         0x0000000000005686        0xa 
 .rodata.delay_machine_code.7573
                0x0000000000005690        0x6 Output/transmitter_pca10040 Release/Obj/drv_rtc.o
 .rodata.drv_rtc_init.str1.1
                0x0000000000005696       0x34 Output/transmitter_pca10040 Release/Obj/drv_rtc.o
 .rodata._aV2C.7501
                0x00000000000056ca       0x10 Output/transmitter_pca10040 Release/Obj/nrf_fprintf_format.o
 .rodata.str1.1
                0x00000000000056da        0x9 Output/transmitter_pca10040 Release/Obj/nrf_sortlist.o
 .rodata.str1.1
                0x00000000000056e3        0x7 Output/transmitter_pca10040 Release/Obj/nrfx_gpiote.o
 .rodata.str1.1
                0x00000000000056ea        0x4 Output/transmitter_pca10040 Release/Obj/nrfx_prs.o
 .rodata.str1.1
                0x00000000000056ee        0x5 Output/transmitter_pca10040 Release/Obj/nrfx_uart.o
 .rodata.str1.1
                0x00000000000056f3        0x6 Output/transmitter_pca10040 Release/Obj/nrfx_uarte.o
 *fill*         0x00000000000056f9        0x3 
 .rodata.app_buttons
                0x00000000000056fc       0x20 Output/transmitter_pca10040 Release/Obj/bsp.o
 .rodata.m_bsp_alert_tmr
                0x000000000000571c        0x4 Output/transmitter_pca10040 Release/Obj/bsp.o
 .rodata.m_bsp_button_tmr
                0x0000000000005720        0x4 Output/transmitter_pca10040 Release/Obj/bsp.o
 .rodata.m_bsp_leds_tmr
                0x0000000000005724        0x4 Output/transmitter_pca10040 Release/Obj/bsp.o
 .rodata        0x0000000000005728        0x5 Output/transmitter_pca10040 Release/Obj/main.o
 .rodata.bsp_evt_handler.str1.1
                0x000000000000572d       0x14 Output/transmitter_pca10040 Release/Obj/main.o
 .rodata.main.str1.1
                0x0000000000005741       0x69 Output/transmitter_pca10040 Release/Obj/main.o
 .rodata.RADIO_IRQHandler.str1.1
                0x00000000000057aa       0xa9 Output/transmitter_pca10040 Release/Obj/time_sync - KF - status.o
                                         0xad (size before relaxing)
 .rodata.SWI3_EGU3_IRQHandler.str1.1
                0x0000000000005853       0x13 Output/transmitter_pca10040 Release/Obj/time_sync - KF - status.o
 .rodata.radio_parameter_init.str1.1
                0x0000000000005866        0x6 Output/transmitter_pca10040 Release/Obj/time_sync - KF - status.o
 .rodata.str1.1
                0x000000000000586c        0xa Output/transmitter_pca10040 Release/Obj/time_sync - KF - status.o
 .rodata.ts_enable.str1.1
                0x0000000000005876       0x15 Output/transmitter_pca10040 Release/Obj/time_sync - KF - status.o
 .rodata.str1.1
                0x000000000000588b        0x9 Output/transmitter_pca10040 Release/Obj/nrf_pwr_mgmt.o
 .rodata._DoInit.str1.1
                0x0000000000005894       0x14 Output/transmitter_pca10040 Release/Obj/SEGGER_RTT.o
 .rodata.libc.__RAL_ascii_ctype_map
                0x00000000000058a8       0x80 D:/SEGGER/SEGGER Embedded Studio for ARM 4.30/lib/libc_v7em_fpv4_sp_d16_hard_t_le_eabi.a(libc2.o)
                0x00000000000058a8                __RAL_ascii_ctype_map
 .rodata.libc.__RAL_ascii_ctype_mask
                0x0000000000005928        0xd D:/SEGGER/SEGGER Embedded Studio for ARM 4.30/lib/libc_v7em_fpv4_sp_d16_hard_t_le_eabi.a(libc2.o)
 *fill*         0x0000000000005935        0x3 
 .rodata.libc.__RAL_c_locale
                0x0000000000005938        0xc D:/SEGGER/SEGGER Embedded Studio for ARM 4.30/lib/libc_v7em_fpv4_sp_d16_hard_t_le_eabi.a(libc2.o)
                0x0000000000005938                __RAL_c_locale
 .rodata.libc.__RAL_c_locale_abbrev_day_names
                0x0000000000005944       0x1d D:/SEGGER/SEGGER Embedded Studio for ARM 4.30/lib/libc_v7em_fpv4_sp_d16_hard_t_le_eabi.a(libc2.o)
                0x0000000000005944                __RAL_c_locale_abbrev_day_names
 *fill*         0x0000000000005961        0x3 
 .rodata.libc.__RAL_c_locale_abbrev_month_names
                0x0000000000005964       0x31 D:/SEGGER/SEGGER Embedded Studio for ARM 4.30/lib/libc_v7em_fpv4_sp_d16_hard_t_le_eabi.a(libc2.o)
                0x0000000000005964                __RAL_c_locale_abbrev_month_names
 *fill*         0x0000000000005995        0x3 
 .rodata.libc.__RAL_c_locale_am_pm_indicator
                0x0000000000005998        0x7 D:/SEGGER/SEGGER Embedded Studio for ARM 4.30/lib/libc_v7em_fpv4_sp_d16_hard_t_le_eabi.a(libc2.o)
                0x0000000000005998                __RAL_c_locale_am_pm_indicator
 *fill*         0x000000000000599f        0x1 
 .rodata.libc.__RAL_c_locale_data
                0x00000000000059a0       0x58 D:/SEGGER/SEGGER Embedded Studio for ARM 4.30/lib/libc_v7em_fpv4_sp_d16_hard_t_le_eabi.a(libc2.o)
                0x00000000000059a0                __RAL_c_locale_data
 .rodata.libc.__RAL_c_locale_date_format
                0x00000000000059f8        0x9 D:/SEGGER/SEGGER Embedded Studio for ARM 4.30/lib/libc_v7em_fpv4_sp_d16_hard_t_le_eabi.a(libc2.o)
                0x00000000000059f8                __RAL_c_locale_date_format
 *fill*         0x0000000000005a01        0x3 
 .rodata.libc.__RAL_c_locale_date_time_format
                0x0000000000005a04        0xf D:/SEGGER/SEGGER Embedded Studio for ARM 4.30/lib/libc_v7em_fpv4_sp_d16_hard_t_le_eabi.a(libc2.o)
                0x0000000000005a04                __RAL_c_locale_date_time_format
 *fill*         0x0000000000005a13        0x1 
 .rodata.libc.__RAL_c_locale_day_names
                0x0000000000005a14       0x3a D:/SEGGER/SEGGER Embedded Studio for ARM 4.30/lib/libc_v7em_fpv4_sp_d16_hard_t_le_eabi.a(libc2.o)
                0x0000000000005a14                __RAL_c_locale_day_names
 *fill*         0x0000000000005a4e        0x2 
 .rodata.libc.__RAL_c_locale_month_names
                0x0000000000005a50       0x57 D:/SEGGER/SEGGER Embedded Studio for ARM 4.30/lib/libc_v7em_fpv4_sp_d16_hard_t_le_eabi.a(libc2.o)
                0x0000000000005a50                __RAL_c_locale_month_names
 *fill*         0x0000000000005aa7        0x1 
 .rodata.libc.__RAL_c_locale_time_format
                0x0000000000005aa8        0x9 D:/SEGGER/SEGGER Embedded Studio for ARM 4.30/lib/libc_v7em_fpv4_sp_d16_hard_t_le_eabi.a(libc2.o)
                0x0000000000005aa8                __RAL_c_locale_time_format
 *fill*         0x0000000000005ab1        0x3 
 .rodata.libc.__RAL_codeset_ascii
                0x0000000000005ab4       0x20 D:/SEGGER/SEGGER Embedded Studio for ARM 4.30/lib/libc_v7em_fpv4_sp_d16_hard_t_le_eabi.a(libc2.o)
                0x0000000000005ab4                __RAL_codeset_ascii
 .rodata.libc.__RAL_data_empty_string
                0x0000000000005ad4        0x1 D:/SEGGER/SEGGER Embedded Studio for ARM 4.30/lib/libc_v7em_fpv4_sp_d16_hard_t_le_eabi.a(libc2.o)
                0x0000000000005ad4                __RAL_data_empty_string
 *fill*         0x0000000000005ad5        0x3 
 .rodata.libc.__RAL_data_utf8_period
                0x0000000000005ad8        0x2 D:/SEGGER/SEGGER Embedded Studio for ARM 4.30/lib/libc_v7em_fpv4_sp_d16_hard_t_le_eabi.a(libc2.o)
                0x0000000000005ad8                __RAL_data_utf8_period
 *fill*         0x0000000000005ada        0x2 
 .rodata.libc.__RAL_find_locale.str1.4
                0x0000000000005adc        0xc D:/SEGGER/SEGGER Embedded Studio for ARM 4.30/lib/libc_v7em_fpv4_sp_d16_hard_t_le_eabi.a(libc2.o)
                                          0xa (size before relaxing)
                0x0000000000005ae8                __rodata_end__ = (__rodata_start__ + SIZEOF (.rodata))
                0x00000000000005f8                __rodata_size__ = SIZEOF (.rodata)
                0x0000000000005ae8                __rodata_load_end__ = __rodata_end__

.rel.dyn        0x0000000000005ae8        0x0
 .rel.iplt      0x0000000000005ae8        0x0 Output/transmitter_pca10040 Release/Obj/thumb_crt0.o
                0x0000000000000001                . = ASSERT (((__rodata_start__ == __rodata_end__) || ((__rodata_end__ - __FLASH_segment_start__) <= __FLASH_segment_size__)), error: .rodata is too large to fit in FLASH memory segment)
                0x0000000000005ae8                __ARM.exidx_load_start__ = ALIGN (__rodata_end__, 0x4)

.ARM.exidx      0x0000000000005ae8        0x0
                0x0000000000005ae8                __ARM.exidx_start__ = .
                0x0000000000005ae8                __exidx_start = __ARM.exidx_start__
 *(.ARM.exidx .ARM.exidx.*)
                0x0000000000005ae8                __ARM.exidx_end__ = (__ARM.exidx_start__ + SIZEOF (.ARM.exidx))
                0x0000000000000000                __ARM.exidx_size__ = SIZEOF (.ARM.exidx)
                0x0000000000005ae8                __exidx_end = __ARM.exidx_end__
                0x0000000000005ae8                __ARM.exidx_load_end__ = __ARM.exidx_end__
                0x0000000000000001                . = ASSERT (((__ARM.exidx_start__ == __ARM.exidx_end__) || ((__ARM.exidx_end__ - __FLASH_segment_start__) <= __FLASH_segment_size__)), error: .ARM.exidx is too large to fit in FLASH memory segment)
                0x0000000000005ae8                __fast_load_start__ = ALIGN (__ARM.exidx_end__, 0x4)

.fast           0x0000000020000000        0x0 load address 0x0000000000005ae8
                0x0000000020000000                __fast_start__ = .
 *(.fast .fast.*)
                0x0000000020000000                __fast_end__ = (__fast_start__ + SIZEOF (.fast))
                0x0000000000000000                __fast_size__ = SIZEOF (.fast)
                0x0000000000005ae8                __fast_load_end__ = (__fast_load_start__ + SIZEOF (.fast))
                0x0000000000000001                . = ASSERT (((__fast_load_start__ == __fast_load_end__) || ((__fast_load_end__ - __FLASH_segment_start__) <= __FLASH_segment_size__)), error: .fast is too large to fit in FLASH memory segment)

.fast_run       0x0000000020000000        0x0
                0x0000000020000000                __fast_run_start__ = .
                0x0000000020000000                . = MAX ((__fast_run_start__ + SIZEOF (.fast)), .)
                0x0000000020000000                __fast_run_end__ = (__fast_run_start__ + SIZEOF (.fast_run))
                0x0000000000000000                __fast_run_size__ = SIZEOF (.fast_run)
                0x0000000020000000                __fast_run_load_end__ = __fast_run_end__
                0x0000000000000001                . = ASSERT (((__fast_run_start__ == __fast_run_end__) || ((__fast_run_end__ - __RAM_segment_start__) <= __RAM_segment_size__)), error: .fast_run is too large to fit in RAM memory segment)
                0x0000000000005ae8                __data_load_start__ = ALIGN ((__fast_load_start__ + SIZEOF (.fast)), 0x4)

.data           0x0000000020000000       0x4c load address 0x0000000000005ae8
                0x0000000020000000                __data_start__ = .
 *(.data .data.* .gnu.linkonce.d.*)
 .data.m_uart   0x0000000020000000       0x14 Output/transmitter_pca10040 Release/Obj/nrf_log_backend_uart.o
                0x0000000020000000                m_uart
 .data.log_backend_cb_rtt_log_backend
                0x0000000020000014        0x8 Output/transmitter_pca10040 Release/Obj/nrf_log_default_backends.o
 .data.log_backend_cb_uart_log_backend
                0x000000002000001c        0x8 Output/transmitter_pca10040 Release/Obj/nrf_log_default_backends.o
 .data.m_rtc_inst
                0x0000000020000024        0x8 Output/transmitter_pca10040 Release/Obj/app_timer2.o
 .data.m_device_num
                0x000000002000002c        0x1 Output/transmitter_pca10040 Release/Obj/time_sync - KF - status.o
 .data.send_timeslot
                0x000000002000002d        0x1 Output/transmitter_pca10040 Release/Obj/time_sync - KF - status.o
                0x000000002000002d                send_timeslot
 *fill*         0x000000002000002e        0x2 
 .data.skew     0x0000000020000030        0x4 Output/transmitter_pca10040 Release/Obj/time_sync - KF - status.o
 .data.SystemCoreClock
                0x0000000020000034        0x4 Output/transmitter_pca10040 Release/Obj/system_nrf52.o
                0x0000000020000034                SystemCoreClock
 .data.libc.__RAL_global_locale
                0x0000000020000038       0x14 D:/SEGGER/SEGGER Embedded Studio for ARM 4.30/lib/libc_v7em_fpv4_sp_d16_hard_t_le_eabi.a(libc2.o)
                0x0000000020000038                __RAL_global_locale
                0x000000002000004c                __data_end__ = (__data_start__ + SIZEOF (.data))
                0x000000000000004c                __data_size__ = SIZEOF (.data)
                0x0000000000005b34                __data_load_end__ = (__data_load_start__ + SIZEOF (.data))

.igot.plt       0x0000000100000000        0x0
 .igot.plt      0x0000000100000000        0x0 Output/transmitter_pca10040 Release/Obj/thumb_crt0.o
                0x0000000000000001                . = ASSERT (((__data_load_start__ == __data_load_end__) || ((__data_load_end__ - __FLASH_segment_start__) <= __FLASH_segment_size__)), error: .data is too large to fit in FLASH memory segment)

.data_run       0x0000000020000000       0x4c load address 0x0000000000005ae8
                0x0000000020000000                __data_run_start__ = .
                0x000000002000004c                . = MAX ((__data_run_start__ + SIZEOF (.data)), .)
 *fill*         0x0000000020000000       0x4c 
                0x000000002000004c                __data_run_end__ = (__data_run_start__ + SIZEOF (.data_run))
                0x000000000000004c                __data_run_size__ = SIZEOF (.data_run)
                0x000000002000004c                __data_run_load_end__ = __data_run_end__
                0x0000000000000001                . = ASSERT (((__data_run_start__ == __data_run_end__) || ((__data_run_end__ - __RAM_segment_start__) <= __RAM_segment_size__)), error: .data_run is too large to fit in RAM memory segment)
                0x0000000000005b34                __tdata_load_start__ = ALIGN ((__data_load_start__ + SIZEOF (.data)), 0x4)

.tdata          0x000000002000004c        0x0 load address 0x0000000000005b34
                0x000000002000004c                __tdata_start__ = .
 *(.tdata .tdata.*)
                0x000000002000004c                __tdata_end__ = (__tdata_start__ + SIZEOF (.tdata))
                0x0000000000000000                __tdata_size__ = SIZEOF (.tdata)
                0x0000000000005b34                __tdata_load_end__ = (__tdata_load_start__ + SIZEOF (.tdata))
                0x0000000000005b34                __FLASH_segment_used_end__ = (ALIGN ((__data_load_start__ + SIZEOF (.data)), 0x4) + SIZEOF (.tdata))
                0x0000000000005b34                __FLASH_segment_used_size__ = (__FLASH_segment_used_end__ - __FLASH_segment_start__)
                0x0000000000000001                . = ASSERT (((__tdata_load_start__ == __tdata_load_end__) || ((__tdata_load_end__ - __FLASH_segment_start__) <= __FLASH_segment_size__)), error: .tdata is too large to fit in FLASH memory segment)

.tdata_run      0x000000002000004c        0x0
                0x000000002000004c                __tdata_run_start__ = .
                0x000000002000004c                . = MAX ((__tdata_run_start__ + SIZEOF (.tdata)), .)
                0x000000002000004c                __tdata_run_end__ = (__tdata_run_start__ + SIZEOF (.tdata_run))
                0x0000000000000000                __tdata_run_size__ = SIZEOF (.tdata_run)
                0x000000002000004c                __tdata_run_load_end__ = __tdata_run_end__
                0x0000000000000001                . = ASSERT (((__tdata_run_start__ == __tdata_run_end__) || ((__tdata_run_end__ - __RAM_segment_start__) <= __RAM_segment_size__)), error: .tdata_run is too large to fit in RAM memory segment)
                0x000000002000004c                __bss_load_start__ = ALIGN (__tdata_run_end__, 0x4)

.bss            0x000000002000004c      0xde4
                0x000000002000004c                __bss_start__ = .
 *(.bss .bss.* .gnu.linkonce.b.*)
 .bss.m_host_present
                0x000000002000004c        0x1 Output/transmitter_pca10040 Release/Obj/nrf_log_backend_rtt.o
 .bss.m_string_buff
                0x000000002000004d       0x40 Output/transmitter_pca10040 Release/Obj/nrf_log_backend_rtt.o
 .bss.m_async_mode
                0x000000002000008d        0x1 Output/transmitter_pca10040 Release/Obj/nrf_log_backend_uart.o
 .bss.m_string_buff
                0x000000002000008e       0x40 Output/transmitter_pca10040 Release/Obj/nrf_log_backend_uart.o
 .bss.m_xfer_done
                0x00000000200000ce        0x1 Output/transmitter_pca10040 Release/Obj/nrf_log_backend_uart.o
 *fill*         0x00000000200000cf        0x1 
 .bss.log_mempool_nrf_balloc_cb
                0x00000000200000d0        0x8 Output/transmitter_pca10040 Release/Obj/nrf_log_frontend.o
 .bss.log_mempool_nrf_balloc_pool_mem
                0x00000000200000d8       0xc0 Output/transmitter_pca10040 Release/Obj/nrf_log_frontend.o
 .bss.log_mempool_nrf_balloc_pool_stack
                0x0000000020000198        0x8 Output/transmitter_pca10040 Release/Obj/nrf_log_frontend.o
 .bss.m_log_data
                0x00000000200001a0      0x424 Output/transmitter_pca10040 Release/Obj/nrf_log_frontend.o
 .bss.m_log_push_ringbuf_buf
                0x00000000200005c4       0x80 Output/transmitter_pca10040 Release/Obj/nrf_log_frontend.o
 .bss.m_log_push_ringbuf_cb
                0x0000000020000644       0x18 Output/transmitter_pca10040 Release/Obj/nrf_log_frontend.o
 .bss.m_button_count
                0x000000002000065c        0x1 Output/transmitter_pca10040 Release/Obj/app_button.o
 *fill*         0x000000002000065d        0x3 
 .bss.m_detection_delay
                0x0000000020000660        0x4 Output/transmitter_pca10040 Release/Obj/app_button.o
 *fill*         0x0000000020000664        0x4 
 .bss.m_detection_delay_timer_id_data
                0x0000000020000668       0x20 Output/transmitter_pca10040 Release/Obj/app_button.o
 .bss.m_pin_active
                0x0000000020000688        0x8 Output/transmitter_pca10040 Release/Obj/app_button.o
 .bss.m_pin_states
                0x0000000020000690       0x10 Output/transmitter_pca10040 Release/Obj/app_button.o
 .bss.mp_buttons
                0x00000000200006a0        0x4 Output/transmitter_pca10040 Release/Obj/app_button.o
 .bss.m_app_timer_sortlist_sortlist_cb
                0x00000000200006a4        0x4 Output/transmitter_pca10040 Release/Obj/app_timer2.o
 .bss.m_base_counter
                0x00000000200006a8        0x8 Output/transmitter_pca10040 Release/Obj/app_timer2.o
 .bss.m_global_active
                0x00000000200006b0        0x1 Output/transmitter_pca10040 Release/Obj/app_timer2.o
 *fill*         0x00000000200006b1        0x3 
 .bss.m_req_fifo_data
                0x00000000200006b4       0x58 Output/transmitter_pca10040 Release/Obj/app_timer2.o
 .bss.m_req_fifo_inst
                0x000000002000070c       0x10 Output/transmitter_pca10040 Release/Obj/app_timer2.o
 *fill*         0x000000002000071c        0x4 
 .bss.m_stamp64
                0x0000000020000720        0x8 Output/transmitter_pca10040 Release/Obj/app_timer2.o
 .bss.mp_active_timer
                0x0000000020000728        0x4 Output/transmitter_pca10040 Release/Obj/app_timer2.o
 .bss.m_in_critical_region
                0x000000002000072c        0x4 Output/transmitter_pca10040 Release/Obj/app_util_platform.o
 .bss.m_cb      0x0000000020000730        0x8 Output/transmitter_pca10040 Release/Obj/drv_rtc.o
 .bss.m_handlers
                0x0000000020000738        0x4 Output/transmitter_pca10040 Release/Obj/drv_rtc.o
 .bss.m_contexts
                0x000000002000073c        0x4 Output/transmitter_pca10040 Release/Obj/nrf_drv_uart.o
 .bss.m_handlers
                0x0000000020000740        0x4 Output/transmitter_pca10040 Release/Obj/nrf_drv_uart.o
 .bss.nrf_drv_uart_use_easy_dma
                0x0000000020000744        0x1 Output/transmitter_pca10040 Release/Obj/nrf_drv_uart.o
                0x0000000020000744                nrf_drv_uart_use_easy_dma
 *fill*         0x0000000020000745        0x3 
 .bss.m_cb      0x0000000020000748       0x5c Output/transmitter_pca10040 Release/Obj/nrfx_gpiote.o
 .bss.m_prs_box_4
                0x00000000200007a4        0x8 Output/transmitter_pca10040 Release/Obj/nrfx_prs.o
 .bss.m_cb      0x00000000200007ac       0x2c Output/transmitter_pca10040 Release/Obj/nrfx_uart.o
 .bss.m_cb      0x00000000200007d8       0x24 Output/transmitter_pca10040 Release/Obj/nrfx_uarte.o
 .bss.current_long_push_pin_no.8166
                0x00000000200007fc        0x1 Output/transmitter_pca10040 Release/Obj/bsp.o
 .bss.m_alert_on
                0x00000000200007fd        0x1 Output/transmitter_pca10040 Release/Obj/bsp.o
 *fill*         0x00000000200007fe        0x2 
 .bss.m_bsp_alert_tmr_data
                0x0000000020000800       0x20 Output/transmitter_pca10040 Release/Obj/bsp.o
 .bss.m_bsp_button_tmr_data
                0x0000000020000820       0x20 Output/transmitter_pca10040 Release/Obj/bsp.o
 .bss.m_bsp_leds_tmr_data
                0x0000000020000840       0x20 Output/transmitter_pca10040 Release/Obj/bsp.o
 .bss.m_events_list
                0x0000000020000860        0xc Output/transmitter_pca10040 Release/Obj/bsp.o
 .bss.m_indication_type
                0x000000002000086c        0x4 Output/transmitter_pca10040 Release/Obj/bsp.o
 .bss.m_leds_clear
                0x0000000020000870        0x1 Output/transmitter_pca10040 Release/Obj/bsp.o
 *fill*         0x0000000020000871        0x3 
 .bss.m_registered_callback
                0x0000000020000874        0x4 Output/transmitter_pca10040 Release/Obj/bsp.o
 .bss.m_stable_state
                0x0000000020000878        0x1 Output/transmitter_pca10040 Release/Obj/bsp.o
 .bss.release_event_at_push.8167
                0x0000000020000879        0x4 Output/transmitter_pca10040 Release/Obj/bsp.o
 *fill*         0x000000002000087d        0x3 
 .bss.A         0x0000000020000880       0x24 Output/transmitter_pca10040 Release/Obj/time_sync - KF - status.o
 .bss.H         0x00000000200008a4       0x18 Output/transmitter_pca10040 Release/Obj/time_sync - KF - status.o
 .bss.K         0x00000000200008bc       0x18 Output/transmitter_pca10040 Release/Obj/time_sync - KF - status.o
 .bss.P         0x00000000200008d4       0x24 Output/transmitter_pca10040 Release/Obj/time_sync - KF - status.o
 .bss.R         0x00000000200008f8        0x8 Output/transmitter_pca10040 Release/Obj/time_sync - KF - status.o
 .bss.S         0x0000000020000900        0x8 Output/transmitter_pca10040 Release/Obj/time_sync - KF - status.o
 .bss.W         0x0000000020000908        0xc Output/transmitter_pca10040 Release/Obj/time_sync - KF - status.o
 .bss.ask_time  0x0000000020000914        0x4 Output/transmitter_pca10040 Release/Obj/time_sync - KF - status.o
 .bss.cur_point
                0x0000000020000918        0x1 Output/transmitter_pca10040 Release/Obj/time_sync - KF - status.o
 *fill*         0x0000000020000919        0x3 
 .bss.cur_time_receive
                0x000000002000091c        0x4 Output/transmitter_pca10040 Release/Obj/time_sync - KF - status.o
 .bss.delay     0x0000000020000920        0x4 Output/transmitter_pca10040 Release/Obj/time_sync - KF - status.o
 .bss.kk        0x0000000020000924        0x8 Output/transmitter_pca10040 Release/Obj/time_sync - KF - status.o
 .bss.last_count
                0x000000002000092c        0x4 Output/transmitter_pca10040 Release/Obj/time_sync - KF - status.o
 .bss.last_period
                0x0000000020000930       0x10 Output/transmitter_pca10040 Release/Obj/time_sync - KF - status.o
 .bss.m_ask_period
                0x0000000020000940        0x2 Output/transmitter_pca10040 Release/Obj/time_sync - KF - status.o
 *fill*         0x0000000020000942        0x2 
 .bss.m_blocked_cancelled_count
                0x0000000020000944        0x4 Output/transmitter_pca10040 Release/Obj/time_sync - KF - status.o
 .bss.m_params  0x0000000020000948       0x20 Output/transmitter_pca10040 Release/Obj/time_sync - KF - status.o
 .bss.m_period  0x0000000020000968        0x1 Output/transmitter_pca10040 Release/Obj/time_sync - KF - status.o
 .bss.m_radio_state
                0x0000000020000969        0x1 Output/transmitter_pca10040 Release/Obj/time_sync - KF - status.o
 *fill*         0x000000002000096a        0x2 
 .bss.m_rcv_count
                0x000000002000096c        0x4 Output/transmitter_pca10040 Release/Obj/time_sync - KF - status.o
 .bss.m_send_sync_pkt
                0x0000000020000970        0x1 Output/transmitter_pca10040 Release/Obj/time_sync - KF - status.o
 *fill*         0x0000000020000971        0x3 
 .bss.m_sync_pkt_pool_nrf_balloc_cb
                0x0000000020000974        0x8 Output/transmitter_pca10040 Release/Obj/time_sync - KF - status.o
 .bss.m_sync_pkt_pool_nrf_balloc_pool_mem
                0x000000002000097c      0x1b8 Output/transmitter_pca10040 Release/Obj/time_sync - KF - status.o
 .bss.m_sync_pkt_pool_nrf_balloc_pool_stack
                0x0000000020000b34        0xa Output/transmitter_pca10040 Release/Obj/time_sync - KF - status.o
 .bss.m_timeslot_session_open
                0x0000000020000b3e        0x1 Output/transmitter_pca10040 Release/Obj/time_sync - KF - status.o
 *fill*         0x0000000020000b3f        0x1 
 .bss.offset    0x0000000020000b40        0x4 Output/transmitter_pca10040 Release/Obj/time_sync - KF - status.o
 .bss.p_prior   0x0000000020000b44       0x24 Output/transmitter_pca10040 Release/Obj/time_sync - KF - status.o
 .bss.pkt_send_in_last
                0x0000000020000b68        0x1 Output/transmitter_pca10040 Release/Obj/time_sync - KF - status.o
 *fill*         0x0000000020000b69        0x3 
 .bss.pri_count
                0x0000000020000b6c        0x4 Output/transmitter_pca10040 Release/Obj/time_sync - KF - status.o
 .bss.pri_time_receive
                0x0000000020000b70        0x4 Output/transmitter_pca10040 Release/Obj/time_sync - KF - status.o
 .bss.pri_time_update
                0x0000000020000b74        0x4 Output/transmitter_pca10040 Release/Obj/time_sync - KF - status.o
 .bss.send_time_estimate
                0x0000000020000b78        0x4 Output/transmitter_pca10040 Release/Obj/time_sync - KF - status.o
 .bss.time      0x0000000020000b7c        0x4 Output/transmitter_pca10040 Release/Obj/time_sync - KF - status.o
 .bss.timer_offset
                0x0000000020000b80       0x10 Output/transmitter_pca10040 Release/Obj/time_sync - KF - status.o
 .bss.x_est     0x0000000020000b90        0xc Output/transmitter_pca10040 Release/Obj/time_sync - KF - status.o
 .bss.x_prior   0x0000000020000b9c        0xc Output/transmitter_pca10040 Release/Obj/time_sync - KF - status.o
 .bss._SEGGER_RTT
                0x0000000020000ba8       0x78 Output/transmitter_pca10040 Release/Obj/SEGGER_RTT.o
                0x0000000020000ba8                _SEGGER_RTT
 .bss._acDownBuffer
                0x0000000020000c20       0x10 Output/transmitter_pca10040 Release/Obj/SEGGER_RTT.o
 .bss._acUpBuffer
                0x0000000020000c30      0x200 Output/transmitter_pca10040 Release/Obj/SEGGER_RTT.o
 *(COMMON)
                0x0000000020000e30                __bss_end__ = (__bss_start__ + SIZEOF (.bss))
                0x0000000000000de4                __bss_size__ = SIZEOF (.bss)
                0x0000000020000e30                __bss_load_end__ = __bss_end__
                0x0000000000000001                . = ASSERT (((__bss_start__ == __bss_end__) || ((__bss_end__ - __RAM_segment_start__) <= __RAM_segment_size__)), error: .bss is too large to fit in RAM memory segment)
                0x0000000020000e30                __tbss_load_start__ = ALIGN (__bss_end__, 0x4)

.tbss           0x0000000020000e30        0x0
                0x0000000020000e30                __tbss_start__ = .
 *(.tbss .tbss.*)
                0x0000000020000e30                __tbss_end__ = (__tbss_start__ + SIZEOF (.tbss))
                0x0000000000000000                __tbss_size__ = SIZEOF (.tbss)
                0x0000000020000e30                __tbss_load_end__ = __tbss_end__
                0x0000000000000001                . = ASSERT (((__tbss_start__ == __tbss_end__) || ((__tbss_end__ - __RAM_segment_start__) <= __RAM_segment_size__)), error: .tbss is too large to fit in RAM memory segment)
                0x0000000020000e30                __non_init_load_start__ = ALIGN (__tbss_end__, 0x4)

.non_init       0x0000000020000e30        0x0
                0x0000000020000e30                __non_init_start__ = .
 *(.non_init .non_init.*)
                0x0000000020000e30                __non_init_end__ = (__non_init_start__ + SIZEOF (.non_init))
                0x0000000000000000                __non_init_size__ = SIZEOF (.non_init)
                0x0000000020000e30                __non_init_load_end__ = __non_init_end__
                0x0000000000000001                . = ASSERT (((__non_init_start__ == __non_init_end__) || ((__non_init_end__ - __RAM_segment_start__) <= __RAM_segment_size__)), error: .non_init is too large to fit in RAM memory segment)
                0x0000000020000e30                __heap_load_start__ = ALIGN (__non_init_end__, 0x4)

.heap           0x0000000020000e30     0x2000
                0x0000000020000e30                __heap_start__ = .
 *(.heap .heap.*)
                0x0000000020002e30                . = ALIGN (MAX ((__heap_start__ + __HEAPSIZE__), .), 0x4)
 *fill*         0x0000000020000e30     0x2000 
                0x0000000020002e30                __heap_end__ = (__heap_start__ + SIZEOF (.heap))
                0x0000000000002000                __heap_size__ = SIZEOF (.heap)
                0x0000000020002e30                __heap_load_end__ = __heap_end__
                0x0000000000000001                . = ASSERT (((__heap_start__ == __heap_end__) || ((__heap_end__ - __RAM_segment_start__) <= __RAM_segment_size__)), error: .heap is too large to fit in RAM memory segment)
                0x000000002000e000                __stack_load_start__ = (__RAM_segment_start__ + (__RAM_segment_size__ - 0x2000))

.stack          0x000000002000e000     0x2000
                0x000000002000e000                __stack_start__ = .
                0x000000002000e000                __StackLimit = __stack_start__
 *(.stack .stack.*)
                0x0000000020010000                . = ALIGN (MAX ((__stack_start__ + __STACKSIZE__), .), 0x8)
 *fill*         0x000000002000e000     0x2000 
                0x0000000020010000                __stack_end__ = (__stack_start__ + SIZEOF (.stack))
                0x0000000000002000                __stack_size__ = SIZEOF (.stack)
                0x0000000020010000                __StackTop = __stack_end__